// Vitest Snapshot v1, https://vitest.dev/guide/snapshot.html

exports[`BankReceiptBatch > 快照匹配 1`] = `
<div>
  <div
    class="space-y-6"
  >
    <div
      class="flex items-center justify-between"
    >
      <h2
        class="text-base font-semibold tracking-tight text-[color:var(--fg)]"
      >
        银行回单批量解析
      </h2>
      <button
        class="px-4 py-2 text-sm font-medium text-[color:var(--fg-2)] bg-[color:var(--card)] border border-[color:var(--border)] rounded-md hover:bg-[color:var(--panel-2)]"
      >
        返回
      </button>
    </div>
    <div
      class="
          relative border-2 border-dashed rounded-lg p-12 text-center cursor-pointer
          transition-colors duration-200
          border-[color:var(--border)] bg-[color:var(--panel-2)] hover:bg-[color:var(--panel-2)]
        "
    >
      <input
        accept=".jpg,.jpeg,.png,.pdf"
        class="hidden"
        multiple=""
        type="file"
      />
      <div
        class="space-y-4"
      >
        <div
          class="text-6xl"
        >
          📄
        </div>
        <div>
          <p
            class="text-lg font-medium text-[color:var(--fg)]"
          >
            拖拽文件到此处，或 
            <span
              class="text-[color:var(--accent)]"
            >
              点击选择
            </span>
          </p>
          <p
            class="text-sm text-[color:var(--muted)] mt-1"
          >
            支持 jpg、png、pdf 格式，可多选
          </p>
        </div>
      </div>
    </div>
    <div
      class="flex justify-end space-x-4"
    >
      <button
        class="px-6 py-2 text-sm font-medium text-[color:var(--fg-2)] bg-[color:var(--card)] border border-[color:var(--border)] rounded-md hover:bg-[color:var(--panel-2)]"
      >
        取消
      </button>
      <button
        class="
            px-6 py-2 text-sm font-medium text-white rounded-md
            bg-[color:var(--muted)] cursor-not-allowed
          "
        disabled=""
      >
        开始解析
      </button>
    </div>
  </div>
</div>
`;
