
> engineering-manager@3.0.0 prebuild
> node scripts/generate-installer-assets.js

✓ header.bmp
✓ welcome.bmp
✓ app-icon.png

✓ Done → E:\测试\public\installer-assets

> engineering-manager@3.0.0 build
> node scripts/check-rules.js && "D:\Program Files\nodejs\node.exe" node_modules/typescript/bin/tsc && "D:\Program Files\nodejs\node.exe" node_modules/vite/bin/vite.js build && node scripts/remove-charts-preload.js && electron-builder


═══ 铁律一：文件行数检查 ═══
  SOFT WARN  src\components\ContractDashboard.tsx: 352 行 (建议 ≤350)
  SOFT WARN  src\components\ContractPage.tsx: 411 行 (建议 ≤350)
  SOFT WARN  src\components\ContractTemplates.tsx: 436 行 (建议 ≤350)
  SOFT WARN  src\components\Dashboard.tsx: 445 行 (建议 ≤350)
  SOFT WARN  src\components\Drawings.tsx: 492 行 (建议 ≤350)
  SOFT WARN  src\components\Members.tsx: 481 行 (建议 ≤350)
  SOFT WARN  src\components\Partners.tsx: 376 行 (建议 ≤350)
  SOFT WARN  src\components\SettingsChangelog.tsx: 365 行 (建议 ≤350)
  SOFT WARN  src\components\Users.tsx: 413 行 (建议 ≤350)
  HARD FAIL  src\components\WageManagement.tsx: 532 行 (上限 500)
  SOFT WARN  src\components\features\costLedger\CategoryManager.tsx: 356 行 (建议 ≤250)
  SOFT WARN  src\components\features\costLedger\config.tsx: 307 行 (建议 ≤250)
  SOFT WARN  src\components\features\costLedger\CostLedgerImportModal.tsx: 295 行 (建议 ≤250)
  SOFT WARN  src\components\features\costLedger\CostLedgerList.tsx: 362 行 (建议 ≤250)
  SOFT WARN  src\components\features\costLedger\importComponents\ImportMappingStep.tsx: 315 行 (建议 ≤250)
  SOFT WARN  src\components\features\hr\StaffAttendance.tsx: 356 行 (建议 ≤250)
  SOFT WARN  src\components\features\hr\StaffList.tsx: 319 行 (建议 ≤250)
  SOFT WARN  src\components\features\hr\StaffPayroll.tsx: 361 行 (建议 ≤250)
  SOFT WARN  src\components\features\invoices\InvoiceForm.tsx: 325 行 (建议 ≤250)
  SOFT WARN  src\components\features\labor\LaborWorkerList.tsx: 310 行 (建议 ≤250)
  SOFT WARN  src\components\features\members\MemberCard.tsx: 317 行 (建议 ≤250)
  SOFT WARN  src\components\features\members\MemberDetail.tsx: 399 行 (建议 ≤250)
  SOFT WARN  src\components\features\members\MemberForm.tsx: 346 行 (建议 ≤250)
  SOFT WARN  src\components\features\members\WorkerImportModal.tsx: 363 行 (建议 ≤250)
  SOFT WARN  src\components\features\members\WorkerPickerModal.tsx: 364 行 (建议 ≤250)
  SOFT WARN  src\components\features\members\WorkerPoolForm.tsx: 257 行 (建议 ≤250)
  SOFT WARN  src\components\features\members\WorkerSection.tsx: 315 行 (建议 ≤250)
  SOFT WARN  src\components\features\members\WorkerSectionModals.tsx: 324 行 (建议 ≤250)
  SOFT WARN  src\components\features\partners\PartnerForm.tsx: 387 行 (建议 ≤250)
  SOFT WARN  src\components\features\projects\ProjectCommandCenter.tsx: 273 行 (建议 ≤250)
  SOFT WARN  src\components\features\projects\ProjectDetailTabs.tsx: 388 行 (建议 ≤250)
  SOFT WARN  src\components\features\settlement\SettlementForm.tsx: 315 行 (建议 ≤250)
  SOFT WARN  src\components\features\settlement\SettlementProjectDetail.tsx: 371 行 (建议 ≤250)
  SOFT WARN  src\components\features\wages\AttendanceImportModal.tsx: 371 行 (建议 ≤250)
  SOFT WARN  src\components\features\wages\BankReceiptBatch.tsx: 394 行 (建议 ≤250)
  SOFT WARN  src\components\features\wages\BankReceiptMatchConfirm.tsx: 372 行 (建议 ≤250)
  SOFT WARN  src\components\features\wages\WageDetailTab.tsx: 347 行 (建议 ≤250)
  SOFT WARN  electron\ipc-handlers\attendance.ts: 346 行 (建议 ≤200)
  SOFT WARN  electron\ipc-handlers\audit.ts: 201 行 (建议 ≤200)
  SOFT WARN  electron\ipc-handlers\auth.ts: 236 行 (建议 ≤200)
  SOFT WARN  electron\ipc-handlers\contracts.ts: 225 行 (建议 ≤200)
  SOFT WARN  electron\ipc-handlers\cost-ledger.ts: 289 行 (建议 ≤200)
  SOFT WARN  electron\ipc-handlers\invoices.ts: 328 行 (建议 ≤200)
  SOFT WARN  electron\ipc-handlers\members.ts: 324 行 (建议 ≤200)
  SOFT WARN  electron\ipc-handlers\ocr.ts: 206 行 (建议 ≤200)
  SOFT WARN  electron\ipc-handlers\partners.ts: 245 行 (建议 ≤200)
  SOFT WARN  electron\ipc-handlers\project-workers.ts: 243 行 (建议 ≤200)
  SOFT WARN  electron\ipc-handlers\settlements.ts: 300 行 (建议 ≤200)
  SOFT WARN  electron\ipc-handlers\sqlite-status.ts: 211 行 (建议 ≤200)
  SOFT WARN  electron\ipc-handlers\templates.ts: 205 行 (建议 ≤200)
  SOFT WARN  electron\ipc-handlers\wage-bank-receipt-batch.ts: 251 行 (建议 ≤200)
  SOFT WARN  electron\ipc-handlers\wage-bank-receipt.ts: 247 行 (建议 ≤200)
  SOFT WARN  electron\ipc-handlers\wages-queries.ts: 296 行 (建议 ≤200)
  SOFT WARN  src\hooks\AuthContext.tsx: 174 行 (建议 ≤150)
  SOFT WARN  src\hooks\useCRUDBase.ts: 246 行 (建议 ≤150)
  SOFT WARN  src\hooks\useDebounce.ts: 210 行 (建议 ≤150)
  SOFT WARN  src\hooks\useFileUpload.ts: 212 行 (建议 ≤150)
  SOFT WARN  src\hooks\useForm.ts: 208 行 (建议 ≤150)
  SOFT WARN  src\hooks\useIdCardOCR.ts: 235 行 (建议 ≤150)
  SOFT WARN  src\hooks\useInventoryPage.ts: 152 行 (建议 ≤150)
  SOFT WARN  src\hooks\useInvoicePage.ts: 238 行 (建议 ≤150)
  SOFT WARN  src\hooks\useInvoices.ts: 225 行 (建议 ≤150)
  SOFT WARN  src\hooks\useLocalStorage.ts: 221 行 (建议 ≤150)
  SOFT WARN  src\hooks\useMembers.ts: 245 行 (建议 ≤150)
  SOFT WARN  src\hooks\useModal.ts: 176 行 (建议 ≤150)
  SOFT WARN  src\hooks\usePartners.ts: 156 行 (建议 ≤150)
  SOFT WARN  src\hooks\usePermission.tsx: 161 行 (建议 ≤150)
  SOFT WARN  src\hooks\useProjects.ts: 239 行 (建议 ≤150)
  SOFT WARN  src\hooks\useWageManagement.ts: 164 行 (建议 ≤150)
  SOFT WARN  src\hooks\useWorkerTeams.ts: 248 行 (建议 ≤150)

═══ 铁律二：孪生文件检测 ═══

═══ 铁律四：useState 数量检查 ═══

═══ 铁律五：preload.ts 类型安全 ═══
  SOFT WARN  preload.ts: 60 处使用 any（待逐步类型化）

═══ 铁律六：代码分割检查 ═══

═══════════════════════════════════════
检查完成: 1 项违规, 70 项警告
═══════════════════════════════════════

BUILD BLOCKED: 1 项硬性规则违规。请修复后再构建。
