00:30:22 [vite] warning: `esbuild` option was specified by "vite:react-babel" plugin. This option is deprecated, please use `oxc` instead.
00:30:22 [vite] warning: `optimizeDeps.esbuildOptions` option was specified by "vite:react-babel" plugin. This option is deprecated, please use `optimizeDeps.rolldownOptions` instead.
Both esbuild and oxc options were set. oxc options will be used and esbuild options will be ignored. The following esbuild options were set: `{ jsx: 'automatic', jsxImportSource: undefined }`

[1m[30m[46m RUN [49m[39m[22m [36mv4.1.6 [39m[90mE:/娴嬭瘯[39m

 [31m鉂?[39m src/__tests__/components/features/costLedger/CategoryManager.test.tsx [2m([22m[2m0 test[22m[2m)[22m
 [31m鉂?[39m src/__tests__/components/Dashboard.test.tsx [2m([22m[2m0 test[22m[2m)[22m
 [31m鉂?[39m src/__tests__/components/WageManagement.test.tsx [2m([22m[2m8 tests[22m[2m | [22m[31m8 failed[39m[2m)[22m[32m 67[2mms[22m[39m
[31m       [31m脳[31m 搴旀覆鏌?dashboard 瑙嗗浘锛圵ageProjectList锛?[39m[32m 59[2mms[22m[39m
[31m       [31m脳[31m 搴旇皟鐢?getProjects 鍜?getWorkerTeams 鍔犺浇鍩虹鏁版嵁[39m[32m 1[2mms[22m[39m
[31m       [31m脳[31m 搴旇繃婊ゆ帀 archived 鐘舵€佺殑椤圭洰[39m[32m 0[2mms[22m[39m
[31m       [31m脳[31m 鐐瑰嚮椤圭洰鍗＄墖搴斿垏鎹㈠埌 cycle 瑙嗗浘[39m[32m 1[2mms[22m[39m
[31m       [31m脳[31m cycle 瑙嗗浘搴斾紶鍏ユ纭殑 project 鍜?month[39m[32m 1[2mms[22m[39m
[31m       [31m脳[31m loadBaseData 搴旀纭皟鐢?getProjects 鍜?getWorkerTeams[39m[32m 0[2mms[22m[39m
[31m       [31m脳[31m getProjects 澶辫触鏃跺簲闈欓粯澶勭悊锛堜笉宕╂簝锛?[39m[32m 0[2mms[22m[39m
[31m       [31m脳[31m 鍔犺浇鏁版嵁鏃朵笉搴斿穿婧?[39m[32m 0[2mms[22m[39m
 [31m鉂?[39m src/__tests__/hooks/useInvoicePage.test.ts [2m([22m[2m11 tests[22m[2m | [22m[31m3 failed[39m[2m)[22m[33m 900[2mms[22m[39m
[31m     [31m脳[31m 鎸傝浇鏃跺姞杞芥墍鏈夋暟鎹?[39m[32m 189[2mms[22m[39m
     [32m鉁?[39m filteredInvoices 鎸?type 绛涢€?[32m 85[2mms[22m[39m
     [32m鉁?[39m filteredInvoices 鎸?status 绛涢€?[32m 77[2mms[22m[39m
     [32m鉁?[39m filteredInvoices 鎸?projectId 绛涢€?[32m 76[2mms[22m[39m
     [32m鉁?[39m filteredInvoices 鎸夋棩鏈熻寖鍥寸瓫閫?[32m 81[2mms[22m[39m
[31m     [31m脳[31m filteredPayments 鎸?type 绛涢€?[39m[32m 75[2mms[22m[39m
     [32m鉁?[39m handleEditInvoice 璁剧疆缂栬緫鐘舵€?[32m 77[2mms[22m[39m
     [32m鉁?[39m handleStatusChange 鏇存柊鐘舵€?[32m 79[2mms[22m[39m
     [32m鉁?[39m setActiveTab 鍒囨崲[32m 3[2mms[22m[39m
     [32m鉁?[39m setPreview 璁剧疆棰勮[32m 75[2mms[22m[39m
[31m     [31m脳[31m filterPaymentProject 绛涢€変粯娆捐褰?[39m[32m 79[2mms[22m[39m
 [31m鉂?[39m src/__tests__/components/SettingsChangelog.test.tsx [2m([22m[2m6 tests[22m[2m | [22m[31m2 failed[39m[2m)[22m[33m 1029[2mms[22m[39m
     [32m鉁?[39m 搴旀樉绀烘爣棰樻洿鏂版棩蹇?[32m 296[2mms[22m[39m
[31m     [31m脳[31m 搴旀樉绀虹涓€涓増鏈彿 v2.12.0[39m[32m 265[2mms[22m[39m
     [32m鉁?[39m 搴旀樉绀?v1.0.0 鍙戝竷鏃ユ湡[32m 127[2mms[22m[39m
     [32m鉁?[39m 搴旀樉绀虹涓€鏉℃洿鏂版潯鐩?[32m 129[2mms[22m[39m
     [32m鉁?[39m 鐐瑰嚮鍏抽棴鎸夐挳搴旇皟鐢?onClose[32m 126[2mms[22m[39m
[31m     [31m脳[31m 鐐瑰嚮鑳屾櫙閬僵搴旇皟鐢?onClose[39m[32m 82[2mms[22m[39m
 [31m鉂?[39m src/__tests__/components/features/projects/ProjectForm.test.tsx [2m([22m[2m9 tests[22m[2m | [22m[31m9 failed[39m[2m)[22m[32m 69[2mms[22m[39m
[31m     [31m脳[31m renders in create mode[39m[32m 59[2mms[22m[39m
[31m     [31m脳[31m renders in edit mode with project data[39m[32m 1[2mms[22m[39m
[31m     [31m脳[31m updates form fields on user input[39m[32m 4[2mms[22m[39m
[31m     [31m脳[31m selects project manager[39m[32m 1[2mms[22m[39m
[31m     [31m脳[31m selects project status[39m[32m 1[2mms[22m[39m
[31m     [31m脳[31m calls onCancel when cancel button clicked[39m[32m 1[2mms[22m[39m
[31m     [31m脳[31m shows alert when submitting without project manager[39m[32m 1[2mms[22m[39m
[31m     [31m脳[31m submits form with valid data[39m[32m 0[2mms[22m[39m
[31m     [31m脳[31m submits edit form with updated data[39m[32m 1[2mms[22m[39m
 [31m鉂?[39m src/__tests__/components/features/wages/BankReceiptBatch.test.tsx [2m([22m[2m3 tests[22m[2m | [22m[31m1 failed[39m[2m)[22m[33m 1342[2mms[22m[39m
     [33m[2m鉁?[22m[39m 娓叉煋姝ｅ父锛坰moke test锛?[33m 354[2mms[22m[39m
     [33m[2m鉁?[22m[39m 鐐瑰嚮鍙栨秷鎸夐挳璋冪敤 onCancel [33m 957[2mms[22m[39m
[31m     [31m脳[31m 蹇収鍖归厤[39m[32m 27[2mms[22m[39m
 [31m鉂?[39m src/__tests__/components/features/partners/PartnerForm.test.tsx [2m([22m[2m5 tests[22m[2m | [22m[31m5 failed[39m[2m)[22m[32m 78[2mms[22m[39m
[31m     [31m脳[31m renders in add mode[39m[32m 69[2mms[22m[39m
[31m     [31m脳[31m renders in edit mode with partner data[39m[32m 1[2mms[22m[39m
[31m     [31m脳[31m updates form fields on user input[39m[32m 4[2mms[22m[39m
[31m     [31m脳[31m calls onCancel when cancel button clicked[39m[32m 1[2mms[22m[39m
[31m     [31m脳[31m submits form with required fields[39m[32m 1[2mms[22m[39m
stderr | src/__tests__/components/features/contracts/ContractFormModal.test.tsx > ContractFormModal 鈥?Package B1 > 鍒涘缓妯″紡锛坕ncome锛夋覆鏌撴纭爣棰樺拰鎸夐挳
Warning: Each child in a list should have a unique "key" prop.

Check the render method of `Mock`. See https://reactjs.org/link/warning-keys for more information.
    at option
    at Mock (file:///E:/%E6%B5%8B%E8%AF%95/node_modules/@vitest/spy/dist/index.js:332:34)
    at div
    at div
    at form
    at div
    at div
    at HoverScrollbar (E:/娴嬭瘯/src/components/ui/HoverScrollbar.tsx:12:27)
    at div
    at div
    at AnimatePresence (E:/娴嬭瘯/src/__tests__/components/features/contracts/ContractFormModal.test.tsx:15:22)
    at Modal (E:/娴嬭瘯/src/components/ui/Modal/Modal.tsx:36:18)
    at ContractFormModal (E:/娴嬭瘯/src/components/features/contracts/ContractFormModal.tsx:43:30)

 [31m鉂?[39m src/__tests__/components/features/contracts/ContractFormModal.test.tsx [2m([22m[2m21 tests[22m[2m | [22m[31m10 failed[39m[2m)[22m[33m 968[2mms[22m[39m
     [32m鉁?[39m show=false 鏃朵笉娓叉煋[32m 93[2mms[22m[39m
     [32m鉁?[39m 鍒涘缓妯″紡锛坕ncome锛夋覆鏌撴纭爣棰樺拰鎸夐挳[32m 118[2mms[22m[39m
     [32m鉁?[39m 鍒涘缓妯″紡锛坋xpense锛夋覆鏌撴纭爣棰?[32m 28[2mms[22m[39m
     [32m鉁?[39m 缂栬緫妯″紡娓叉煋銆岀紪杈戝悎鍚屻€嶆爣棰樺苟濉厖琛ㄥ崟[32m 42[2mms[22m[39m
     [32m鉁?[39m 鐐瑰嚮鍙栨秷鎸夐挳璋冪敤 onClose[32m 220[2mms[22m[39m
     [32m鉁?[39m 娓叉煋鏂囦欢涓婁紶鍖哄煙[32m 32[2mms[22m[39m
[31m     [31m脳[31m 鍙互濉啓鍚堝悓鍚嶇О[39m[32m 16[2mms[22m[39m
[31m     [31m脳[31m 鍙互閫夋嫨鍏宠仈椤圭洰[39m[32m 25[2mms[22m[39m
[31m     [31m脳[31m 鍙互濉啓鍚堝悓閲戦[39m[32m 32[2mms[22m[39m
[31m     [31m脳[31m 鍚堝悓鍚嶇О涓虹┖鏃舵彁浜ゆ樉绀洪敊璇?toast[39m[32m 35[2mms[22m[39m
[31m     [31m脳[31m 鏈€夋嫨椤圭洰鏃舵彁浜ゆ樉绀洪敊璇?toast[39m[32m 27[2mms[22m[39m
[31m     [31m脳[31m 鍚堝悓閲戦涓?0 鏃讹紙闈炲崗璁被鍨嬶級鎻愪氦鏄剧ず閿欒 toast[39m[32m 16[2mms[22m[39m
[31m     [31m脳[31m CREATE锛氬～鍐欏畬鏁磋〃鍗曞悗鎻愪氦璋冪敤 createContract[39m[32m 14[2mms[22m[39m
[31m     [31m脳[31m CREATE 鎴愬姛鍚庤皟鐢?onClose 鍜?onSuccess[39m[32m 14[2mms[22m[39m
[31m     [31m脳[31m CREATE 鎴愬姛鍚庢樉绀烘垚鍔?toast[39m[32m 12[2mms[22m[39m
     [32m鉁?[39m UPDATE锛氱紪杈戞ā寮忔彁浜よ皟鐢?updateContract[32m 102[2mms[22m[39m
     [32m鉁?[39m UPDATE 鎴愬姛鍚庤皟鐢?logUpdate[32m 78[2mms[22m[39m
     [32m鉁?[39m type=agreement 鏃舵覆鏌撱€屾柊澧炲崗璁悎鍚屻€嶆爣棰?[32m 13[2mms[22m[39m
     [32m鉁?[39m type=agreement 鏃舵樉绀哄崗璁被鍨嬩笅鎷夋[32m 24[2mms[22m[39m
     [32m鉁?[39m type=agreement 鏃朵笉鏄剧ず浠樻鏂瑰紡涓嬫媺妗?[32m 8[2mms[22m[39m
[31m     [31m脳[31m type=agreement 鏃堕噾棰濅负闈炲繀濉紙涓嶆姤閲戦閿欒锛?[39m[32m 13[2mms[22m[39m
 [31m鉂?[39m src/__tests__/components/features/templates/TemplatePreview.test.tsx [2m([22m[2m4 tests[22m[2m | [22m[31m1 failed[39m[2m)[22m[32m 284[2mms[22m[39m
     [32m鉁?[39m 搴旀覆鏌撴ā鏉垮悕绉?[32m 147[2mms[22m[39m
     [32m鉁?[39m docx 绫诲瀷搴旇皟鐢?convertTemplateDocxToHtml[32m 26[2mms[22m[39m
     [32m鉁?[39m xlsx 绫诲瀷搴旇皟鐢?readFile[32m 84[2mms[22m[39m
[31m     [31m脳[31m 鍏抽棴鎸夐挳搴旇Е鍙?onClose[39m[32m 24[2mms[22m[39m
 [31m鉂?[39m src/__tests__/components/features/settlement/SettlementList.test.tsx [2m([22m[2m8 tests[22m[2m | [22m[31m3 failed[39m[2m)[22m[33m 395[2mms[22m[39m
     [32m鉁?[39m 绌哄垪琛ㄥ簲鏄剧ず绌虹姸鎬?[32m 190[2mms[22m[39m
     [32m鉁?[39m 搴旀覆鏌撶粨绠楀悕绉板拰缂栧彿[32m 46[2mms[22m[39m
     [32m鉁?[39m 搴旀覆鏌撳崟浣嶅拰鏃ユ湡[32m 38[2mms[22m[39m
     [32m鉁?[39m 搴旀覆鏌撻噾棰?[32m 17[2mms[22m[39m
     [32m鉁?[39m 搴旀覆鏌撶姸鎬佹爣绛?[32m 16[2mms[22m[39m
[31m     [31m脳[31m 搴旀覆鏌撴搷浣滄寜閽?[39m[32m 33[2mms[22m[39m
[31m     [31m脳[31m 鐐瑰嚮缂栬緫搴旇Е鍙?onEdit[39m[32m 35[2mms[22m[39m
[31m     [31m脳[31m 鐐瑰嚮鍒犻櫎搴旇Е鍙?onDelete[39m[32m 15[2mms[22m[39m
 [31m鉂?[39m src/__tests__/components/features/labor/WorkerWageModal.test.tsx [2m([22m[2m6 tests[22m[2m | [22m[31m1 failed[39m[2m)[22m[32m 262[2mms[22m[39m
     [32m鉁?[39m show=false 鏃朵笉娓叉煋[32m 62[2mms[22m[39m
     [32m鉁?[39m show=true 搴旀覆鏌撳脊绐?[32m 74[2mms[22m[39m
     [32m鉁?[39m 搴旇皟鐢?getWorkerStats API[32m 24[2mms[22m[39m
     [32m鉁?[39m 搴旀樉绀烘棤鏁版嵁鎻愮ず[32m 40[2mms[22m[39m
     [32m鉁?[39m 鏈夋暟鎹椂搴旀樉绀虹粺璁?[32m 45[2mms[22m[39m
[31m     [31m脳[31m 鐐瑰嚮鍏抽棴搴旇Е鍙?onClose[39m[32m 13[2mms[22m[39m
 [31m鉂?[39m src/__tests__/components/Settings.test.tsx [2m([22m[2m8 tests[22m[2m | [22m[31m2 failed[39m[2m)[22m[33m 2436[2mms[22m[39m
     [32m鉁?[39m 搴旀樉绀洪〉闈㈡爣棰?[32m 125[2mms[22m[39m
     [32m鉁?[39m 搴旀樉绀洪〉闈㈡弿杩?[32m 59[2mms[22m[39m
     [32m鉁?[39m 搴旀樉绀烘暟鎹瓨鍌ㄨ缃崱鐗?[32m 44[2mms[22m[39m
     [32m鉁?[39m 搴旀樉绀哄瑙備富棰樺崱鐗?[32m 31[2mms[22m[39m
[31m     [31m脳[31m 搴旀樉绀烘祬鑹叉ā寮忔寜閽?[39m[33m 1056[2mms[22m[39m
[31m     [31m脳[31m 搴旀樉绀烘繁鑹叉ā寮忔寜閽?[39m[33m 1048[2mms[22m[39m
     [32m鉁?[39m 搴旀樉绀哄紑鍙戝伐鍏峰崱鐗?[32m 27[2mms[22m[39m
     [32m鉁?[39m 搴旀樉绀烘墦寮€鎺у埗鍙版寜閽?[32m 43[2mms[22m[39m
 [31m鉂?[39m src/__tests__/components/features/projects/ProjectCard.test.tsx [2m([22m[2m6 tests[22m[2m | [22m[31m2 failed[39m[2m)[22m[32m 210[2mms[22m[39m
     [32m鉁?[39m 搴旀覆鏌撻」鐩悕绉?[32m 150[2mms[22m[39m
     [32m鉁?[39m 杩涜涓」鐩簲鏄剧ず杩涜涓爣绛?[32m 7[2mms[22m[39m
[31m     [31m脳[31m 宸插畬鎴愰」鐩簲鏄剧ず宸插畬鎴愭爣绛?[39m[32m 16[2mms[22m[39m
[31m     [31m脳[31m 绛瑰涓」鐩簲鏄剧ず绛瑰涓爣绛?[39m[32m 7[2mms[22m[39m
     [32m鉁?[39m 搴旀覆鏌撳仴搴风幆 SVG[32m 6[2mms[22m[39m
     [32m鉁?[39m 鐐瑰嚮鍗＄墖搴旇Е鍙?onClick[32m 20[2mms[22m[39m
 [31m鉂?[39m src/__tests__/components/features/templates/TemplateCard.test.tsx [2m([22m[2m8 tests[22m[2m | [22m[31m3 failed[39m[2m)[22m[32m 219[2mms[22m[39m
     [32m鉁?[39m 搴旀覆鏌撴ā鏉垮悕绉板拰鍒嗙被[32m 99[2mms[22m[39m
     [32m鉁?[39m xlsx 鏂囦欢搴旀樉绀烘纭浘鏍囪壊[32m 20[2mms[22m[39m
     [32m鉁?[39m 搴旀覆鏌撴弿杩?[32m 10[2mms[22m[39m
     [32m鉁?[39m 搴旀覆鏌撳彉閲忔爣绛?[32m 17[2mms[22m[39m
     [32m鉁?[39m 瓒呰繃 4 涓彉閲忓簲鏄剧ず +N[32m 17[2mms[22m[39m
[31m     [31m脳[31m 鐐瑰嚮棰勮鎸夐挳搴旇Е鍙?onPreview[39m[32m 29[2mms[22m[39m
[31m     [31m脳[31m 鐐瑰嚮鐢熸垚鎸夐挳搴旇Е鍙?onGenerate[39m[32m 16[2mms[22m[39m
[31m     [31m脳[31m 鐐瑰嚮缂栬緫鎸夐挳搴旇Е鍙?onEdit[39m[32m 8[2mms[22m[39m
 [31m鉂?[39m src/__tests__/components/DropdownMenu.test.tsx [2m([22m[2m0 test[22m[2m)[22m
 [31m鉂?[39m src/__tests__/components/features/invoices/PaymentStats.test.tsx [2m([22m[2m0 test[22m[2m)[22m
Error: Element type is invalid: expected a string (for built-in components) or a class/function (for composite components) but got: undefined. You likely forgot to export your component from the file it's defined in, or you might have mixed up default and named imports.

Check the render method of `Spinner`.
    at createFiberFromTypeAndProps (E:\娴嬭瘯\node_modules\react-dom\cjs\react-dom.development.js:28478:17)
    at createFiberFromElement (E:\娴嬭瘯\node_modules\react-dom\cjs\react-dom.development.js:28504:15)
    at createChild (E:\娴嬭瘯\node_modules\react-dom\cjs\react-dom.development.js:13345:28)
    at reconcileChildrenArray (E:\娴嬭瘯\node_modules\react-dom\cjs\react-dom.development.js:13640:25)
    at reconcileChildFibers (E:\娴嬭瘯\node_modules\react-dom\cjs\react-dom.development.js:14057:16)
    at reconcileChildren (E:\娴嬭瘯\node_modules\react-dom\cjs\react-dom.development.js:19186:28)
    at updateHostComponent (E:\娴嬭瘯\node_modules\react-dom\cjs\react-dom.development.js:19953:3)
    at beginWork (E:\娴嬭瘯\node_modules\react-dom\cjs\react-dom.development.js:21657:14)
    at HTMLUnknownElement.callCallback (E:\娴嬭瘯\node_modules\react-dom\cjs\react-dom.development.js:4164:14)
    at HTMLUnknownElement.callTheUserObjectsOperation (E:\娴嬭瘯\node_modules\jsdom\lib\generated\idl\EventListener.js:26:30)
Error: Element type is invalid: expected a string (for built-in components) or a class/function (for composite components) but got: undefined. You likely forgot to export your component from the file it's defined in, or you might have mixed up default and named imports.

Check the render method of `Spinner`.
    at createFiberFromTypeAndProps (E:\娴嬭瘯\node_modules\react-dom\cjs\react-dom.development.js:28478:17)
    at createFiberFromElement (E:\娴嬭瘯\node_modules\react-dom\cjs\react-dom.development.js:28504:15)
    at createChild (E:\娴嬭瘯\node_modules\react-dom\cjs\react-dom.development.js:13345:28)
    at reconcileChildrenArray (E:\娴嬭瘯\node_modules\react-dom\cjs\react-dom.development.js:13640:25)
    at reconcileChildFibers (E:\娴嬭瘯\node_modules\react-dom\cjs\react-dom.development.js:14057:16)
    at reconcileChildren (E:\娴嬭瘯\node_modules\react-dom\cjs\react-dom.development.js:19186:28)
    at updateHostComponent (E:\娴嬭瘯\node_modules\react-dom\cjs\react-dom.development.js:19953:3)
    at beginWork (E:\娴嬭瘯\node_modules\react-dom\cjs\react-dom.development.js:21657:14)
    at HTMLUnknownElement.callCallback (E:\娴嬭瘯\node_modules\react-dom\cjs\react-dom.development.js:4164:14)
    at HTMLUnknownElement.callTheUserObjectsOperation (E:\娴嬭瘯\node_modules\jsdom\lib\generated\idl\EventListener.js:26:30)
 [31m鉂?[39m src/__tests__/hooks/useDataPath.test.ts [2m([22m[2m9 tests[22m[2m | [22m[31m3 failed[39m[2m)[22m[33m 3855[2mms[22m[39m
     [32m鉁?[39m 鎸傝浇鏃跺簲鍔犺浇閰嶇疆[32m 181[2mms[22m[39m
     [32m鉁?[39m getConfig 澶辫触鏃朵粛搴旂粨鏉?loading[32m 81[2mms[22m[39m
[31m     [31m脳[31m handleChangeDataPath 鎴愬姛鏃跺簲鏇存柊璺緞骞惰缃秷鎭?[39m[33m 1095[2mms[22m[39m
     [32m鉁?[39m handleChangeDataPath 澶辫触鏃跺簲璁剧疆閿欒娑堟伅[32m 76[2mms[22m[39m
     [32m鉁?[39m handleChangeDataPath 寮傚父鏃跺簲璁剧疆閿欒娑堟伅[32m 71[2mms[22m[39m
[31m     [31m脳[31m handleResetToDefault 鐢ㄦ埛鍙栨秷鏃跺簲涓嶅仛鎿嶄綔[39m[32m 80[2mms[22m[39m
     [32m鉁?[39m handleResetToDefault 鎴愬姛鏃跺簲鎭㈠榛樿璺緞[32m 77[2mms[22m[39m
[31m     [31m脳[31m migrating 鍦ㄦ搷浣滄湡闂村簲涓?true[39m[33m 1091[2mms[22m[39m
     [33m[2m鉁?[22m[39m refresh 鍥炶皟搴斿湪鎴愬姛鏃惰皟鐢?[33m 1099[2mms[22m[39m
stderr | src/__tests__/components/ContractPage.test.tsx > ContractPage.tsx > 鏀跺叆绫诲瀷搴旀覆鏌撻〉闈㈡爣棰?Warning: React.jsx: type is invalid -- expected a string (for built-in components) or a class/function (for composite components) but got: undefined. You likely forgot to export your component from the file it's defined in, or you might have mixed up default and named imports.

Check your code at Spinner.tsx:58.
    at Spinner (E:/娴嬭瘯/src/components/ui/Spinner.tsx:14:20)
    at ContractPage (E:/娴嬭瘯/src/components/ContractPage.tsx:43:25)
Warning: React.jsx: type is invalid -- expected a string (for built-in components) or a class/function (for composite components) but got: undefined. You likely forgot to export your component from the file it's defined in, or you might have mixed up default and named imports.

Check your code at Spinner.tsx:58.
    at Spinner (E:/娴嬭瘯/src/components/ui/Spinner.tsx:14:20)
    at ContractPage (E:/娴嬭瘯/src/components/ContractPage.tsx:43:25)
The above error occurred in the <div> component:

    at div
    at div
    at Spinner (E:/娴嬭瘯/src/components/ui/Spinner.tsx:14:20)
    at ContractPage (E:/娴嬭瘯/src/components/ContractPage.tsx:43:25)

Consider adding an error boundary to your tree to customize error handling behavior.
Visit https://reactjs.org/link/error-boundaries to learn more about error boundaries.

Error: Element type is invalid: expected a string (for built-in components) or a class/function (for composite components) but got: undefined. You likely forgot to export your component from the file it's defined in, or you might have mixed up default and named imports.

Check the render method of `Spinner`.
    at createFiberFromTypeAndProps (E:\娴嬭瘯\node_modules\react-dom\cjs\react-dom.development.js:28478:17)
    at createFiberFromElement (E:\娴嬭瘯\node_modules\react-dom\cjs\react-dom.development.js:28504:15)
    at createChild (E:\娴嬭瘯\node_modules\react-dom\cjs\react-dom.development.js:13345:28)
    at reconcileChildrenArray (E:\娴嬭瘯\node_modules\react-dom\cjs\react-dom.development.js:13640:25)
    at reconcileChildFibers (E:\娴嬭瘯\node_modules\react-dom\cjs\react-dom.development.js:14057:16)
    at reconcileChildren (E:\娴嬭瘯\node_modules\react-dom\cjs\react-dom.development.js:19186:28)
    at updateHostComponent (E:\娴嬭瘯\node_modules\react-dom\cjs\react-dom.development.js:19953:3)
    at beginWork (E:\娴嬭瘯\node_modules\react-dom\cjs\react-dom.development.js:21657:14)
    at HTMLUnknownElement.callCallback (E:\娴嬭瘯\node_modules\react-dom\cjs\react-dom.development.js:4164:14)
    at HTMLUnknownElement.callTheUserObjectsOperation (E:\娴嬭瘯\node_modules\jsdom\lib\generated\idl\EventListener.js:26:30)
Error: Element type is invalid: expected a string (for built-in components) or a class/function (for composite components) but got: undefined. You likely forgot to export your component from the file it's defined in, or you might have mixed up default and named imports.

Check the render method of `Spinner`.
    at createFiberFromTypeAndProps (E:\娴嬭瘯\node_modules\react-dom\cjs\react-dom.development.js:28478:17)
    at createFiberFromElement (E:\娴嬭瘯\node_modules\react-dom\cjs\react-dom.development.js:28504:15)
    at createChild (E:\娴嬭瘯\node_modules\react-dom\cjs\react-dom.development.js:13345:28)
    at reconcileChildrenArray (E:\娴嬭瘯\node_modules\react-dom\cjs\react-dom.development.js:13640:25)
    at reconcileChildFibers (E:\娴嬭瘯\node_modules\react-dom\cjs\react-dom.development.js:14057:16)
    at reconcileChildren (E:\娴嬭瘯\node_modules\react-dom\cjs\react-dom.development.js:19186:28)
    at updateHostComponent (E:\娴嬭瘯\node_modules\react-dom\cjs\react-dom.development.js:19953:3)
    at beginWork (E:\娴嬭瘯\node_modules\react-dom\cjs\react-dom.development.js:21657:14)
    at HTMLUnknownElement.callCallback (E:\娴嬭瘯\node_modules\react-dom\cjs\react-dom.development.js:4164:14)
    at HTMLUnknownElement.callTheUserObjectsOperation (E:\娴嬭瘯\node_modules\jsdom\lib\generated\idl\EventListener.js:26:30)
Error: Element type is invalid: expected a string (for built-in components) or a class/function (for composite components) but got: undefined. You likely forgot to export your component from the file it's defined in, or you might have mixed up default and named imports.

Check the render method of `Spinner`.
    at createFiberFromTypeAndProps (E:\娴嬭瘯\node_modules\react-dom\cjs\react-dom.development.js:28478:17)
    at createFiberFromElement (E:\娴嬭瘯\node_modules\react-dom\cjs\react-dom.development.js:28504:15)
    at createChild (E:\娴嬭瘯\node_modules\react-dom\cjs\react-dom.development.js:13345:28)
    at reconcileChildrenArray (E:\娴嬭瘯\node_modules\react-dom\cjs\react-dom.development.js:13640:25)
    at reconcileChildFibers (E:\娴嬭瘯\node_modules\react-dom\cjs\react-dom.development.js:14057:16)
    at reconcileChildren (E:\娴嬭瘯\node_modules\react-dom\cjs\react-dom.development.js:19186:28)
    at updateHostComponent (E:\娴嬭瘯\node_modules\react-dom\cjs\react-dom.development.js:19953:3)
    at beginWork (E:\娴嬭瘯\node_modules\react-dom\cjs\react-dom.development.js:21657:14)
    at HTMLUnknownElement.callCallback (E:\娴嬭瘯\node_modules\react-dom\cjs\react-dom.development.js:4164:14)
    at HTMLUnknownElement.callTheUserObjectsOperation (E:\娴嬭瘯\node_modules\jsdom\lib\generated\idl\EventListener.js:26:30)
Error: Element type is invalid: expected a string (for built-in components) or a class/function (for composite components) but got: undefined. You likely forgot to export your component from the file it's defined in, or you might have mixed up default and named imports.

Check the render method of `Spinner`.
    at createFiberFromTypeAndProps (E:\娴嬭瘯\node_modules\react-dom\cjs\react-dom.development.js:28478:17)
    at createFiberFromElement (E:\娴嬭瘯\node_modules\react-dom\cjs\react-dom.development.js:28504:15)
    at createChild (E:\娴嬭瘯\node_modules\react-dom\cjs\react-dom.development.js:13345:28)
    at reconcileChildrenArray (E:\娴嬭瘯\node_modules\react-dom\cjs\react-dom.development.js:13640:25)
    at reconcileChildFibers (E:\娴嬭瘯\node_modules\react-dom\cjs\react-dom.development.js:14057:16)
    at reconcileChildren (E:\娴嬭瘯\node_modules\react-dom\cjs\react-dom.development.js:19186:28)
    at updateHostComponent (E:\娴嬭瘯\node_modules\react-dom\cjs\react-dom.development.js:19953:3)
    at beginWork (E:\娴嬭瘯\node_modules\react-dom\cjs\react-dom.development.js:21657:14)
    at HTMLUnknownElement.callCallback (E:\娴嬭瘯\node_modules\react-dom\cjs\react-dom.development.js:4164:14)
    at HTMLUnknownElement.callTheUserObjectsOperation (E:\娴嬭瘯\node_modules\jsdom\lib\generated\idl\EventListener.js:26:30)
Error: Element type is invalid: expected a string (for built-in components) or a class/function (for composite components) but got: undefined. You likely forgot to export your component from the file it's defined in, or you might have mixed up default and named imports.

Check the render method of `Spinner`.
    at createFiberFromTypeAndProps (E:\娴嬭瘯\node_modules\react-dom\cjs\react-dom.development.js:28478:17)
    at createFiberFromElement (E:\娴嬭瘯\node_modules\react-dom\cjs\react-dom.development.js:28504:15)
    at createChild (E:\娴嬭瘯\node_modules\react-dom\cjs\react-dom.development.js:13345:28)
    at reconcileChildrenArray (E:\娴嬭瘯\node_modules\react-dom\cjs\react-dom.development.js:13640:25)
    at reconcileChildFibers (E:\娴嬭瘯\node_modules\react-dom\cjs\react-dom.development.js:14057:16)
    at reconcileChildren (E:\娴嬭瘯\node_modules\react-dom\cjs\react-dom.development.js:19186:28)
    at updateHostComponent (E:\娴嬭瘯\node_modules\react-dom\cjs\react-dom.development.js:19953:3)
    at beginWork (E:\娴嬭瘯\node_modules\react-dom\cjs\react-dom.development.js:21657:14)
    at HTMLUnknownElement.callCallback (E:\娴嬭瘯\node_modules\react-dom\cjs\react-dom.development.js:4164:14)
    at HTMLUnknownElement.callTheUserObjectsOperation (E:\娴嬭瘯\node_modules\jsdom\lib\generated\idl\EventListener.js:26:30)
Error: Element type is invalid: expected a string (for built-in components) or a class/function (for composite components) but got: undefined. You likely forgot to export your component from the file it's defined in, or you might have mixed up default and named imports.

Check the render method of `Spinner`.
    at createFiberFromTypeAndProps (E:\娴嬭瘯\node_modules\react-dom\cjs\react-dom.development.js:28478:17)
    at createFiberFromElement (E:\娴嬭瘯\node_modules\react-dom\cjs\react-dom.development.js:28504:15)
    at createChild (E:\娴嬭瘯\node_modules\react-dom\cjs\react-dom.development.js:13345:28)
    at reconcileChildrenArray (E:\娴嬭瘯\node_modules\react-dom\cjs\react-dom.development.js:13640:25)
    at reconcileChildFibers (E:\娴嬭瘯\node_modules\react-dom\cjs\react-dom.development.js:14057:16)
    at reconcileChildren (E:\娴嬭瘯\node_modules\react-dom\cjs\react-dom.development.js:19186:28)
    at updateHostComponent (E:\娴嬭瘯\node_modules\react-dom\cjs\react-dom.development.js:19953:3)
    at beginWork (E:\娴嬭瘯\node_modules\react-dom\cjs\react-dom.development.js:21657:14)
    at HTMLUnknownElement.callCallback (E:\娴嬭瘯\node_modules\react-dom\cjs\react-dom.development.js:4164:14)
    at HTMLUnknownElement.callTheUserObjectsOperation (E:\娴嬭瘯\node_modules\jsdom\lib\generated\idl\EventListener.js:26:30)
Error: Element type is invalid: expected a string (for built-in components) or a class/function (for composite components) but got: undefined. You likely forgot to export your component from the file it's defined in, or you might have mixed up default and named imports.

Check the render method of `Spinner`.
    at createFiberFromTypeAndProps (E:\娴嬭瘯\node_modules\react-dom\cjs\react-dom.development.js:28478:17)
    at createFiberFromElement (E:\娴嬭瘯\node_modules\react-dom\cjs\react-dom.development.js:28504:15)
    at createChild (E:\娴嬭瘯\node_modules\react-dom\cjs\react-dom.development.js:13345:28)
    at reconcileChildrenArray (E:\娴嬭瘯\node_modules\react-dom\cjs\react-dom.development.js:13640:25)
    at reconcileChildFibers (E:\娴嬭瘯\node_modules\react-dom\cjs\react-dom.development.js:14057:16)
    at reconcileChildren (E:\娴嬭瘯\node_modules\react-dom\cjs\react-dom.development.js:19186:28)
    at updateHostComponent (E:\娴嬭瘯\node_modules\react-dom\cjs\react-dom.development.js:19953:3)
    at beginWork (E:\娴嬭瘯\node_modules\react-dom\cjs\react-dom.development.js:21657:14)
    at HTMLUnknownElement.callCallback (E:\娴嬭瘯\node_modules\react-dom\cjs\react-dom.development.js:4164:14)
    at HTMLUnknownElement.callTheUserObjectsOperation (E:\娴嬭瘯\node_modules\jsdom\lib\generated\idl\EventListener.js:26:30)
Error: Element type is invalid: expected a string (for built-in components) or a class/function (for composite components) but got: undefined. You likely forgot to export your component from the file it's defined in, or you might have mixed up default and named imports.

Check the render method of `Spinner`.
    at createFiberFromTypeAndProps (E:\娴嬭瘯\node_modules\react-dom\cjs\react-dom.development.js:28478:17)
    at createFiberFromElement (E:\娴嬭瘯\node_modules\react-dom\cjs\react-dom.development.js:28504:15)
    at createChild (E:\娴嬭瘯\node_modules\react-dom\cjs\react-dom.development.js:13345:28)
    at reconcileChildrenArray (E:\娴嬭瘯\node_modules\react-dom\cjs\react-dom.development.js:13640:25)
    at reconcileChildFibers (E:\娴嬭瘯\node_modules\react-dom\cjs\react-dom.development.js:14057:16)
    at reconcileChildren (E:\娴嬭瘯\node_modules\react-dom\cjs\react-dom.development.js:19186:28)
    at updateHostComponent (E:\娴嬭瘯\node_modules\react-dom\cjs\react-dom.development.js:19953:3)
    at beginWork (E:\娴嬭瘯\node_modules\react-dom\cjs\react-dom.development.js:21657:14)
    at HTMLUnknownElement.callCallback (E:\娴嬭瘯\node_modules\react-dom\cjs\react-dom.development.js:4164:14)
    at HTMLUnknownElement.callTheUserObjectsOperation (E:\娴嬭瘯\node_modules\jsdom\lib\generated\idl\EventListener.js:26:30)
Error: Element type is invalid: expected a string (for built-in components) or a class/function (for composite components) but got: undefined. You likely forgot to export your component from the file it's defined in, or you might have mixed up default and named imports.

Check the render method of `Spinner`.
    at createFiberFromTypeAndProps (E:\娴嬭瘯\node_modules\react-dom\cjs\react-dom.development.js:28478:17)
    at createFiberFromElement (E:\娴嬭瘯\node_modules\react-dom\cjs\react-dom.development.js:28504:15)
    at createChild (E:\娴嬭瘯\node_modules\react-dom\cjs\react-dom.development.js:13345:28)
    at reconcileChildrenArray (E:\娴嬭瘯\node_modules\react-dom\cjs\react-dom.development.js:13640:25)
    at reconcileChildFibers (E:\娴嬭瘯\node_modules\react-dom\cjs\react-dom.development.js:14057:16)
    at reconcileChildren (E:\娴嬭瘯\node_modules\react-dom\cjs\react-dom.development.js:19186:28)
    at updateHostComponent (E:\娴嬭瘯\node_modules\react-dom\cjs\react-dom.development.js:19953:3)
    at beginWork (E:\娴嬭瘯\node_modules\react-dom\cjs\react-dom.development.js:21657:14)
    at HTMLUnknownElement.callCallback (E:\娴嬭瘯\node_modules\react-dom\cjs\react-dom.development.js:4164:14)
    at HTMLUnknownElement.callTheUserObjectsOperation (E:\娴嬭瘯\node_modules\jsdom\lib\generated\idl\EventListener.js:26:30)
Error: Element type is invalid: expected a string (for built-in components) or a class/function (for composite components) but got: undefined. You likely forgot to export your component from the file it's defined in, or you might have mixed up default and named imports.

Check the render method of `Spinner`.
    at createFiberFromTypeAndProps (E:\娴嬭瘯\node_modules\react-dom\cjs\react-dom.development.js:28478:17)
    at createFiberFromElement (E:\娴嬭瘯\node_modules\react-dom\cjs\react-dom.development.js:28504:15)
    at createChild (E:\娴嬭瘯\node_modules\react-dom\cjs\react-dom.development.js:13345:28)
    at reconcileChildrenArray (E:\娴嬭瘯\node_modules\react-dom\cjs\react-dom.development.js:13640:25)
    at reconcileChildFibers (E:\娴嬭瘯\node_modules\react-dom\cjs\react-dom.development.js:14057:16)
    at reconcileChildren (E:\娴嬭瘯\node_modules\react-dom\cjs\react-dom.development.js:19186:28)
    at updateHostComponent (E:\娴嬭瘯\node_modules\react-dom\cjs\react-dom.development.js:19953:3)
    at beginWork (E:\娴嬭瘯\node_modules\react-dom\cjs\react-dom.development.js:21657:14)
    at HTMLUnknownElement.callCallback (E:\娴嬭瘯\node_modules\react-dom\cjs\react-dom.development.js:4164:14)
    at HTMLUnknownElement.callTheUserObjectsOperation (E:\娴嬭瘯\node_modules\jsdom\lib\generated\idl\EventListener.js:26:30)
Error: Element type is invalid: expected a string (for built-in components) or a class/function (for composite components) but got: undefined. You likely forgot to export your component from the file it's defined in, or you might have mixed up default and named imports.

Check the render method of `Spinner`.
    at createFiberFromTypeAndProps (E:\娴嬭瘯\node_modules\react-dom\cjs\react-dom.development.js:28478:17)
    at createFiberFromElement (E:\娴嬭瘯\node_modules\react-dom\cjs\react-dom.development.js:28504:15)
    at createChild (E:\娴嬭瘯\node_modules\react-dom\cjs\react-dom.development.js:13345:28)
    at reconcileChildrenArray (E:\娴嬭瘯\node_modules\react-dom\cjs\react-dom.development.js:13640:25)
    at reconcileChildFibers (E:\娴嬭瘯\node_modules\react-dom\cjs\react-dom.development.js:14057:16)
    at reconcileChildren (E:\娴嬭瘯\node_modules\react-dom\cjs\react-dom.development.js:19186:28)
    at updateHostComponent (E:\娴嬭瘯\node_modules\react-dom\cjs\react-dom.development.js:19953:3)
    at beginWork (E:\娴嬭瘯\node_modules\react-dom\cjs\react-dom.development.js:21657:14)
    at HTMLUnknownElement.callCallback (E:\娴嬭瘯\node_modules\react-dom\cjs\react-dom.development.js:4164:14)
    at HTMLUnknownElement.callTheUserObjectsOperation (E:\娴嬭瘯\node_modules\jsdom\lib\generated\idl\EventListener.js:26:30)
Error: Element type is invalid: expected a string (for built-in components) or a class/function (for composite components) but got: undefined. You likely forgot to export your component from the file it's defined in, or you might have mixed up default and named imports.

Check the render method of `Spinner`.
    at createFiberFromTypeAndProps (E:\娴嬭瘯\node_modules\react-dom\cjs\react-dom.development.js:28478:17)
    at createFiberFromElement (E:\娴嬭瘯\node_modules\react-dom\cjs\react-dom.development.js:28504:15)
    at createChild (E:\娴嬭瘯\node_modules\react-dom\cjs\react-dom.development.js:13345:28)
    at reconcileChildrenArray (E:\娴嬭瘯\node_modules\react-dom\cjs\react-dom.development.js:13640:25)
    at reconcileChildFibers (E:\娴嬭瘯\node_modules\react-dom\cjs\react-dom.development.js:14057:16)
    at reconcileChildren (E:\娴嬭瘯\node_modules\react-dom\cjs\react-dom.development.js:19186:28)
    at updateHostComponent (E:\娴嬭瘯\node_modules\react-dom\cjs\react-dom.development.js:19953:3)
    at beginWork (E:\娴嬭瘯\node_modules\react-dom\cjs\react-dom.development.js:21657:14)
    at HTMLUnknownElement.callCallback (E:\娴嬭瘯\node_modules\react-dom\cjs\react-dom.development.js:4164:14)
    at HTMLUnknownElement.callTheUserObjectsOperation (E:\娴嬭瘯\node_modules\jsdom\lib\generated\idl\EventListener.js:26:30)
stderr | src/__tests__/components/ContractPage.test.tsx > ContractPage.tsx > 鏀嚭绫诲瀷搴旀覆鏌撻〉闈㈡爣棰?Warning: React.jsx: type is invalid -- expected a string (for built-in components) or a class/function (for composite components) but got: undefined. You likely forgot to export your component from the file it's defined in, or you might have mixed up default and named imports.

Check your code at Spinner.tsx:58.
    at Spinner (E:/娴嬭瘯/src/components/ui/Spinner.tsx:14:20)
    at ContractPage (E:/娴嬭瘯/src/components/ContractPage.tsx:43:25)
Warning: React.jsx: type is invalid -- expected a string (for built-in components) or a class/function (for composite components) but got: undefined. You likely forgot to export your component from the file it's defined in, or you might have mixed up default and named imports.

Check your code at Spinner.tsx:58.
    at Spinner (E:/娴嬭瘯/src/components/ui/Spinner.tsx:14:20)
    at ContractPage (E:/娴嬭瘯/src/components/ContractPage.tsx:43:25)
The above error occurred in the <div> component:

    at div
    at div
    at Spinner (E:/娴嬭瘯/src/components/ui/Spinner.tsx:14:20)
    at ContractPage (E:/娴嬭瘯/src/components/ContractPage.tsx:43:25)

Consider adding an error boundary to your tree to customize error handling behavior.
Visit https://reactjs.org/link/error-boundaries to learn more about error boundaries.

stderr | src/__tests__/components/ContractPage.test.tsx > ContractPage.tsx > 鍗忚绫诲瀷搴旀覆鏌撻〉闈㈡爣棰?Warning: React.jsx: type is invalid -- expected a string (for built-in components) or a class/function (for composite components) but got: undefined. You likely forgot to export your component from the file it's defined in, or you might have mixed up default and named imports.

Check your code at Spinner.tsx:58.
    at Spinner (E:/娴嬭瘯/src/components/ui/Spinner.tsx:14:20)
    at ContractPage (E:/娴嬭瘯/src/components/ContractPage.tsx:43:25)
Warning: React.jsx: type is invalid -- expected a string (for built-in components) or a class/function (for composite components) but got: undefined. You likely forgot to export your component from the file it's defined in, or you might have mixed up default and named imports.

Check your code at Spinner.tsx:58.
    at Spinner (E:/娴嬭瘯/src/components/ui/Spinner.tsx:14:20)
    at ContractPage (E:/娴嬭瘯/src/components/ContractPage.tsx:43:25)
The above error occurred in the <div> component:

    at div
    at div
    at Spinner (E:/娴嬭瘯/src/components/ui/Spinner.tsx:14:20)
    at ContractPage (E:/娴嬭瘯/src/components/ContractPage.tsx:43:25)

Consider adding an error boundary to your tree to customize error handling behavior.
Visit https://reactjs.org/link/error-boundaries to learn more about error boundaries.

stderr | src/__tests__/components/ContractPage.test.tsx > ContractPage.tsx > 搴旀樉绀烘柊澧炲悎鍚屾寜閽?Warning: React.jsx: type is invalid -- expected a string (for built-in components) or a class/function (for composite components) but got: undefined. You likely forgot to export your component from the file it's defined in, or you might have mixed up default and named imports.

Check your code at Spinner.tsx:58.
    at Spinner (E:/娴嬭瘯/src/components/ui/Spinner.tsx:14:20)
    at ContractPage (E:/娴嬭瘯/src/components/ContractPage.tsx:43:25)
Warning: React.jsx: type is invalid -- expected a string (for built-in components) or a class/function (for composite components) but got: undefined. You likely forgot to export your component from the file it's defined in, or you might have mixed up default and named imports.

Check your code at Spinner.tsx:58.
    at Spinner (E:/娴嬭瘯/src/components/ui/Spinner.tsx:14:20)
    at ContractPage (E:/娴嬭瘯/src/components/ContractPage.tsx:43:25)
The above error occurred in the <div> component:

    at div
    at div
    at Spinner (E:/娴嬭瘯/src/components/ui/Spinner.tsx:14:20)
    at ContractPage (E:/娴嬭瘯/src/components/ContractPage.tsx:43:25)

Consider adding an error boundary to your tree to customize error handling behavior.
Visit https://reactjs.org/link/error-boundaries to learn more about error boundaries.

stderr | src/__tests__/components/ContractPage.test.tsx > ContractPage.tsx > 鐐瑰嚮鏂板鍚堝悓鎸夐挳搴旀墦寮€鍒涘缓妯℃€佹
Warning: React.jsx: type is invalid -- expected a string (for built-in components) or a class/function (for composite components) but got: undefined. You likely forgot to export your component from the file it's defined in, or you might have mixed up default and named imports.

Check your code at Spinner.tsx:58.
    at Spinner (E:/娴嬭瘯/src/components/ui/Spinner.tsx:14:20)
    at ContractPage (E:/娴嬭瘯/src/components/ContractPage.tsx:43:25)
Warning: React.jsx: type is invalid -- expected a string (for built-in components) or a class/function (for composite components) but got: undefined. You likely forgot to export your component from the file it's defined in, or you might have mixed up default and named imports.

Check your code at Spinner.tsx:58.
    at Spinner (E:/娴嬭瘯/src/components/ui/Spinner.tsx:14:20)
    at ContractPage (E:/娴嬭瘯/src/components/ContractPage.tsx:43:25)
The above error occurred in the <div> component:

    at div
    at div
    at Spinner (E:/娴嬭瘯/src/components/ui/Spinner.tsx:14:20)
    at ContractPage (E:/娴嬭瘯/src/components/ContractPage.tsx:43:25)

Consider adding an error boundary to your tree to customize error handling behavior.
Visit https://reactjs.org/link/error-boundaries to learn more about error boundaries.

stderr | src/__tests__/components/ContractPage.test.tsx > ContractPage.tsx > 鎸夌姸鎬佺瓫閫夊彧鏄剧ず鍖归厤鍚堝悓
Warning: React.jsx: type is invalid -- expected a string (for built-in components) or a class/function (for composite components) but got: undefined. You likely forgot to export your component from the file it's defined in, or you might have mixed up default and named imports.

Check your code at Spinner.tsx:58.
    at Spinner (E:/娴嬭瘯/src/components/ui/Spinner.tsx:14:20)
    at ContractPage (E:/娴嬭瘯/src/components/ContractPage.tsx:43:25)
Warning: React.jsx: type is invalid -- expected a string (for built-in components) or a class/function (for composite components) but got: undefined. You likely forgot to export your component from the file it's defined in, or you might have mixed up default and named imports.

Check your code at Spinner.tsx:58.
    at Spinner (E:/娴嬭瘯/src/components/ui/Spinner.tsx:14:20)
    at ContractPage (E:/娴嬭瘯/src/components/ContractPage.tsx:43:25)
The above error occurred in the <div> component:

    at div
    at div
    at Spinner (E:/娴嬭瘯/src/components/ui/Spinner.tsx:14:20)
    at ContractPage (E:/娴嬭瘯/src/components/ContractPage.tsx:43:25)

Consider adding an error boundary to your tree to customize error handling behavior.
Visit https://reactjs.org/link/error-boundaries to learn more about error boundaries.

stderr | src/__tests__/components/ContractPage.test.tsx > ContractPage.tsx > 鎼滅储鍏抽敭璇嶇瓫閫夊悎鍚?Warning: React.jsx: type is invalid -- expected a string (for built-in components) or a class/function (for composite components) but got: undefined. You likely forgot to export your component from the file it's defined in, or you might have mixed up default and named imports.

Check your code at Spinner.tsx:58.
    at Spinner (E:/娴嬭瘯/src/components/ui/Spinner.tsx:14:20)
    at ContractPage (E:/娴嬭瘯/src/components/ContractPage.tsx:43:25)
Warning: React.jsx: type is invalid -- expected a string (for built-in components) or a class/function (for composite components) but got: undefined. You likely forgot to export your component from the file it's defined in, or you might have mixed up default and named imports.

Check your code at Spinner.tsx:58.
    at Spinner (E:/娴嬭瘯/src/components/ui/Spinner.tsx:14:20)
    at ContractPage (E:/娴嬭瘯/src/components/ContractPage.tsx:43:25)
The above error occurred in the <div> component:

    at div
    at div
    at Spinner (E:/娴嬭瘯/src/components/ui/Spinner.tsx:14:20)
    at ContractPage (E:/娴嬭瘯/src/components/ContractPage.tsx:43:25)

Consider adding an error boundary to your tree to customize error handling behavior.
Visit https://reactjs.org/link/error-boundaries to learn more about error boundaries.

 [31m鉂?[39m src/__tests__/components/ContractPage.test.tsx [2m([22m[2m7 tests[22m[2m | [22m[31m7 failed[39m[2m)[22m[33m 542[2mms[22m[39m
[31m     [31m脳[31m 鏀跺叆绫诲瀷搴旀覆鏌撻〉闈㈡爣棰?[39m[33m 493[2mms[22m[39m
[31m     [31m脳[31m 鏀嚭绫诲瀷搴旀覆鏌撻〉闈㈡爣棰?[39m[32m 5[2mms[22m[39m
[31m     [31m脳[31m 鍗忚绫诲瀷搴旀覆鏌撻〉闈㈡爣棰?[39m[32m 11[2mms[22m[39m
[31m     [31m脳[31m 搴旀樉绀烘柊澧炲悎鍚屾寜閽?[39m[32m 17[2mms[22m[39m
[31m     [31m脳[31m 鐐瑰嚮鏂板鍚堝悓鎸夐挳搴旀墦寮€鍒涘缓妯℃€佹[39m[32m 5[2mms[22m[39m
[31m     [31m脳[31m 鎸夌姸鎬佺瓫閫夊彧鏄剧ず鍖归厤鍚堝悓[39m[32m 3[2mms[22m[39m
[31m     [31m脳[31m 鎼滅储鍏抽敭璇嶇瓫閫夊悎鍚?[39m[32m 6[2mms[22m[39m
 [31m鉂?[39m src/__tests__/components/features/invoices/FilePreviewModal.test.tsx [2m([22m[2m0 test[22m[2m)[22m
 [31m鉂?[39m src/__tests__/components/features/invoices/InvoiceList.test.tsx [2m([22m[2m0 test[22m[2m)[22m
 [31m鉂?[39m src/__tests__/components/Tabs.test.tsx [2m([22m[2m0 test[22m[2m)[22m
 [31m鉂?[39m src/__tests__/components/features/projects/ProjectList.test.tsx [2m([22m[2m6 tests[22m[2m | [22m[31m3 failed[39m[2m)[22m[32m 193[2mms[22m[39m
     [32m鉁?[39m loading 鐘舵€佸簲鏄剧ず楠ㄦ灦灞?[32m 128[2mms[22m[39m
     [32m鉁?[39m 绌哄垪琛ㄥ簲鏄剧ず绌虹姸鎬?[32m 21[2mms[22m[39m
[31m     [31m脳[31m 鏈夐」鐩簲鏄剧ず姒傝妯箙[39m[32m 19[2mms[22m[39m
[31m     [31m脳[31m 姒傝搴旀樉绀洪」鐩€绘暟[39m[32m 12[2mms[22m[39m
[31m     [31m脳[31m 姒傝搴旀樉绀鸿繘琛屼腑鏁伴噺[39m[32m 4[2mms[22m[39m
     [32m鉁?[39m 搴旀覆鏌撻」鐩崱鐗?[32m 6[2mms[22m[39m
 [31m鉂?[39m src/__tests__/components/features/costLedger/CostLedgerBatchBar.test.tsx [2m([22m[2m8 tests[22m[2m | [22m[31m1 failed[39m[2m)[22m[32m 202[2mms[22m[39m
     [32m鉁?[39m 搴旀覆鏌撶増鏈€夋嫨鍣?[32m 59[2mms[22m[39m
     [32m鉁?[39m 搴旀覆鏌撳姛鑳芥寜閽?[32m 11[2mms[22m[39m
     [32m鉁?[39m 鐐瑰嚮瀵煎叆搴旇Е鍙?onImport[32m 18[2mms[22m[39m
     [32m鉁?[39m 鐐瑰嚮瀵规瘮搴旇Е鍙?onCompare[32m 6[2mms[22m[39m
     [32m鉁?[39m 鍙湁涓€涓増鏈椂瀵规瘮鎸夐挳搴旂鐢?[32m 25[2mms[22m[39m
     [32m鉁?[39m 鐐瑰嚮鏂板缓鐗堟湰搴旀樉绀鸿緭鍏ユ[32m 34[2mms[22m[39m
     [32m鉁?[39m 鍒濆鐗堜笉搴旀樉绀哄垹闄ゆ寜閽?[32m 22[2mms[22m[39m
[31m     [31m脳[31m 闈炲垵濮嬬増搴旀樉绀哄垹闄ゆ寜閽?[39m[32m 22[2mms[22m[39m
 [31m鉂?[39m src/__tests__/hooks/useTheme.test.ts [2m([22m[2m7 tests[22m[2m | [22m[31m7 failed[39m[2m)[22m[32m 78[2mms[22m[39m
[31m     [31m脳[31m 榛樿搴斾负 light 涓婚[39m[32m 48[2mms[22m[39m
[31m     [31m脳[31m 搴斾粠 localStorage 璇诲彇宸蹭繚瀛樼殑 dark 涓婚[39m[32m 5[2mms[22m[39m
[31m     [31m脳[31m setTheme 搴斿垏鎹富棰樺苟鏇存柊 localStorage[39m[32m 5[2mms[22m[39m
[31m     [31m脳[31m toggleTheme 搴斿湪 light 鍜?dark 涔嬮棿鍒囨崲[39m[32m 4[2mms[22m[39m
[31m     [31m脳[31m dark 涓婚鏃跺簲鍦?documentElement 娣诲姞 dark class[39m[32m 3[2mms[22m[39m
[31m     [31m脳[31m light 涓婚鏃跺簲绉婚櫎 dark class[39m[32m 7[2mms[22m[39m
[31m     [31m脳[31m localStorage 涓瓨鍌ㄦ棤鏁堝€兼椂搴斿洖閫€鍒?light[39m[32m 2[2mms[22m[39m
 [31m鉂?[39m src/__tests__/hooks/useAuth.test.ts [2m([22m[2m8 tests[22m[2m | [22m[31m1 failed[39m[2m)[22m[32m 110[2mms[22m[39m
     [32m鉁?[39m 鍒濆鐘舵€佷负鏈璇?[32m 57[2mms[22m[39m
     [32m鉁?[39m login 璁剧疆璁よ瘉鐘舵€?[32m 4[2mms[22m[39m
     [32m鉁?[39m login 鍐欏叆 localStorage[32m 14[2mms[22m[39m
     [32m鉁?[39m logout 娓呴櫎璁よ瘉鐘舵€?[32m 7[2mms[22m[39m
     [32m鉁?[39m lock 閿佸畾灞忓箷[32m 2[2mms[22m[39m
     [32m鉁?[39m unlock 鎴愬姛瑙ｉ攣[32m 3[2mms[22m[39m
     [32m鉁?[39m unlock 澶辫触淇濇寔閿佸畾[32m 2[2mms[22m[39m
[31m     [31m脳[31m 浠?localStorage 鎭㈠鐧诲綍鐘舵€?[39m[32m 17[2mms[22m[39m
Not implemented: navigation to another Document
Not implemented: navigation to another Document
 [31m鉂?[39m src/__tests__/utils/format.test.ts [2m([22m[2m26 tests[22m[2m | [22m[31m5 failed[39m[2m)[22m[32m 71[2mms[22m[39m
[31m       [31m脳[31m 搴旀牸寮忓寲鏁存暟閲戦[39m[32m 25[2mms[22m[39m
[31m       [31m脳[31m 搴旀牸寮忓寲灏忔暟閲戦[39m[32m 2[2mms[22m[39m
[31m       [31m脳[31m 搴斿鐞嗗ぇ棰濇暟瀛?[39m[32m 1[2mms[22m[39m
[31m       [31m脳[31m 搴斿鐞嗛浂鍜岃礋鏁?[39m[32m 1[2mms[22m[39m
[31m       [31m脳[31m 搴斿鐞?null/undefined[39m[32m 1[2mms[22m[39m
       [32m鉁?[39m 搴旀敮鎸佽嚜瀹氫箟灏忔暟浣?[32m 0[2mms[22m[39m
       [32m鉁?[39m 搴旇В鏋愬崈鍒嗕綅鏍煎紡閲戦[32m 0[2mms[22m[39m
       [32m鉁?[39m 搴旇В鏋愭櫘閫氭暟瀛楀瓧绗︿覆[32m 0[2mms[22m[39m
       [32m鉁?[39m 搴斿鐞嗙┖瀛楃涓?[32m 0[2mms[22m[39m
       [32m鉁?[39m 搴斿鐞嗛潪鏁板瓧瀛楃涓?[32m 0[2mms[22m[39m
       [32m鉁?[39m 搴旀牸寮忓寲鐧惧垎姣?[32m 0[2mms[22m[39m
       [32m鉁?[39m 搴斿鐞?null/undefined[32m 0[2mms[22m[39m
       [32m鉁?[39m 搴旀敮鎸佽嚜瀹氫箟灏忔暟浣?[32m 0[2mms[22m[39m
       [32m鉁?[39m 搴斿湪瓒呰繃鏈€澶ч暱搴︽椂鎴柇[32m 0[2mms[22m[39m
       [32m鉁?[39m 搴斿湪鏈秴杩囨渶澶ч暱搴︽椂淇濇寔鍘熸牱[32m 0[2mms[22m[39m
       [32m鉁?[39m 搴斿鐞嗙┖瀛楃涓?[32m 0[2mms[22m[39m
       [32m鉁?[39m 搴斿皢棣栧瓧姣嶅ぇ鍐?[32m 0[2mms[22m[39m
       [32m鉁?[39m 搴斿鐞嗙┖瀛楃涓?[32m 0[2mms[22m[39m
       [32m鉁?[39m 搴斿皢椹煎嘲杞负鐭í绾?[32m 1[2mms[22m[39m
       [32m鉁?[39m 搴斿皢鐭í绾胯浆涓洪┘宄?[32m 0[2mms[22m[39m
       [32m鉁?[39m 搴旂敓鎴愬敮涓€鐨勫瓧绗︿覆 ID[32m 1[2mms[22m[39m
       [32m鉁?[39m 搴斿寘鍚椂闂存埑鍜岄殢鏈洪儴鍒?[32m 0[2mms[22m[39m
       [32m鉁?[39m 澶嶅埗鎴愬姛搴旇繑鍥?true[32m 1[2mms[22m[39m
       [32m鉁?[39m 澶嶅埗澶辫触搴旇繑鍥?false[32m 1[2mms[22m[39m
       [32m鉁?[39m 搴旇皟鐢?URL.createObjectURL 鍜?revokeObjectURL[32m 20[2mms[22m[39m
       [32m鉁?[39m 搴旀帴鍙?Blob 鍙傛暟[32m 4[2mms[22m[39m
 [31m鉂?[39m src/__tests__/utils/audit.test.ts [2m([22m[2m30 tests[22m[2m | [22m[31m1 failed[39m[2m)[22m[32m 24[2mms[22m[39m
       [32m鉁?[39m 搴旇缃綋鍓嶇敤鎴蜂俊鎭?[32m 4[2mms[22m[39m
       [32m鉁?[39m null 鈫?浣跨敤榛樿鍊?[32m 1[2mms[22m[39m
       [32m鉁?[39m 搴旂敓鎴愬畬鏁寸殑鏃ュ織鏉＄洰[32m 1[2mms[22m[39m
       [32m鉁?[39m 搴旀敮鎸佸彲閫夊弬鏁?[32m 1[2mms[22m[39m
       [32m鉁?[39m 榛樿 level 涓?info[32m 0[2mms[22m[39m
[31m       [31m脳[31m 搴斿悓姝ュ埌 electronAPI[39m[32m 5[2mms[22m[39m
       [32m鉁?[39m 搴旀寔涔呭寲鍒?localStorage[32m 0[2mms[22m[39m
       [32m鉁?[39m logCreate[32m 0[2mms[22m[39m
       [32m鉁?[39m logRead[32m 0[2mms[22m[39m
       [32m鉁?[39m logUpdate[32m 1[2mms[22m[39m
       [32m鉁?[39m logDelete[32m 0[2mms[22m[39m
       [32m鉁?[39m logExport[32m 0[2mms[22m[39m
       [32m鉁?[39m logImport[32m 0[2mms[22m[39m
       [32m鉁?[39m logApprove 閫氳繃[32m 0[2mms[22m[39m
       [32m鉁?[39m logApprove 椹冲洖[32m 0[2mms[22m[39m
       [32m鉁?[39m 榛樿鏌ヨ搴旇繑鍥炲垎椤电粨鏋?[32m 1[2mms[22m[39m
       [32m鉁?[39m 缁撴灉搴旀寜鏃堕棿鎺掑簭锛堟渶鏂扮殑鍦ㄥ墠鎴栧悗锛?[32m 1[2mms[22m[39m
       [32m鉁?[39m 搴旀寜 userId 绛涢€?[32m 0[2mms[22m[39m
       [32m鉁?[39m 搴旀寜 action 绛涢€?[32m 0[2mms[22m[39m
       [32m鉁?[39m 搴旀寜 resource 绛涢€?[32m 0[2mms[22m[39m
       [32m鉁?[39m 搴旀寜 keyword 绛涢€?[32m 0[2mms[22m[39m
       [32m鉁?[39m 搴旀敮鎸佸垎椤?[32m 0[2mms[22m[39m
       [32m鉁?[39m 搴旀寜 level 绛涢€?[32m 0[2mms[22m[39m
       [32m鉁?[39m 搴斾紭鍏堜粠 electronAPI 鏌ヨ锛堝鏋滄垚鍔燂級[32m 0[2mms[22m[39m
       [32m鉁?[39m 搴旇繑鍥炴寚瀹氳祫婧愮殑鎿嶄綔璁板綍[32m 0[2mms[22m[39m
       [32m鉁?[39m 搴旇繑鍥炴寚瀹氱敤鎴风殑鎿嶄綔璁板綍[32m 0[2mms[22m[39m
       [32m鉁?[39m 搴旀敮鎸?limit 鍙傛暟[32m 0[2mms[22m[39m
       [32m鉁?[39m 搴斿皾璇曚粠 electronAPI 娓呴櫎鏃ф棩蹇?[32m 0[2mms[22m[39m
       [32m鉁?[39m 鏃犳棫鏃ュ織鏃惰繑鍥?0[32m 0[2mms[22m[39m
       [32m鉁?[39m 搴旀竻绌烘墍鏈夋棩蹇?[32m 0[2mms[22m[39m
 [31m鉂?[39m src/__tests__/utils/iconMap.test.ts [2m([22m[2m0 test[22m[2m)[22m
 [31m鉂?[39m src/__tests__/components/features/invoices/InvoiceForm.test.tsx [2m([22m[2m10 tests[22m[2m | [22m[31m10 failed[39m[2m)[22m[32m 156[2mms[22m[39m
[31m     [31m脳[31m renders in create mode[39m[32m 144[2mms[22m[39m
[31m     [31m脳[31m renders in edit mode with initialData[39m[32m 1[2mms[22m[39m
[31m     [31m脳[31m updates form fields on user input[39m[32m 3[2mms[22m[39m
[31m     [31m脳[31m selects invoice type[39m[32m 1[2mms[22m[39m
[31m     [31m脳[31m selects invoice kind[39m[32m 1[2mms[22m[39m
[31m     [31m脳[31m calls onCancel when cancel button clicked[39m[32m 0[2mms[22m[39m
[31m     [31m脳[31m calls onSubmit with form data when form is submitted[39m[32m 1[2mms[22m[39m
[31m     [31m脳[31m shows file upload zone[39m[32m 0[2mms[22m[39m
[31m     [31m脳[31m renders partner selects (seller and buyer)[39m[32m 0[2mms[22m[39m
[31m     [31m脳[31m renders project select[39m[32m 1[2mms[22m[39m
 [31m鉂?[39m src/__tests__/components/features/partners/PartnerSelect.test.tsx [2m([22m[2m0 test[22m[2m)[22m
 [31m鉂?[39m src/__tests__/components/features/members/WorkerForm.test.tsx [2m([22m[2m19 tests[22m[2m | [22m[31m19 failed[39m[2m)[22m[32m 42[2mms[22m[39m
[31m     [31m脳[31m 娓叉煋琛ㄥ崟瀛楁[39m[32m 33[2mms[22m[39m
[31m     [31m脳[31m 杈撳叆濮撳悕[39m[32m 1[2mms[22m[39m
[31m     [31m脳[31m 杈撳叆鑱旂郴鐢佃瘽[39m[32m 0[2mms[22m[39m
[31m     [31m脳[31m 杈撳叆宸ョ[39m[32m 0[2mms[22m[39m
[31m     [31m脳[31m 閫夋嫨椤圭洰[39m[32m 1[2mms[22m[39m
[31m     [31m脳[31m 閫夋嫨鐝粍锛堥渶鍏堥€夋嫨椤圭洰锛?[39m[32m 1[2mms[22m[39m
[31m     [31m脳[31m 杈撳叆鏃ュ伐璧?[39m[32m 0[2mms[22m[39m
[31m     [31m脳[31m 杈撳叆韬唤璇佸彿骞惰嚜鍔ㄦ帹鏂€у埆[39m[32m 0[2mms[22m[39m
[31m     [31m脳[31m 杈撳叆韬唤璇佸彿鍚庢樉绀烘€у埆閫夋嫨[39m[32m 0[2mms[22m[39m
[31m     [31m脳[31m 閫夋嫨鎬у埆[39m[32m 0[2mms[22m[39m
[31m     [31m脳[31m 杈撳叆姘戞棌[39m[32m 0[2mms[22m[39m
[31m     [31m脳[31m 杈撳叆鍑虹敓鏃ユ湡[39m[32m 0[2mms[22m[39m
[31m     [31m脳[31m 杈撳叆韬唤璇佸湴鍧€[39m[32m 0[2mms[22m[39m
[31m     [31m脳[31m 杈撳叆閾惰鍗″彿鍜屽紑鎴疯[39m[32m 0[2mms[22m[39m
[31m     [31m脳[31m 鍒囨崲涓夌骇瀹夊叏鏁欒偛澶嶉€夋[39m[32m 0[2mms[22m[39m
[31m     [31m脳[31m OCR 鍔犺浇鐘舵€佹樉绀?[39m[32m 0[2mms[22m[39m
[31m     [31m脳[31m 缂栬緫妯″紡锛氬～鍏呰〃鍗曟暟鎹?[39m[32m 0[2mms[22m[39m
[31m     [31m脳[31m 鏈€夋嫨椤圭洰鏃剁彮缁勪笅鎷夋绂佺敤[39m[32m 0[2mms[22m[39m
[31m     [31m脳[31m 閫夋嫨椤圭洰鍚庣彮缁勪笅鎷夋鍚敤[39m[32m 0[2mms[22m[39m
stderr | src/__tests__/hooks/useCostLedgerCategories.test.ts > useCostLedgerCategories > API 涓嶅彲鐢ㄦ椂瀹夊叏閫€鍑猴紙loading 淇濇寔 true 鍥犱负鍒濆鍖栨湭瀹屾垚锛?Warning: An update to TestComponent inside a test was not wrapped in act(...).

When testing, code that causes React state updates should be wrapped into act(...):

act(() => {
  /* fire events that update state */
});
/* assert on the output */

This ensures that you're testing the behavior the user would see in the browser. Learn more at https://reactjs.org/link/wrap-tests-with-act
    at TestComponent (E:\娴嬭瘯\node_modules\@testing-library\react\dist\pure.js:328:5)
Warning: An update to TestComponent inside a test was not wrapped in act(...).

When testing, code that causes React state updates should be wrapped into act(...):

act(() => {
  /* fire events that update state */
});
/* assert on the output */

This ensures that you're testing the behavior the user would see in the browser. Learn more at https://reactjs.org/link/wrap-tests-with-act
    at TestComponent (E:\娴嬭瘯\node_modules\@testing-library\react\dist\pure.js:328:5)

 [31m鉂?[39m src/__tests__/components/features/members/MemberCard.test.tsx [2m([22m[2m14 tests[22m[2m | [22m[31m14 failed[39m[2m)[22m[32m 39[2mms[22m[39m
[31m     [31m脳[31m renders staff member name and role[39m[32m 26[2mms[22m[39m
[31m     [31m脳[31m renders phone number[39m[32m 1[2mms[22m[39m
[31m     [31m脳[31m shows active status badge[39m[32m 1[2mms[22m[39m
[31m     [31m脳[31m shows left status badge[39m[32m 0[2mms[22m[39m
[31m     [31m脳[31m shows team leader badge[39m[32m 0[2mms[22m[39m
[31m     [31m脳[31m calls onClick when card is clicked[39m[32m 3[2mms[22m[39m
[31m     [31m脳[31m calls onEdit when edit button clicked[39m[32m 1[2mms[22m[39m
[31m     [31m脳[31m calls onDelete when delete button clicked[39m[32m 1[2mms[22m[39m
[31m     [31m脳[31m shows idCard number when idCard exists[39m[32m 0[2mms[22m[39m
[31m     [31m脳[31m shows idCardFront badge when idCardFront exists[39m[32m 1[2mms[22m[39m
[31m     [31m脳[31m renders worker type for worker member[39m[32m 0[2mms[22m[39m
[31m     [31m脳[31m renders daily wage for worker member[39m[32m 0[2mms[22m[39m
[31m     [31m脳[31m shows re-entry button for left worker[39m[32m 0[2mms[22m[39m
[31m     [31m脳[31m calls onReEntry when re-entry button clicked[39m[32m 0[2mms[22m[39m
 [32m鉁?[39m src/__tests__/hooks/useInvoices.test.ts [2m([22m[2m13 tests[22m[2m)[22m[33m 1146[2mms[22m[39m
 [32m鉁?[39m src/__tests__/hooks/useCostLedgerCategories.test.ts [2m([22m[2m12 tests[22m[2m)[22m[33m 1027[2mms[22m[39m
 [32m鉁?[39m src/__tests__/hooks/useRegionsAndSupervisors.test.ts [2m([22m[2m17 tests[22m[2m)[22m[33m 1497[2mms[22m[39m
 [32m鉁?[39m src/__tests__/hooks/useCRUDBase.test.ts [2m([22m[2m20 tests[22m[2m)[22m[33m 912[2mms[22m[39m
 [32m鉁?[39m src/__tests__/components/features/costLedger/ColumnFilter.test.tsx [2m([22m[2m6 tests[22m[2m)[22m[33m 807[2mms[22m[39m
 [32m鉁?[39m src/__tests__/hooks/useProjects.test.ts [2m([22m[2m10 tests[22m[2m)[22m[33m 809[2mms[22m[39m
 [32m鉁?[39m src/__tests__/hooks/useInventoryPage.test.ts [2m([22m[2m11 tests[22m[2m)[22m[33m 837[2mms[22m[39m
 [31m鉂?[39m src/__tests__/components/features/projects/ProjectDetail.test.tsx [2m([22m[2m2 tests[22m[2m | [22m[31m2 failed[39m[2m)[22m[32m 180[2mms[22m[39m
[31m     [31m脳[31m smoke: 娓叉煋涓嶆姤閿?[39m[32m 175[2mms[22m[39m
[31m     [31m脳[31m smoke: 浼犲叆 members 鍚庢覆鏌?[39m[32m 1[2mms[22m[39m
 [32m鉁?[39m src/__tests__/hooks/usePartners.test.ts [2m([22m[2m9 tests[22m[2m)[22m[33m 756[2mms[22m[39m
 [32m鉁?[39m src/__tests__/hooks/useCostLedgerBatches.test.ts [2m([22m[2m9 tests[22m[2m)[22m[33m 789[2mms[22m[39m
stderr | src/__tests__/hooks/useDepartments.test.ts > useDepartments > 鍔犺浇寮傚父鏃朵粛缁撴潫 loading
Failed to load departments: Error: 缃戠粶寮傚父
    at E:/娴嬭瘯/src/__tests__/hooks/useDepartments.test.ts:48:51
    at file:///E:/%E6%B5%8B%E8%AF%95/node_modules/@vitest/runner/dist/chunk-artifact.js:302:11
    at file:///E:/%E6%B5%8B%E8%AF%95/node_modules/@vitest/runner/dist/chunk-artifact.js:1903:26
    at file:///E:/%E6%B5%8B%E8%AF%95/node_modules/@vitest/runner/dist/chunk-artifact.js:2326:20
    at new Promise (<anonymous>)
    at runWithCancel (file:///E:/%E6%B5%8B%E8%AF%95/node_modules/@vitest/runner/dist/chunk-artifact.js:2323:10)
    at file:///E:/%E6%B5%8B%E8%AF%95/node_modules/@vitest/runner/dist/chunk-artifact.js:2305:20
    at new Promise (<anonymous>)
    at runWithTimeout (file:///E:/%E6%B5%8B%E8%AF%95/node_modules/@vitest/runner/dist/chunk-artifact.js:2272:10)
    at file:///E:/%E6%B5%8B%E8%AF%95/node_modules/@vitest/runner/dist/chunk-artifact.js:2955:64

 [31m鉂?[39m src/__tests__/components/Select.test.tsx [2m([22m[2m0 test[22m[2m)[22m
 [32m鉁?[39m src/__tests__/hooks/useDepartments.test.ts [2m([22m[2m8 tests[22m[2m)[22m[33m 693[2mms[22m[39m
 [31m鉂?[39m src/__tests__/hooks/useToast.test.ts [2m([22m[2m7 tests[22m[2m | [22m[31m7 failed[39m[2m)[22m[32m 24[2mms[22m[39m
[31m     [31m脳[31m 鍒濆鐘舵€?toast 搴斾负 null[39m[32m 16[2mms[22m[39m
[31m     [31m脳[31m showToast 搴旇缃?toast 淇℃伅[39m[32m 1[2mms[22m[39m
[31m     [31m脳[31m showToast 榛樿绫诲瀷搴斾负 info[39m[32m 2[2mms[22m[39m
[31m     [31m脳[31m showToast 搴旀敮鎸?error 绫诲瀷[39m[32m 1[2mms[22m[39m
[31m     [31m脳[31m 榛樿 3000ms 鍚?toast 搴旇嚜鍔ㄦ秷澶?[39m[32m 1[2mms[22m[39m
[31m     [31m脳[31m 鑷畾涔?duration 搴斿湪鎸囧畾鏃堕棿鍚庢秷澶?[39m[32m 1[2mms[22m[39m
[31m     [31m脳[31m 杩炵画璋冪敤 showToast 搴旀浛鎹负鏈€鏂版秷鎭?[39m[32m 1[2mms[22m[39m
 [32m鉁?[39m src/__tests__/hooks/useWorkerTeams.test.ts [2m([22m[2m7 tests[22m[2m)[22m[33m 658[2mms[22m[39m
 [32m鉁?[39m src/__tests__/components/features/labor/TeamWageModal.test.tsx [2m([22m[2m5 tests[22m[2m)[22m[33m 355[2mms[22m[39m
stderr | src/__tests__/hooks/useWagePaymentRecords.test.ts > useWagePaymentRecords > getWagePaymentRecords 澶辫触鏃朵笉搴斿穿婧?鍔犺浇宸ヨ祫鍙戞斁璁板綍澶辫触: Error: 缃戠粶閿欒
    at E:/娴嬭瘯/src/__tests__/hooks/useWagePaymentRecords.test.ts:64:74
    at file:///E:/%E6%B5%8B%E8%AF%95/node_modules/@vitest/runner/dist/chunk-artifact.js:302:11
    at file:///E:/%E6%B5%8B%E8%AF%95/node_modules/@vitest/runner/dist/chunk-artifact.js:1903:26
    at file:///E:/%E6%B5%8B%E8%AF%95/node_modules/@vitest/runner/dist/chunk-artifact.js:2326:20
    at new Promise (<anonymous>)
    at runWithCancel (file:///E:/%E6%B5%8B%E8%AF%95/node_modules/@vitest/runner/dist/chunk-artifact.js:2323:10)
    at file:///E:/%E6%B5%8B%E8%AF%95/node_modules/@vitest/runner/dist/chunk-artifact.js:2305:20
    at new Promise (<anonymous>)
    at runWithTimeout (file:///E:/%E6%B5%8B%E8%AF%95/node_modules/@vitest/runner/dist/chunk-artifact.js:2272:10)
    at file:///E:/%E6%B5%8B%E8%AF%95/node_modules/@vitest/runner/dist/chunk-artifact.js:2955:64

 [32m鉁?[39m src/__tests__/hooks/useMembers.test.ts [2m([22m[2m6 tests[22m[2m)[22m[33m 507[2mms[22m[39m
 [32m鉁?[39m src/__tests__/hooks/useWagePaymentRecords.test.ts [2m([22m[2m7 tests[22m[2m)[22m[33m 673[2mms[22m[39m
stderr | src/__tests__/components/features/projects/ProjectDetailTabs.test.tsx > ProjectDetailTabs > MembersTab > renders project manager info
Warning: An update to MembersTab inside a test was not wrapped in act(...).

When testing, code that causes React state updates should be wrapped into act(...):

act(() => {
  /* fire events that update state */
});
/* assert on the output */

This ensures that you're testing the behavior the user would see in the browser. Learn more at https://reactjs.org/link/wrap-tests-with-act
    at MembersTab (E:/娴嬭瘯/src/components/features/projects/ProjectDetailTabs.tsx:522:23)
Warning: An update to MembersTab inside a test was not wrapped in act(...).

When testing, code that causes React state updates should be wrapped into act(...):

act(() => {
  /* fire events that update state */
});
/* assert on the output */

This ensures that you're testing the behavior the user would see in the browser. Learn more at https://reactjs.org/link/wrap-tests-with-act
    at MembersTab (E:/娴嬭瘯/src/components/features/projects/ProjectDetailTabs.tsx:522:23)
Warning: An update to MembersTab inside a test was not wrapped in act(...).

When testing, code that causes React state updates should be wrapped into act(...):

act(() => {
  /* fire events that update state */
});
/* assert on the output */

This ensures that you're testing the behavior the user would see in the browser. Learn more at https://reactjs.org/link/wrap-tests-with-act
    at MembersTab (E:/娴嬭瘯/src/components/features/projects/ProjectDetailTabs.tsx:522:23)
Warning: An update to MembersTab inside a test was not wrapped in act(...).

When testing, code that causes React state updates should be wrapped into act(...):

act(() => {
  /* fire events that update state */
});
/* assert on the output */

This ensures that you're testing the behavior the user would see in the browser. Learn more at https://reactjs.org/link/wrap-tests-with-act
    at MembersTab (E:/娴嬭瘯/src/components/features/projects/ProjectDetailTabs.tsx:522:23)

stderr | src/__tests__/components/features/projects/ProjectDetailTabs.test.tsx > ProjectDetailTabs > MembersTab > renders worker teams section
Warning: An update to MembersTab inside a test was not wrapped in act(...).

When testing, code that causes React state updates should be wrapped into act(...):

act(() => {
  /* fire events that update state */
});
/* assert on the output */

This ensures that you're testing the behavior the user would see in the browser. Learn more at https://reactjs.org/link/wrap-tests-with-act
    at MembersTab (E:/娴嬭瘯/src/components/features/projects/ProjectDetailTabs.tsx:522:23)
Warning: An update to MembersTab inside a test was not wrapped in act(...).

When testing, code that causes React state updates should be wrapped into act(...):

act(() => {
  /* fire events that update state */
});
/* assert on the output */

This ensures that you're testing the behavior the user would see in the browser. Learn more at https://reactjs.org/link/wrap-tests-with-act
    at MembersTab (E:/娴嬭瘯/src/components/features/projects/ProjectDetailTabs.tsx:522:23)
Warning: An update to MembersTab inside a test was not wrapped in act(...).

When testing, code that causes React state updates should be wrapped into act(...):

act(() => {
  /* fire events that update state */
});
/* assert on the output */

This ensures that you're testing the behavior the user would see in the browser. Learn more at https://reactjs.org/link/wrap-tests-with-act
    at MembersTab (E:/娴嬭瘯/src/components/features/projects/ProjectDetailTabs.tsx:522:23)
Warning: An update to MembersTab inside a test was not wrapped in act(...).

When testing, code that causes React state updates should be wrapped into act(...):

act(() => {
  /* fire events that update state */
});
/* assert on the output */

This ensures that you're testing the behavior the user would see in the browser. Learn more at https://reactjs.org/link/wrap-tests-with-act
    at MembersTab (E:/娴嬭瘯/src/components/features/projects/ProjectDetailTabs.tsx:522:23)

stderr | src/__tests__/components/features/projects/ProjectDetailTabs.test.tsx > ProjectDetailTabs > MembersTab > shows empty state for worker teams
Warning: An update to MembersTab inside a test was not wrapped in act(...).

When testing, code that causes React state updates should be wrapped into act(...):

act(() => {
  /* fire events that update state */
});
/* assert on the output */

This ensures that you're testing the behavior the user would see in the browser. Learn more at https://reactjs.org/link/wrap-tests-with-act
    at MembersTab (E:/娴嬭瘯/src/components/features/projects/ProjectDetailTabs.tsx:522:23)
Warning: An update to MembersTab inside a test was not wrapped in act(...).

When testing, code that causes React state updates should be wrapped into act(...):

act(() => {
  /* fire events that update state */
});
/* assert on the output */

This ensures that you're testing the behavior the user would see in the browser. Learn more at https://reactjs.org/link/wrap-tests-with-act
    at MembersTab (E:/娴嬭瘯/src/components/features/projects/ProjectDetailTabs.tsx:522:23)
Warning: An update to MembersTab inside a test was not wrapped in act(...).

When testing, code that causes React state updates should be wrapped into act(...):

act(() => {
  /* fire events that update state */
});
/* assert on the output */

This ensures that you're testing the behavior the user would see in the browser. Learn more at https://reactjs.org/link/wrap-tests-with-act
    at MembersTab (E:/娴嬭瘯/src/components/features/projects/ProjectDetailTabs.tsx:522:23)
Warning: An update to MembersTab inside a test was not wrapped in act(...).

When testing, code that causes React state updates should be wrapped into act(...):

act(() => {
  /* fire events that update state */
});
/* assert on the output */

This ensures that you're testing the behavior the user would see in the browser. Learn more at https://reactjs.org/link/wrap-tests-with-act
    at MembersTab (E:/娴嬭瘯/src/components/features/projects/ProjectDetailTabs.tsx:522:23)

 [31m鉂?[39m src/__tests__/components/ui-advanced.test.tsx [2m([22m[2m0 test[22m[2m)[22m
 [32m鉁?[39m src/__tests__/components/features/projects/ProjectDetailTabs.test.tsx [2m([22m[2m19 tests[22m[2m)[22m[33m 872[2mms[22m[39m
 [31m鉂?[39m src/__tests__/components/features/partners/FileDropZone.test.tsx [2m([22m[2m7 tests[22m[2m | [22m[31m7 failed[39m[2m)[22m[32m 39[2mms[22m[39m
[31m     [31m脳[31m renders upload zone when no file[39m[32m 28[2mms[22m[39m
[31m     [31m脳[31m applies drag-over style when dragOver=true[39m[32m 1[2mms[22m[39m
[31m     [31m脳[31m renders file info when file is provided[39m[32m 0[2mms[22m[39m
[31m     [31m脳[31m calls onClickUpload when upload zone clicked[39m[32m 4[2mms[22m[39m
[31m     [31m脳[31m calls onRemove when remove button clicked[39m[32m 1[2mms[22m[39m
[31m     [31m脳[31m shows preview button when onPreview is provided[39m[32m 0[2mms[22m[39m
[31m     [31m脳[31m shows add-more button when multiple and onAddMore are provided[39m[32m 0[2mms[22m[39m
 [31m鉂?[39m src/__tests__/components/features/invoices/InvoiceFilters.test.tsx [2m([22m[2m10 tests[22m[2m | [22m[31m10 failed[39m[2m)[22m[32m 41[2mms[22m[39m
[31m     [31m脳[31m 鍙戠エ妯″紡锛氭覆鏌撶瓫閫夊櫒[39m[32m 33[2mms[22m[39m
[31m     [31m脳[31m 鏀舵妯″紡锛氭覆鏌撶瓫閫夊櫒[39m[32m 1[2mms[22m[39m
[31m     [31m脳[31m 鍒囨崲鍙戠エ绫诲瀷绛涢€?[39m[32m 0[2mms[22m[39m
[31m     [31m脳[31m 鍒囨崲鐘舵€佺瓫閫?[39m[32m 0[2mms[22m[39m
[31m     [31m脳[31m 鍒囨崲椤圭洰绛涢€?[39m[32m 0[2mms[22m[39m
[31m     [31m脳[31m 杈撳叆鏃ユ湡鍖洪棿[39m[32m 0[2mms[22m[39m
[31m     [31m脳[31m 鐐瑰嚮閲嶇疆鎸夐挳[39m[32m 0[2mms[22m[39m
[31m     [31m脳[31m 鐐瑰嚮鎵撳嵃鎸夐挳[39m[32m 0[2mms[22m[39m
[31m     [31m脳[31m 鐐瑰嚮瀵煎嚭Excel鎸夐挳[39m[32m 1[2mms[22m[39m
[31m     [31m脳[31m 鏀舵妯″紡锛氬垏鎹㈡敹娆剧被鍨?[39m[32m 1[2mms[22m[39m
 [31m鉂?[39m src/__tests__/components/ui-more.test.tsx [2m([22m[2m0 test[22m[2m)[22m
 [31m鉂?[39m src/__tests__/components/Input.test.tsx [2m([22m[2m0 test[22m[2m)[22m
 [32m鉁?[39m src/__tests__/hooks/useWageManagement.test.ts [2m([22m[2m9 tests[22m[2m)[22m[33m 415[2mms[22m[39m
 [32m鉁?[39m src/__tests__/hooks/useSqliteSettings.test.ts [2m([22m[2m5 tests[22m[2m)[22m[33m 442[2mms[22m[39m
 [31m鉂?[39m src/__tests__/components/features/wages/BankReceiptMatchConfirm.test.tsx [2m([22m[2m0 test[22m[2m)[22m
 [32m鉁?[39m src/__tests__/components/features/inventory/ItemForm.test.tsx [2m([22m[2m10 tests[22m[2m)[22m[33m 463[2mms[22m[39m
stderr | src/__tests__/components/features/labor/LaborWorkerRow.test.tsx > LaborWorkerRow > 搴旀覆鏌撳伐浜哄熀鏈俊鎭?Warning: validateDOMNesting(...): <tr> cannot appear as a child of <div>.
    at tr
    at LaborWorkerRow (E:/娴嬭瘯/src/components/features/labor/LaborWorkerRow.tsx:18:85)

 [32m鉁?[39m src/__tests__/hooks/useFileUpload.test.ts [2m([22m[2m13 tests[22m[2m)[22m[33m 334[2mms[22m[39m
 [31m鉂?[39m src/__tests__/components/features/inventory/ItemList.test.tsx [2m([22m[2m0 test[22m[2m)[22m
 [32m鉁?[39m src/__tests__/components/features/labor/LaborWorkerRow.test.tsx [2m([22m[2m7 tests[22m[2m)[22m[33m 308[2mms[22m[39m
stderr | src/__tests__/components/features/wages/WageDetailRow.test.tsx > WageDetailRow.tsx > 搴旀樉绀哄伐浜哄鍚?Warning: validateDOMNesting(...): <tr> cannot appear as a child of <div>.
    at tr
    at WageDetailRow (E:/娴嬭瘯/src/components/features/wages/WageDetailRow.tsx:7:83)

 [32m鉁?[39m src/__tests__/components/features/partners/SupervisorForm.test.tsx [2m([22m[2m12 tests[22m[2m)[22m[33m 410[2mms[22m[39m
 [32m鉁?[39m src/__tests__/components/features/wages/WageDetailRow.test.tsx [2m([22m[2m7 tests[22m[2m)[22m[33m 348[2mms[22m[39m
stderr | src/__tests__/components/features/hr/StaffAttendanceRow.test.tsx > StaffAttendanceRow > 搴旀覆鏌撳憳宸ュ鍚?Warning: validateDOMNesting(...): <tr> cannot appear as a child of <div>.
    at tr
    at StaffAttendanceRow (E:/娴嬭瘯/src/components/features/hr/StaffAttendanceRow.tsx:9:93)

 [31m鉂?[39m src/__tests__/components/features/inventory/MaterialList.test.tsx [2m([22m[2m0 test[22m[2m)[22m
 [32m鉁?[39m src/__tests__/components/features/hr/StaffAttendanceRow.test.tsx [2m([22m[2m7 tests[22m[2m)[22m[33m 366[2mms[22m[39m
 [31m鉂?[39m src/__tests__/components/features/invoices/PaymentList.test.tsx [2m([22m[2m0 test[22m[2m)[22m
 [32m鉁?[39m src/__tests__/components/features/templates/TemplateList.test.tsx [2m([22m[2m6 tests[22m[2m)[22m[33m 390[2mms[22m[39m
 [31m鉂?[39m src/__tests__/components/AuditLogs.test.tsx [2m([22m[2m0 test[22m[2m)[22m
 [31m鉂?[39m src/__tests__/components/features/wages/WageDetailTable.test.tsx [2m([22m[2m0 test[22m[2m)[22m
 [32m鉁?[39m src/__tests__/components/ui-extra.test.tsx [2m([22m[2m19 tests[22m[2m)[22m[33m 379[2mms[22m[39m
 [31m鉂?[39m src/__tests__/components/features/costLedger/CostLedgerImportModal.test.tsx [2m([22m[2m2 tests[22m[2m | [22m[31m2 failed[39m[2m)[22m[32m 60[2mms[22m[39m
[31m     [31m脳[31m show=false 鏃惰繑鍥?null[39m[32m 55[2mms[22m[39m
[31m     [31m脳[31m show=true 鏃舵覆鏌撴爣棰?[39m[32m 1[2mms[22m[39m
 [32m鉁?[39m src/__tests__/components/features/settlement/SettlementPrintTemplate.test.tsx [2m([22m[2m5 tests[22m[2m)[22m[32m 231[2mms[22m[39m
 [31m鉂?[39m src/__tests__/components/features/settlement/SettlementItemsTable.test.tsx [2m([22m[2m0 test[22m[2m)[22m
 [32m鉁?[39m src/__tests__/hooks/useOCRConfig.test.ts [2m([22m[2m6 tests[22m[2m)[22m[32m 191[2mms[22m[39m
 [32m鉁?[39m src/__tests__/hooks/useRowHoverOpacity.test.ts [2m([22m[2m9 tests[22m[2m)[22m[32m 65[2mms[22m[39m
 [32m鉁?[39m src/__tests__/components/features/costLedger/InvoiceLinker.test.tsx [2m([22m[2m5 tests[22m[2m)[22m[32m 264[2mms[22m[39m
 [32m鉁?[39m src/__tests__/components/features/projects/ProjectFilters.test.tsx [2m([22m[2m6 tests[22m[2m)[22m[32m 266[2mms[22m[39m
 [31m鉂?[39m src/__tests__/components/ui-basic.test.tsx [2m([22m[2m0 test[22m[2m)[22m
 [32m鉁?[39m src/__tests__/components/features/templates/TemplateDashboard.test.tsx [2m([22m[2m5 tests[22m[2m)[22m[32m 253[2mms[22m[39m
 [32m鉁?[39m src/__tests__/components/features/members/MemberFilters.test.tsx [2m([22m[2m6 tests[22m[2m)[22m[32m 149[2mms[22m[39m
 [32m鉁?[39m src/__tests__/hooks/useIdCardOCR.test.ts [2m([22m[2m15 tests[22m[2m)[22m[32m 214[2mms[22m[39m
stderr | src/__tests__/components/features/costLedger/CostLedgerRow.test.tsx > CostLedgerRow > 搴旀覆鏌撴敮鍑烘柟鍚戣
Warning: validateDOMNesting(...): <tr> cannot appear as a child of <div>.
    at tr
    at CostLedgerRow (E:/娴嬭瘯/src/components/features/costLedger/CostLedgerRow.tsx:13:83)

 [32m鉁?[39m src/__tests__/components/features/settlement/SettlementDashboard.test.tsx [2m([22m[2m6 tests[22m[2m)[22m[32m 153[2mms[22m[39m
 [32m鉁?[39m src/__tests__/components/features/costLedger/CostLedgerRow.test.tsx [2m([22m[2m7 tests[22m[2m)[22m[32m 182[2mms[22m[39m
 [31m鉂?[39m src/__tests__/components/features/inventory/InventoryStats.test.tsx [2m([22m[2m0 test[22m[2m)[22m
stderr | src/__tests__/components/features/hr/StaffPayrollRow.test.tsx > StaffPayrollRow > 搴旀覆鏌撳憳宸ヨ柂閰
Warning: validateDOMNesting(...): <tr> cannot appear as a child of <div>.
    at tr
    at StaffPayrollRow (E:/娴嬭瘯/src/components/features/hr/StaffPayrollRow.tsx:9:87)

 [32m鉁?[39m src/__tests__/components/features/hr/StaffPayrollRow.test.tsx [2m([22m[2m6 tests[22m[2m)[22m[32m 175[2mms[22m[39m
 [31m鉂?[39m src/__tests__/components/features/inventory/TransList.test.tsx [2m([22m[2m0 test[22m[2m)[22m
 [32m鉁?[39m src/__tests__/components/features/invoices/InvoiceStats.test.tsx [2m([22m[2m3 tests[22m[2m)[22m[32m 129[2mms[22m[39m
 [32m鉁?[39m src/__tests__/components/features/projects/ProjectStats.test.tsx [2m([22m[2m4 tests[22m[2m)[22m[32m 133[2mms[22m[39m
stderr | src/__tests__/components/features/costLedger/CostLedgerList.test.tsx > CostLedgerList > 娓叉煋锛氫紶鍏?entries 鍚庢樉绀哄垪琛ㄨ
Warning: validateDOMNesting(...): <div> cannot appear as a child of <tbody>.
    at div
    at Mock (file:///E:/%E6%B5%8B%E8%AF%95/node_modules/@vitest/spy/dist/index.js:332:34)
    at tbody
    at table
    at div
    at div
    at div
    at HoverScrollbar (E:/娴嬭瘯/src/components/ui/HoverScrollbar.tsx:12:27)
    at div
    at CostLedgerList (E:/娴嬭瘯/src/components/features/costLedger/CostLedgerList.tsx:21:27)

 [32m鉁?[39m src/__tests__/components/features/costLedger/CostLedgerList.test.tsx [2m([22m[2m3 tests[22m[2m)[22m[32m 169[2mms[22m[39m
 [32m鉁?[39m src/__tests__/hooks/useConfirm.test.ts [2m([22m[2m8 tests[22m[2m)[22m[32m 84[2mms[22m[39m
stderr | src/__tests__/components/features/hr/StaffListRow.test.tsx > StaffListRow.tsx > 搴旀樉绀哄鍚?Warning: validateDOMNesting(...): <tr> cannot appear as a child of <div>.
    at tr
    at StaffListRow (E:/娴嬭瘯/src/components/features/hr/StaffListRow.tsx:9:81)

 [32m鉁?[39m src/__tests__/components/features/hr/StaffListRow.test.tsx [2m([22m[2m8 tests[22m[2m)[22m[32m 154[2mms[22m[39m
 [31m鉂?[39m src/__tests__/components/features/settlement/SettlementProjectCard.test.tsx [2m([22m[2m0 test[22m[2m)[22m
 [32m鉁?[39m src/__tests__/components/features/wages/OverdueBanner.test.tsx [2m([22m[2m5 tests[22m[2m)[22m[32m 92[2mms[22m[39m
 [32m鉁?[39m src/__tests__/components/features/wages/WageStatsTab.test.tsx [2m([22m[2m4 tests[22m[2m)[22m[32m 96[2mms[22m[39m
 [32m鉁?[39m src/__tests__/components/features/members/WorkerPickerItem.test.tsx [2m([22m[2m6 tests[22m[2m)[22m[32m 106[2mms[22m[39m
 [32m鉁?[39m src/__tests__/components/features/wages/WageProjectCard.test.tsx [2m([22m[2m3 tests[22m[2m)[22m[32m 81[2mms[22m[39m
 [32m鉁?[39m src/__tests__/utils/date.test.ts [2m([22m[2m42 tests[22m[2m)[22m[32m 51[2mms[22m[39m
 [32m鉁?[39m src/__tests__/hooks/usePaymentRecords.test.ts [2m([22m[2m12 tests[22m[2m)[22m[32m 69[2mms[22m[39m
 [32m鉁?[39m src/__tests__/hooks/useDebounce.test.ts [2m([22m[2m12 tests[22m[2m)[22m[32m 97[2mms[22m[39m
 [32m鉁?[39m src/__tests__/hooks/useBankReceiptBatch.test.ts [2m([22m[2m5 tests[22m[2m)[22m[32m 33[2mms[22m[39m
 [32m鉁?[39m src/__tests__/hooks/useFilters.test.ts [2m([22m[2m11 tests[22m[2m)[22m[32m 53[2mms[22m[39m
 [32m鉁?[39m src/__tests__/utils/wage-export.test.ts [2m([22m[2m12 tests[22m[2m)[22m[32m 49[2mms[22m[39m
stderr | src/__tests__/hooks/useLocalStorage.test.ts > useLocalStorage > localStorage 鏁版嵁鎹熷潖鏃跺簲杩斿洖榛樿鍊?Error reading localStorage key "bad-json": SyntaxError: Expected property name or '}' in JSON at position 1 (line 1 column 2)
    at JSON.parse (<anonymous>)
    at getItem (E:/娴嬭瘯/src/hooks/useLocalStorage.ts:38:25)
    at E:/娴嬭瘯/src/hooks/useLocalStorage.ts:115:12
    at mountState (E:\娴嬭瘯\node_modules\react-dom\cjs\react-dom.development.js:16167:20)
    at Object.useState (E:\娴嬭瘯\node_modules\react-dom\cjs\react-dom.development.js:16880:16)
    at useState (E:\娴嬭瘯\node_modules\react\cjs\react.development.js:1622:21)
    at useLocalStorage (E:/娴嬭瘯/src/hooks/useLocalStorage.ts:114:34)
    at E:/娴嬭瘯/src/__tests__/hooks/useLocalStorage.test.ts:48:41
    at TestComponent (E:\娴嬭瘯\node_modules\@testing-library\react\dist\pure.js:330:27)
    at renderWithHooks (E:\娴嬭瘯\node_modules\react-dom\cjs\react-dom.development.js:15486:18)

 [32m鉁?[39m src/__tests__/hooks/useLocalStorage.test.ts [2m([22m[2m12 tests[22m[2m)[22m[32m 80[2mms[22m[39m
 [32m鉁?[39m src/__tests__/hooks/useForm.test.ts [2m([22m[2m12 tests[22m[2m)[22m[32m 56[2mms[22m[39m
 [32m鉁?[39m src/__tests__/hooks/useAsync.test.ts [2m([22m[2m8 tests[22m[2m)[22m[32m 39[2mms[22m[39m
 [32m鉁?[39m src/__tests__/hooks/usePermission.test.tsx [2m([22m[2m14 tests[22m[2m)[22m[32m 90[2mms[22m[39m
 [32m鉁?[39m src/__tests__/hooks/useModal.test.ts [2m([22m[2m13 tests[22m[2m)[22m[32m 56[2mms[22m[39m
 [32m鉁?[39m src/__tests__/hooks/useAuditLogFilters.test.ts [2m([22m[2m4 tests[22m[2m)[22m[32m 45[2mms[22m[39m
 [32m鉁?[39m src/__tests__/critical/wage-calculation.test.ts [2m([22m[2m18 tests[22m[2m)[22m[32m 9[2mms[22m[39m
 [32m鉁?[39m src/__tests__/hooks/usePagination.test.ts [2m([22m[2m11 tests[22m[2m)[22m[32m 71[2mms[22m[39m
 [32m鉁?[39m src/__tests__/utils/export-import.test.ts [2m([22m[2m31 tests[22m[2m)[22m[32m 31[2mms[22m[39m
 [32m鉁?[39m src/__tests__/utils/member.test.ts [2m([22m[2m36 tests[22m[2m)[22m[32m 24[2mms[22m[39m
 [32m鉁?[39m src/__tests__/critical/project-health.test.ts [2m([22m[2m19 tests[22m[2m)[22m[32m 37[2mms[22m[39m
 [32m鉁?[39m src/__tests__/store/toastStore.test.ts [2m([22m[2m8 tests[22m[2m)[22m[32m 14[2mms[22m[39m
 [32m鉁?[39m src/__tests__/types/permissions.test.ts [2m([22m[2m23 tests[22m[2m)[22m[32m 33[2mms[22m[39m
 [32m鉁?[39m src/__tests__/types/guards.test.ts [2m([22m[2m36 tests[22m[2m)[22m[32m 15[2mms[22m[39m
 [32m鉁?[39m src/__tests__/utils/staff-payroll-utils.test.ts [2m([22m[2m27 tests[22m[2m)[22m[32m 12[2mms[22m[39m
 [32m鉁?[39m src/__tests__/store/authStore.test.ts [2m([22m[2m7 tests[22m[2m)[22m[32m 9[2mms[22m[39m
 [32m鉁?[39m src/__tests__/utils/projectHealth.test.ts [2m([22m[2m26 tests[22m[2m)[22m[32m 13[2mms[22m[39m
 [32m鉁?[39m src/__tests__/utils/validate.test.ts [2m([22m[2m34 tests[22m[2m)[22m[32m 15[2mms[22m[39m
 [32m鉁?[39m src/__tests__/critical/attendance-statistics.test.ts [2m([22m[2m10 tests[22m[2m)[22m[32m 9[2mms[22m[39m
 [32m鉁?[39m src/__tests__/components/features/templates/config.test.ts [2m([22m[2m8 tests[22m[2m)[22m[32m 11[2mms[22m[39m
 [32m鉁?[39m src/__tests__/critical/excel-import.test.ts [2m([22m[2m7 tests[22m[2m)[22m[32m 12[2mms[22m[39m
 [32m鉁?[39m src/__tests__/critical/ipc-guard.test.ts [2m([22m[2m6 tests[22m[2m)[22m[32m 8[2mms[22m[39m
 [32m鉁?[39m src/__tests__/critical/invoice-status.test.ts [2m([22m[2m5 tests[22m[2m)[22m[32m 8[2mms[22m[39m
 [32m鉁?[39m src/__tests__/critical/data-snapshot.test.ts [2m([22m[2m5 tests[22m[2m)[22m[32m 9[2mms[22m[39m
 [32m鉁?[39m src/__tests__/critical/ocr-idcard.test.ts [2m([22m[2m8 tests[22m[2m)[22m[32m 9[2mms[22m[39m
 [32m鉁?[39m src/__tests__/critical/cost-ledger-dual-write.test.ts [2m([22m[2m5 tests[22m[2m)[22m[32m 10[2mms[22m[39m
 [32m鉁?[39m src/__tests__/critical/data-integrity.test.ts [2m([22m[2m6 tests[22m[2m)[22m[32m 16[2mms[22m[39m
 [32m鉁?[39m src/__tests__/critical/settlement-verification.test.ts [2m([22m[2m6 tests[22m[2m)[22m[32m 23[2mms[22m[39m
 [32m鉁?[39m src/__tests__/critical/contract-stats.test.ts [2m([22m[2m6 tests[22m[2m)[22m[32m 9[2mms[22m[39m
 [32m鉁?[39m src/__tests__/components/features/contracts/contractConfig.test.ts [2m([22m[2m14 tests[22m[2m)[22m[32m 9[2mms[22m[39m
 [32m鉁?[39m src/__tests__/critical/worker-cross-project.test.ts [2m([22m[2m6 tests[22m[2m)[22m[32m 8[2mms[22m[39m
 [32m鉁?[39m src/__tests__/critical/sqlite-read-mode.test.ts [2m([22m[2m6 tests[22m[2m)[22m[32m 9[2mms[22m[39m
 [32m鉁?[39m src/__tests__/critical/sqlite-migration.test.ts [2m([22m[2m5 tests[22m[2m)[22m[32m 6[2mms[22m[39m
 [32m鉁?[39m src/__tests__/components/features/hr/config.test.ts [2m([22m[2m3 tests[22m[2m)[22m[32m 3[2mms[22m[39m

鈳幆鈳幆鈳幆 Failed Suites 24 鈳幆鈳幆鈳幆

 FAIL  src/__tests__/components/AuditLogs.test.tsx [ src/__tests__/components/AuditLogs.test.tsx ]
 FAIL  src/__tests__/components/Dashboard.test.tsx [ src/__tests__/components/Dashboard.test.tsx ]
 FAIL  src/__tests__/components/DropdownMenu.test.tsx [ src/__tests__/components/DropdownMenu.test.tsx ]
 FAIL  src/__tests__/components/Input.test.tsx [ src/__tests__/components/Input.test.tsx ]
 FAIL  src/__tests__/components/Select.test.tsx [ src/__tests__/components/Select.test.tsx ]
 FAIL  src/__tests__/components/Tabs.test.tsx [ src/__tests__/components/Tabs.test.tsx ]
 FAIL  src/__tests__/components/ui-advanced.test.tsx [ src/__tests__/components/ui-advanced.test.tsx ]
 FAIL  src/__tests__/components/ui-basic.test.tsx [ src/__tests__/components/ui-basic.test.tsx ]
 FAIL  src/__tests__/components/ui-more.test.tsx [ src/__tests__/components/ui-more.test.tsx ]
 FAIL  src/__tests__/components/features/costLedger/CategoryManager.test.tsx [ src/__tests__/components/features/costLedger/CategoryManager.test.tsx ]
 FAIL  src/__tests__/components/features/inventory/InventoryStats.test.tsx [ src/__tests__/components/features/inventory/InventoryStats.test.tsx ]
 FAIL  src/__tests__/components/features/inventory/ItemList.test.tsx [ src/__tests__/components/features/inventory/ItemList.test.tsx ]
 FAIL  src/__tests__/components/features/inventory/MaterialList.test.tsx [ src/__tests__/components/features/inventory/MaterialList.test.tsx ]
 FAIL  src/__tests__/components/features/inventory/TransList.test.tsx [ src/__tests__/components/features/inventory/TransList.test.tsx ]
 FAIL  src/__tests__/components/features/invoices/FilePreviewModal.test.tsx [ src/__tests__/components/features/invoices/FilePreviewModal.test.tsx ]
 FAIL  src/__tests__/components/features/invoices/InvoiceList.test.tsx [ src/__tests__/components/features/invoices/InvoiceList.test.tsx ]
 FAIL  src/__tests__/components/features/invoices/PaymentList.test.tsx [ src/__tests__/components/features/invoices/PaymentList.test.tsx ]
 FAIL  src/__tests__/components/features/invoices/PaymentStats.test.tsx [ src/__tests__/components/features/invoices/PaymentStats.test.tsx ]
 FAIL  src/__tests__/components/features/partners/PartnerSelect.test.tsx [ src/__tests__/components/features/partners/PartnerSelect.test.tsx ]
 FAIL  src/__tests__/components/features/settlement/SettlementItemsTable.test.tsx [ src/__tests__/components/features/settlement/SettlementItemsTable.test.tsx ]
 FAIL  src/__tests__/components/features/settlement/SettlementProjectCard.test.tsx [ src/__tests__/components/features/settlement/SettlementProjectCard.test.tsx ]
 FAIL  src/__tests__/components/features/wages/BankReceiptMatchConfirm.test.tsx [ src/__tests__/components/features/wages/BankReceiptMatchConfirm.test.tsx ]
 FAIL  src/__tests__/components/features/wages/WageDetailTable.test.tsx [ src/__tests__/components/features/wages/WageDetailTable.test.tsx ]
Error: [vitest] No "Activity" export is defined on the "lucide-react" mock. Did you forget to return it from "vi.mock"?
If you need to partially mock a module, you can use "importOriginal" helper inside:

vi.mock(import("lucide-react"), async (importOriginal) => {
  const actual = await importOriginal()
  return {
    ...actual,
    // your mocked methods
  }
})

 鉂?[22m src/utils/iconMap.ts:25:3
     23|
     24| export const iconMap: Record<string, LucideIcon> = {
     25|   Activity, AlertCircle, AlertTriangle, ArrowDownCircle, ArrowLeft, Ar鈥?       |   ^
     26|   BadgeCheck, Ban, Banknote, BarChart3, Building2,
     27|   Calendar, CalendarCheck, Camera, Check, CheckCircle, ChevronDown, Ch鈥? 鉂?[22m src/components/ui/Icon.tsx:2:1

鈳幆鈳幆鈳幆鈳幆鈳幆鈳幆鈳幆鈳幆鈳幆鈳幆鈳幆[1/173]鈳?[22m

 FAIL  src/__tests__/utils/iconMap.test.ts [ src/__tests__/utils/iconMap.test.ts ]
Error: [vitest] No "ArrowRightLeft" export is defined on the "lucide-react" mock. Did you forget to return it from "vi.mock"?
If you need to partially mock a module, you can use "importOriginal" helper inside:

vi.mock(import("lucide-react"), async (importOriginal) => {
  const actual = await importOriginal()
  return {
    ...actual,
    // your mocked methods
  }
})

 鉂?[22m src/utils/iconMap.ts:25:85
     23|
     24| export const iconMap: Record<string, LucideIcon> = {
     25|   Activity, AlertCircle, AlertTriangle, ArrowDownCircle, ArrowLeft, Ar鈥?       |                                                                                     ^
     26|   BadgeCheck, Ban, Banknote, BarChart3, Building2,
     27|   Calendar, CalendarCheck, Camera, Check, CheckCircle, ChevronDown, Ch鈥? 鉂?[22m src/__tests__/utils/iconMap.test.ts:2:1

鈳幆鈳幆鈳幆鈳幆鈳幆鈳幆鈳幆鈳幆鈳幆鈳幆鈳幆[2/173]鈳?[22m


鈳幆鈳幆鈳幆 Failed Tests 149 鈳幆鈳幆鈳幆

 FAIL  src/__tests__/components/ContractPage.test.tsx > ContractPage.tsx > 鏀跺叆绫诲瀷搴旀覆鏌撻〉闈㈡爣棰? FAIL  src/__tests__/components/ContractPage.test.tsx > ContractPage.tsx > 鏀嚭绫诲瀷搴旀覆鏌撻〉闈㈡爣棰? FAIL  src/__tests__/components/ContractPage.test.tsx > ContractPage.tsx > 鍗忚绫诲瀷搴旀覆鏌撻〉闈㈡爣棰? FAIL  src/__tests__/components/ContractPage.test.tsx > ContractPage.tsx > 搴旀樉绀烘柊澧炲悎鍚屾寜閽? FAIL  src/__tests__/components/ContractPage.test.tsx > ContractPage.tsx > 鐐瑰嚮鏂板鍚堝悓鎸夐挳搴旀墦寮€鍒涘缓妯℃€佹
 FAIL  src/__tests__/components/ContractPage.test.tsx > ContractPage.tsx > 鎸夌姸鎬佺瓫閫夊彧鏄剧ず鍖归厤鍚堝悓
 FAIL  src/__tests__/components/ContractPage.test.tsx > ContractPage.tsx > 鎼滅储鍏抽敭璇嶇瓫閫夊悎鍚?Error: Element type is invalid: expected a string (for built-in components) or a class/function (for composite components) but got: undefined. You likely forgot to export your component from the file it's defined in, or you might have mixed up default and named imports.

Check the render method of `Spinner`.
 鉂?[22m createFiberFromTypeAndProps node_modules/react-dom/cjs/react-dom.development.js:28478:17
 鉂?[22m createFiberFromElement node_modules/react-dom/cjs/react-dom.development.js:28504:15
 鉂?[22m createChild node_modules/react-dom/cjs/react-dom.development.js:13345:28
 鉂?[22m reconcileChildrenArray node_modules/react-dom/cjs/react-dom.development.js:13640:25
 鉂?[22m reconcileChildFibers node_modules/react-dom/cjs/react-dom.development.js:14057:16
 鉂?[22m reconcileChildren node_modules/react-dom/cjs/react-dom.development.js:19186:28
 鉂?[22m updateHostComponent node_modules/react-dom/cjs/react-dom.development.js:19953:3
 鉂?[22m beginWork node_modules/react-dom/cjs/react-dom.development.js:21657:14
 鉂?[22m beginWork$1 node_modules/react-dom/cjs/react-dom.development.js:27465:14
 鉂?[22m performUnitOfWork node_modules/react-dom/cjs/react-dom.development.js:26599:12

鈳幆鈳幆鈳幆鈳幆鈳幆鈳幆鈳幆鈳幆鈳幆鈳幆鈳幆[3/173]鈳?[22m

 FAIL  src/__tests__/components/Settings.test.tsx > Settings.tsx > 搴旀樉绀烘祬鑹叉ā寮忔寜閽?TestingLibraryElementError: Unable to find an element with the text: /娴呰壊妯″紡/. This could be because the text is broken up by multiple elements. In this case, you can provide a function for your text matcher to make your matcher more flexible.

Ignored nodes: comments, script, style
<body>
  <div>
    <div>
      <div
        class="p-6 mx-auto max-w-[1400px] "
      >
        <div
          class="flex items-center justify-between mb-6 "
        >
          <div
            class="flex items-center gap-3"
          >
            <div>
              <h1
                class="text-2xl font-bold text-slate-800"
              >
                绯荤粺璁剧疆
              </h1>
              <p
                class="text-slate-500 mt-1"
              >
                绠＄悊搴旂敤绋嬪簭璁剧疆
              </p>
            </div>
          </div>
        </div>
        <div
          class="grid grid-cols-1 lg:grid-cols-2 gap-6"
        >
          <div
            class="space-y-6"
          >
            <div
              class="card"
            >
              <div
                class="card-header"
              >
                <h2
                  class="text-lg font-semibold text-slate-800 flex items-center gap-2"
                >
                  <span
                    data-testid="icon-FolderKanban"
                  >
                    FolderKanban
                  </span>
                   鏁版嵁瀛樺偍璁剧疆
                </h2>
              </div>
              <div
                class="card-body space-y-4"
              >
                <div>
                  <label
                    class="label"
                  >
                    褰撳墠鏁版嵁瀛樺偍璺緞
                  </label>
                  <div
                    class="bg-slate-50 rounded-lg p-3 text-sm text-slate-700 font-mono break-all border border-slate-200"
                  >
                    /data/path
                  </div>
                </div>
                <div
                  class="flex flex-wrap gap-3 pt-2 items-center"
                >
                  <button
                    class="bg-primary-600 text-white hover:bg-primary-700 active:bg-primary-800 shadow-sm hover:shadow-md"
                  >
                    <span
                      data-testid="icon-FolderKanban"
                    >
                      FolderKanban
                    </span>
                    鏇存敼鏁版嵁瀛樺偍浣嶇疆
                  </button>
                </div>
                <div
                  class="bg-info-50 border border-info-200 rounded-xl p-4"
                >
                  <p
                    class="text-sm text-info-800 font-medium"
                  >
                    <span
                      class="inline"
                      data-testid="icon-Lightbulb"
                    >
                      Lightbulb
                    </span>
                     鎻愮ず
                  </p>
                  <ul
                    class="text-sm text-info-700 mt-2 space-y-1"
                  >
                    <li>
                      鈥㈡洿鏀规暟鎹矾寰勪細灏嗘墍鏈夋暟鎹紙鍖呮嫭涓婁紶鐨勬枃浠讹級澶嶅埗鍒版柊浣嶇疆
                    </li>
                    <li>
                      鈥㈠缓璁皢鏁版嵁瀛樺偍鍦ㄩ潪绯荤粺鐩橈紙濡?D:\宸ョ▼绠″鏁版嵁锛夛紝渚夸簬閲嶈绯荤粺鍚庢仮澶?[0m
                    </li>
                    <li>
                      鈥㈡崲璁惧鏃讹紝鍙渶澶嶅埗鏁翠釜鏁版嵁鏂囦欢澶瑰埌鏂拌澶囧嵆鍙?[0m
                    </li>
                  </ul>
                </div>
              </div>
            </div>
            <div
              data-testid="sqlite-section"
            >
              SQLite
            </div>
            <div
              class="card"
            >
              <div
                class="card-header"
              >
                <h2
                  class="text-lg font-semibold text-slate-800 flex items-center gap-2"
                >
                  <span
                    data-testid="icon-Wrench"
                  >
                    Wrench
                  </span>
                   寮€鍙戝伐鍏?[0m
                </h2>
              </div>
              <div
                class="card-body space-y-4"
              >
                <div>
                  <p
                    class="text-sm text-slate-600 mb-3"
                  >
                    鎵撳紑寮€鍙戣€呮帶鍒跺彴鏌ョ湅鏃ュ織鍜岃皟璇曚俊鎭紝鐢ㄤ簬鎺掓煡闂銆?[0m
                  </p>
                  <div
                    class="flex flex-wrap gap-3"
                  >
                    <button
                      class="bg-white text-slate-700 border border-slate-200 hover:bg-slate-50 active:bg-slate-100 shadow-sm"
                    >
                      <span
                        data-testid="icon-Monitor"
                      >
                        Monitor
                      </span>
                      鎵撳紑鎺у埗鍙?[0m
                    </button>
                    <span
                      class="text-sm text-slate-400 self-center"
                    >
                      鎴栨寜 
                      <kbd
                        class="px-2 py-1 bg-slate-100 rounded text-xs font-mono border border-slate-200"
                      >
                        F12
                      </kbd>
                    </span>
                  </div>
                </div>
                <div
                  class="flex items-center justify-between pt-3 border-t border-slate-100"
                [...

Ignored nodes: comments, script, style
<body>
  <div>
    <div>
      <div
        class="p-6 mx-auto max-w-[1400px] "
      >
        <div
          class="flex items-center justify-between mb-6 "
        >
          <div
            class="flex items-center gap-3"
          >
            <div>
              <h1
                class="text-2xl font-bold text-slate-800"
              >
                绯荤粺璁剧疆
              </h1>
              <p
                class="text-slate-500 mt-1"
              >
                绠＄悊搴旂敤绋嬪簭璁剧疆
              </p>
            </div>
          </div>
        </div>
        <div
          class="grid grid-cols-1 lg:grid-cols-2 gap-6"
        >
          <div
            class="space-y-6"
          >
            <div
              class="card"
            >
              <div
                class="card-header"
              >
                <h2
                  class="text-lg font-semibold text-slate-800 flex items-center gap-2"
                >
                  <span
                    data-testid="icon-FolderKanban"
                  >
                    FolderKanban
                  </span>
                   鏁版嵁瀛樺偍璁剧疆
                </h2>
              </div>
              <div
                class="card-body space-y-4"
              >
                <div>
                  <label
                    class="label"
                  >
                    褰撳墠鏁版嵁瀛樺偍璺緞
                  </label>
                  <div
                    class="bg-slate-50 rounded-lg p-3 text-sm text-slate-700 font-mono break-all border border-slate-200"
                  >
                    /data/path
                  </div>
                </div>
                <div
                  class="flex flex-wrap gap-3 pt-2 items-center"
                >
                  <button
                    class="bg-primary-600 text-white hover:bg-primary-700 active:bg-primary-800 shadow-sm hover:shadow-md"
                  >
                    <span
                      data-testid="icon-FolderKanban"
                    >
                      FolderKanban
                    </span>
                    鏇存敼鏁版嵁瀛樺偍浣嶇疆
                  </button>
                </div>
                <div
                  class="bg-info-50 border border-info-200 rounded-xl p-4"
                >
                  <p
                    class="text-sm text-info-800 font-medium"
                  >
                    <span
                      class="inline"
                      data-testid="icon-Lightbulb"
                    >
                      Lightbulb
                    </span>
                     鎻愮ず
                  </p>
                  <ul
                    class="text-sm text-info-700 mt-2 space-y-1"
                  >
                    <li>
                      鈥㈡洿鏀规暟鎹矾寰勪細灏嗘墍鏈夋暟鎹紙鍖呮嫭涓婁紶鐨勬枃浠讹級澶嶅埗鍒版柊浣嶇疆
                    </li>
                    <li>
                      鈥㈠缓璁皢鏁版嵁瀛樺偍鍦ㄩ潪绯荤粺鐩橈紙濡?D:\宸ョ▼绠″鏁版嵁锛夛紝渚夸簬閲嶈绯荤粺鍚庢仮澶?[0m
                    </li>
                    <li>
                      鈥㈡崲璁惧鏃讹紝鍙渶澶嶅埗鏁翠釜鏁版嵁鏂囦欢澶瑰埌鏂拌澶囧嵆鍙?[0m
                    </li>
                  </ul>
                </div>
              </div>
            </div>
            <div
              data-testid="sqlite-section"
            >
              SQLite
            </div>
            <div
              class="card"
            >
              <div
                class="card-header"
              >
                <h2
                  class="text-lg font-semibold text-slate-800 flex items-center gap-2"
                >
                  <span
                    data-testid="icon-Wrench"
                  >
                    Wrench
                  </span>
                   寮€鍙戝伐鍏?[0m
                </h2>
              </div>
              <div
                class="card-body space-y-4"
              >
                <div>
                  <p
                    class="text-sm text-slate-600 mb-3"
                  >
                    鎵撳紑寮€鍙戣€呮帶鍒跺彴鏌ョ湅鏃ュ織鍜岃皟璇曚俊鎭紝鐢ㄤ簬鎺掓煡闂銆?[0m
                  </p>
                  <div
                    class="flex flex-wrap gap-3"
                  >
                    <button
                      class="bg-white text-slate-700 border border-slate-200 hover:bg-slate-50 active:bg-slate-100 shadow-sm"
                    >
                      <span
                        data-testid="icon-Monitor"
                      >
                        Monitor
                      </span>
                      鎵撳紑鎺у埗鍙?[0m
                    </button>
                    <span
                      class="text-sm text-slate-400 self-center"
                    >
                      鎴栨寜 
                      <kbd
                        class="px-2 py-1 bg-slate-100 rounded text-xs font-mono border border-slate-200"
                      >
                        F12
                      </kbd>
                    </span>
                  </div>
                </div>
                <div
                  class="flex items-center justify-between pt-3 border-t border-slate-100"
                [...
 鉂?[22m waitForWrapper node_modules/@testing-library/dom/dist/wait-for.js:163:27
 鉂?[22m node_modules/@testing-library/dom/dist/query-helpers.js:86:33
 鉂?[22m src/__tests__/components/Settings.test.tsx:103:25
    101|   test('搴旀樉绀烘祬鑹叉ā寮忔寜閽?, async () => {
    102|     render(<Settings refresh={undefined} />)
    103|     expect(await screen.findByText(/娴呰壊妯″紡/)).toBeTruthy()
       |                         ^
    104|   }, 15000)
    105|

鈳幆鈳幆鈳幆鈳幆鈳幆鈳幆鈳幆鈳幆鈳幆鈳幆鈳幆[4/173]鈳?[22m

 FAIL  src/__tests__/components/Settings.test.tsx > Settings.tsx > 搴旀樉绀烘繁鑹叉ā寮忔寜閽?TestingLibraryElementError: Unable to find an element with the text: /娣辫壊妯″紡/. This could be because the text is broken up by multiple elements. In this case, you can provide a function for your text matcher to make your matcher more flexible.

Ignored nodes: comments, script, style
<body>
  <div>
    <div>
      <div
        class="p-6 mx-auto max-w-[1400px] "
      >
        <div
          class="flex items-center justify-between mb-6 "
        >
          <div
            class="flex items-center gap-3"
          >
            <div>
              <h1
                class="text-2xl font-bold text-slate-800"
              >
                绯荤粺璁剧疆
              </h1>
              <p
                class="text-slate-500 mt-1"
              >
                绠＄悊搴旂敤绋嬪簭璁剧疆
              </p>
            </div>
          </div>
        </div>
        <div
          class="grid grid-cols-1 lg:grid-cols-2 gap-6"
        >
          <div
            class="space-y-6"
          >
            <div
              class="card"
            >
              <div
                class="card-header"
              >
                <h2
                  class="text-lg font-semibold text-slate-800 flex items-center gap-2"
                >
                  <span
                    data-testid="icon-FolderKanban"
                  >
                    FolderKanban
                  </span>
                   鏁版嵁瀛樺偍璁剧疆
                </h2>
              </div>
              <div
                class="card-body space-y-4"
              >
                <div>
                  <label
                    class="label"
                  >
                    褰撳墠鏁版嵁瀛樺偍璺緞
                  </label>
                  <div
                    class="bg-slate-50 rounded-lg p-3 text-sm text-slate-700 font-mono break-all border border-slate-200"
                  >
                    /data/path
                  </div>
                </div>
                <div
                  class="flex flex-wrap gap-3 pt-2 items-center"
                >
                  <button
                    class="bg-primary-600 text-white hover:bg-primary-700 active:bg-primary-800 shadow-sm hover:shadow-md"
                  >
                    <span
                      data-testid="icon-FolderKanban"
                    >
                      FolderKanban
                    </span>
                    鏇存敼鏁版嵁瀛樺偍浣嶇疆
                  </button>
                </div>
                <div
                  class="bg-info-50 border border-info-200 rounded-xl p-4"
                >
                  <p
                    class="text-sm text-info-800 font-medium"
                  >
                    <span
                      class="inline"
                      data-testid="icon-Lightbulb"
                    >
                      Lightbulb
                    </span>
                     鎻愮ず
                  </p>
                  <ul
                    class="text-sm text-info-700 mt-2 space-y-1"
                  >
                    <li>
                      鈥㈡洿鏀规暟鎹矾寰勪細灏嗘墍鏈夋暟鎹紙鍖呮嫭涓婁紶鐨勬枃浠讹級澶嶅埗鍒版柊浣嶇疆
                    </li>
                    <li>
                      鈥㈠缓璁皢鏁版嵁瀛樺偍鍦ㄩ潪绯荤粺鐩橈紙濡?D:\宸ョ▼绠″鏁版嵁锛夛紝渚夸簬閲嶈绯荤粺鍚庢仮澶?[0m
                    </li>
                    <li>
                      鈥㈡崲璁惧鏃讹紝鍙渶澶嶅埗鏁翠釜鏁版嵁鏂囦欢澶瑰埌鏂拌澶囧嵆鍙?[0m
                    </li>
                  </ul>
                </div>
              </div>
            </div>
            <div
              data-testid="sqlite-section"
            >
              SQLite
            </div>
            <div
              class="card"
            >
              <div
                class="card-header"
              >
                <h2
                  class="text-lg font-semibold text-slate-800 flex items-center gap-2"
                >
                  <span
                    data-testid="icon-Wrench"
                  >
                    Wrench
                  </span>
                   寮€鍙戝伐鍏?[0m
                </h2>
              </div>
              <div
                class="card-body space-y-4"
              >
                <div>
                  <p
                    class="text-sm text-slate-600 mb-3"
                  >
                    鎵撳紑寮€鍙戣€呮帶鍒跺彴鏌ョ湅鏃ュ織鍜岃皟璇曚俊鎭紝鐢ㄤ簬鎺掓煡闂銆?[0m
                  </p>
                  <div
                    class="flex flex-wrap gap-3"
                  >
                    <button
                      class="bg-white text-slate-700 border border-slate-200 hover:bg-slate-50 active:bg-slate-100 shadow-sm"
                    >
                      <span
                        data-testid="icon-Monitor"
                      >
                        Monitor
                      </span>
                      鎵撳紑鎺у埗鍙?[0m
                    </button>
                    <span
                      class="text-sm text-slate-400 self-center"
                    >
                      鎴栨寜 
                      <kbd
                        class="px-2 py-1 bg-slate-100 rounded text-xs font-mono border border-slate-200"
                      >
                        F12
                      </kbd>
                    </span>
                  </div>
                </div>
                <div
                  class="flex items-center justify-between pt-3 border-t border-slate-100"
                [...

Ignored nodes: comments, script, style
<body>
  <div>
    <div>
      <div
        class="p-6 mx-auto max-w-[1400px] "
      >
        <div
          class="flex items-center justify-between mb-6 "
        >
          <div
            class="flex items-center gap-3"
          >
            <div>
              <h1
                class="text-2xl font-bold text-slate-800"
              >
                绯荤粺璁剧疆
              </h1>
              <p
                class="text-slate-500 mt-1"
              >
                绠＄悊搴旂敤绋嬪簭璁剧疆
              </p>
            </div>
          </div>
        </div>
        <div
          class="grid grid-cols-1 lg:grid-cols-2 gap-6"
        >
          <div
            class="space-y-6"
          >
            <div
              class="card"
            >
              <div
                class="card-header"
              >
                <h2
                  class="text-lg font-semibold text-slate-800 flex items-center gap-2"
                >
                  <span
                    data-testid="icon-FolderKanban"
                  >
                    FolderKanban
                  </span>
                   鏁版嵁瀛樺偍璁剧疆
                </h2>
              </div>
              <div
                class="card-body space-y-4"
              >
                <div>
                  <label
                    class="label"
                  >
                    褰撳墠鏁版嵁瀛樺偍璺緞
                  </label>
                  <div
                    class="bg-slate-50 rounded-lg p-3 text-sm text-slate-700 font-mono break-all border border-slate-200"
                  >
                    /data/path
                  </div>
                </div>
                <div
                  class="flex flex-wrap gap-3 pt-2 items-center"
                >
                  <button
                    class="bg-primary-600 text-white hover:bg-primary-700 active:bg-primary-800 shadow-sm hover:shadow-md"
                  >
                    <span
                      data-testid="icon-FolderKanban"
                    >
                      FolderKanban
                    </span>
                    鏇存敼鏁版嵁瀛樺偍浣嶇疆
                  </button>
                </div>
                <div
                  class="bg-info-50 border border-info-200 rounded-xl p-4"
                >
                  <p
                    class="text-sm text-info-800 font-medium"
                  >
                    <span
                      class="inline"
                      data-testid="icon-Lightbulb"
                    >
                      Lightbulb
                    </span>
                     鎻愮ず
                  </p>
                  <ul
                    class="text-sm text-info-700 mt-2 space-y-1"
                  >
                    <li>
                      鈥㈡洿鏀规暟鎹矾寰勪細灏嗘墍鏈夋暟鎹紙鍖呮嫭涓婁紶鐨勬枃浠讹級澶嶅埗鍒版柊浣嶇疆
                    </li>
                    <li>
                      鈥㈠缓璁皢鏁版嵁瀛樺偍鍦ㄩ潪绯荤粺鐩橈紙濡?D:\宸ョ▼绠″鏁版嵁锛夛紝渚夸簬閲嶈绯荤粺鍚庢仮澶?[0m
                    </li>
                    <li>
                      鈥㈡崲璁惧鏃讹紝鍙渶澶嶅埗鏁翠釜鏁版嵁鏂囦欢澶瑰埌鏂拌澶囧嵆鍙?[0m
                    </li>
                  </ul>
                </div>
              </div>
            </div>
            <div
              data-testid="sqlite-section"
            >
              SQLite
            </div>
            <div
              class="card"
            >
              <div
                class="card-header"
              >
                <h2
                  class="text-lg font-semibold text-slate-800 flex items-center gap-2"
                >
                  <span
                    data-testid="icon-Wrench"
                  >
                    Wrench
                  </span>
                   寮€鍙戝伐鍏?[0m
                </h2>
              </div>
              <div
                class="card-body space-y-4"
              >
                <div>
                  <p
                    class="text-sm text-slate-600 mb-3"
                  >
                    鎵撳紑寮€鍙戣€呮帶鍒跺彴鏌ョ湅鏃ュ織鍜岃皟璇曚俊鎭紝鐢ㄤ簬鎺掓煡闂銆?[0m
                  </p>
                  <div
                    class="flex flex-wrap gap-3"
                  >
                    <button
                      class="bg-white text-slate-700 border border-slate-200 hover:bg-slate-50 active:bg-slate-100 shadow-sm"
                    >
                      <span
                        data-testid="icon-Monitor"
                      >
                        Monitor
                      </span>
                      鎵撳紑鎺у埗鍙?[0m
                    </button>
                    <span
                      class="text-sm text-slate-400 self-center"
                    >
                      鎴栨寜 
                      <kbd
                        class="px-2 py-1 bg-slate-100 rounded text-xs font-mono border border-slate-200"
                      >
                        F12
                      </kbd>
                    </span>
                  </div>
                </div>
                <div
                  class="flex items-center justify-between pt-3 border-t border-slate-100"
                [...
 鉂?[22m waitForWrapper node_modules/@testing-library/dom/dist/wait-for.js:163:27
 鉂?[22m node_modules/@testing-library/dom/dist/query-helpers.js:86:33
 鉂?[22m src/__tests__/components/Settings.test.tsx:108:25
    106|   test('搴旀樉绀烘繁鑹叉ā寮忔寜閽?, async () => {
    107|     render(<Settings refresh={undefined} />)
    108|     expect(await screen.findByText(/娣辫壊妯″紡/)).toBeTruthy()
       |                         ^
    109|   }, 15000)
    110|

鈳幆鈳幆鈳幆鈳幆鈳幆鈳幆鈳幆鈳幆鈳幆鈳幆鈳幆[5/173]鈳?[22m

 FAIL  src/__tests__/components/SettingsChangelog.test.tsx > SettingsChangelog.tsx > 搴旀樉绀虹涓€涓増鏈彿 v2.12.0
TestingLibraryElementError: Unable to find an element with the text: v2.12.0. This could be because the text is broken up by multiple elements. In this case, you can provide a function for your text matcher to make your matcher more flexible.

Ignored nodes: comments, script, style
<body
  style="overflow: hidden;"
>
  <div />
  <div
    class="
  fixed inset-0 z-50 flex
  items-center justify-center
  p-4
  "
    variants="[object Object]"
  >
    <div
      class="absolute inset-0 bg-black/50 backdrop-blur-sm"
    />
    <div
      aria-labelledby="modal-title"
      aria-modal="true"
      class="
  relative
  bg-white
  rounded-2xl shadow-2xl
  w-full max-w-md
  max-h-[90vh] flex flex-col
  
  "
      role="dialog"
      style="background-color: var(--card, white);"
      variants="[object Object]"
    >
      <div
        class="flex items-center justify-between px-6 py-4 border-b border-slate-100"
      >
        <h2
          class="text-lg font-semibold text-slate-800"
          id="modal-title"
        >
          <span
            class="flex items-center gap-2"
          >
            <span
              data-icon="Clock"
              data-size="18"
            >
              [icon:Clock]
            </span>
             鏇存柊鏃ュ織
          </span>
        </h2>
        <button
          aria-label="鍏抽棴"
          class="p-2 rounded-lg text-slate-400 hover:bg-slate-100 hover:text-slate-600 transition-colors"
          type="button"
        >
          <span
            data-icon="X"
            data-size="18"
          >
            [icon:X]
          </span>
        </button>
      </div>
      <div
        class="relative flex-1 px-6 py-4"
      >
        <div
          class="h-full overflow-auto hide-native-scrollbar"
        >
          <div
            class="space-y-6"
          >
            <div>
              <div
                class="flex items-center gap-2 mb-2"
              >
                <span
                  class="px-2 py-0.5 text-xs font-bold rounded-md"
                  style="background-color: var(--accent-soft); color: var(--accent);"
                >
                  v0.70.0
                </span>
                <span
                  class="text-xs"
                  style="color: var(--muted);"
                >
                  2026-06-06
                </span>
              </div>
              <ul
                class="space-y-1.5"
              >
                <li
                  class="text-sm flex items-start gap-2"
                  style="color: var(--fg-2);"
                >
                  <span
                    class="mt-0.5 flex-shrink-0"
                    style="color: var(--muted-2);"
                  >
                    鈥?[0m
                  </span>
                  <span>
                    鍏ㄦ柊瀹夎鍣細鍙€夋嫨瀹夎浣嶇疆鍜屾暟鎹瓨鍌ㄤ綅缃?[0m
                  </span>
                </li>
                <li
                  class="text-sm flex items-start gap-2"
                  style="color: var(--fg-2);"
                >
                  <span
                    class="mt-0.5 flex-shrink-0"
                    style="color: var(--muted-2);"
                  >
                    鈥?[0m
                  </span>
                  <span>
                    鏂板鍗歌浇鍣細瀹夊叏鍗歌浇锛屾暟鎹畬鏁翠繚鐣?[0m
                  </span>
                </li>
                <li
                  class="text-sm flex items-start gap-2"
                  style="color: var(--fg-2);"
                >
                  <span
                    class="mt-0.5 flex-shrink-0"
                    style="color: var(--muted-2);"
                  >
                    鈥?[0m
                  </span>
                  <span>
                    瀹夎鍣ㄨ缃〉闈細鏌ョ湅鐗堟湰淇℃伅鍜屽畨瑁呮棩蹇?[0m
                  </span>
                </li>
                <li
                  class="text-sm flex items-start gap-2"
                  style="color: var(--fg-2);"
                >
                  <span
                    class="mt-0.5 flex-shrink-0"
                    style="color: var(--muted-2);"
                  >
                    鈥?[0m
                  </span>
                  <span>
                    鐧诲綍鐣岄潰璁剧疆锛氭暟鎹簱澶囦唤鎭㈠銆佸仴搴锋鏌?[0m
                  </span>
                </li>
                <li
                  class="text-sm flex items-start gap-2"
                  style="color: var(--fg-2);"
                >
                  <span
                    class="mt-0.5 flex-shrink-0"
                    style="color: var(--muted-2);"
                  >
                    鈥?[0m
                  </span>
                  <span>
                    瀹夎鍖呬綋绉缉灏忥紙244MB鈫?98MB锛?[0m
                  </span>
                </li>
                <li
                  class="text-sm flex items-start gap-2"
                  style="color: var(--fg-2);"
                >
                  <span
                    class="mt-0.5 flex-shrink-0"
                    style="color: var(--muted-2);"
                  >
                    鈥?[0m
                  </span>
                  <span>
                    淇棣栨瀹夎鍚庨〉闈㈢┖鐧界殑闂
                  </span>
                </li>
                <li[...
 鉂?[22m Object.getElementError node_modules/@testing-library/dom/dist/config.js:37:19
 鉂?[22m node_modules/@testing-library/dom/dist/query-helpers.js:76:38
 鉂?[22m node_modules/@testing-library/dom/dist/query-helpers.js:52:17
 鉂?[22m node_modules/@testing-library/dom/dist/query-helpers.js:95:19
 鉂?[22m src/__tests__/components/SettingsChangelog.test.tsx:24:19
     22|   test('搴旀樉绀虹涓€涓増鏈彿 v2.12.0', () => {
     23|     render(React.createElement(SettingsChangelog, { onClose: vi.fn() }鈥?     24|     expect(screen.getByText('v2.12.0')).toBeTruthy()
       |                   ^
     25|   })
     26|

鈳幆鈳幆鈳幆鈳幆鈳幆鈳幆鈳幆鈳幆鈳幆鈳幆鈳幆[6/173]鈳?[22m

 FAIL  src/__tests__/components/SettingsChangelog.test.tsx > SettingsChangelog.tsx > 鐐瑰嚮鑳屾櫙閬僵搴旇皟鐢?onClose
Error: Unable to fire a "click" event - please provide a DOM element.
 鉂?[22m createEvent node_modules/@testing-library/dom/dist/events.js:27:11
 鉂?[22m createEvent.<computed> [as click] node_modules/@testing-library/dom/dist/events.js:106:38
 鉂?[22m fireEvent.<computed> [as click] node_modules/@testing-library/dom/dist/events.js:110:68
 鉂?[22m fireEvent.<computed> [as click] node_modules/@testing-library/react/dist/fire-event.js:15:52
 鉂?[22m src/__tests__/components/SettingsChangelog.test.tsx:51:15
     49|     // 鏈€澶栧眰 div 缁戝畾 onClick={onClose}
     50|     const overlay = container.firstChild as HTMLElement
     51|     fireEvent.click(overlay)
       |               ^
     52|     expect(onClose).toHaveBeenCalledTimes(1)
     53|   })

鈳幆鈳幆鈳幆鈳幆鈳幆鈳幆鈳幆鈳幆鈳幆鈳幆鈳幆[7/173]鈳?[22m

 FAIL  src/__tests__/components/WageManagement.test.tsx > WageManagement > Dashboard 瑙嗗浘锛堥粯璁わ級 > 搴旀覆鏌?dashboard 瑙嗗浘锛圵ageProjectList锛? FAIL  src/__tests__/components/WageManagement.test.tsx > WageManagement > Dashboard 瑙嗗浘锛堥粯璁わ級 > 搴旇皟鐢?getProjects 鍜?getWorkerTeams 鍔犺浇鍩虹鏁版嵁
 FAIL  src/__tests__/components/WageManagement.test.tsx > WageManagement > Dashboard 瑙嗗浘锛堥粯璁わ級 > 搴旇繃婊ゆ帀 archived 鐘舵€佺殑椤圭洰
 FAIL  src/__tests__/components/WageManagement.test.tsx > WageManagement > 瑙嗗浘鍒囨崲 > 鐐瑰嚮椤圭洰鍗＄墖搴斿垏鎹㈠埌 cycle 瑙嗗浘
 FAIL  src/__tests__/components/WageManagement.test.tsx > WageManagement > 瑙嗗浘鍒囨崲 > cycle 瑙嗗浘搴斾紶鍏ユ纭殑 project 鍜?month
 FAIL  src/__tests__/components/WageManagement.test.tsx > WageManagement > IPC 璋冪敤 > loadBaseData 搴旀纭皟鐢?getProjects 鍜?getWorkerTeams
 FAIL  src/__tests__/components/WageManagement.test.tsx > WageManagement > IPC 璋冪敤 > getProjects 澶辫触鏃跺簲闈欓粯澶勭悊锛堜笉宕╂簝锛? FAIL  src/__tests__/components/WageManagement.test.tsx > WageManagement > Loading 鐘舵€佸鐞?[2m > 鍔犺浇鏁版嵁鏃朵笉搴斿穿婧? FAIL  src/__tests__/hooks/useToast.test.ts > useToast > 鍒濆鐘舵€?toast 搴斾负 null
 FAIL  src/__tests__/hooks/useToast.test.ts > useToast > showToast 搴旇缃?toast 淇℃伅
 FAIL  src/__tests__/hooks/useToast.test.ts > useToast > showToast 榛樿绫诲瀷搴斾负 info
 FAIL  src/__tests__/hooks/useToast.test.ts > useToast > showToast 搴旀敮鎸?error 绫诲瀷
 FAIL  src/__tests__/hooks/useToast.test.ts > useToast > 榛樿 3000ms 鍚?toast 搴旇嚜鍔ㄦ秷澶? FAIL  src/__tests__/hooks/useToast.test.ts > useToast > 鑷畾涔?duration 搴斿湪鎸囧畾鏃堕棿鍚庢秷澶? FAIL  src/__tests__/hooks/useToast.test.ts > useToast > 杩炵画璋冪敤 showToast 搴旀浛鎹负鏈€鏂版秷鎭? FAIL  src/__tests__/components/features/costLedger/CostLedgerImportModal.test.tsx > CostLedgerImportModal > show=false 鏃惰繑鍥?null
 FAIL  src/__tests__/components/features/costLedger/CostLedgerImportModal.test.tsx > CostLedgerImportModal > show=true 鏃舵覆鏌撴爣棰? FAIL  src/__tests__/components/features/invoices/InvoiceFilters.test.tsx > InvoiceFilters > 鍙戠エ妯″紡锛氭覆鏌撶瓫閫夊櫒
 FAIL  src/__tests__/components/features/invoices/InvoiceFilters.test.tsx > InvoiceFilters > 鏀舵妯″紡锛氭覆鏌撶瓫閫夊櫒
 FAIL  src/__tests__/components/features/invoices/InvoiceFilters.test.tsx > InvoiceFilters > 鍒囨崲鍙戠エ绫诲瀷绛涢€? FAIL  src/__tests__/components/features/invoices/InvoiceFilters.test.tsx > InvoiceFilters > 鍒囨崲鐘舵€佺瓫閫? FAIL  src/__tests__/components/features/invoices/InvoiceFilters.test.tsx > InvoiceFilters > 鍒囨崲椤圭洰绛涢€? FAIL  src/__tests__/components/features/invoices/InvoiceFilters.test.tsx > InvoiceFilters > 杈撳叆鏃ユ湡鍖洪棿
 FAIL  src/__tests__/components/features/invoices/InvoiceFilters.test.tsx > InvoiceFilters > 鐐瑰嚮閲嶇疆鎸夐挳
 FAIL  src/__tests__/components/features/invoices/InvoiceFilters.test.tsx > InvoiceFilters > 鐐瑰嚮鎵撳嵃鎸夐挳
 FAIL  src/__tests__/components/features/invoices/InvoiceFilters.test.tsx > InvoiceFilters > 鐐瑰嚮瀵煎嚭Excel鎸夐挳
 FAIL  src/__tests__/components/features/invoices/InvoiceFilters.test.tsx > InvoiceFilters > 鏀舵妯″紡锛氬垏鎹㈡敹娆剧被鍨? FAIL  src/__tests__/components/features/invoices/InvoiceForm.test.tsx > InvoiceForm > renders in create mode
 FAIL  src/__tests__/components/features/invoices/InvoiceForm.test.tsx > InvoiceForm > renders in edit mode with initialData
 FAIL  src/__tests__/components/features/invoices/InvoiceForm.test.tsx > InvoiceForm > updates form fields on user input
 FAIL  src/__tests__/components/features/invoices/InvoiceForm.test.tsx > InvoiceForm > selects invoice type
 FAIL  src/__tests__/components/features/invoices/InvoiceForm.test.tsx > InvoiceForm > selects invoice kind
 FAIL  src/__tests__/components/features/invoices/InvoiceForm.test.tsx > InvoiceForm > calls onCancel when cancel button clicked
 FAIL  src/__tests__/components/features/invoices/InvoiceForm.test.tsx > InvoiceForm > calls onSubmit with form data when form is submitted
 FAIL  src/__tests__/components/features/invoices/InvoiceForm.test.tsx > InvoiceForm > shows file upload zone
 FAIL  src/__tests__/components/features/invoices/InvoiceForm.test.tsx > InvoiceForm > renders partner selects (seller and buyer)
 FAIL  src/__tests__/components/features/invoices/InvoiceForm.test.tsx > InvoiceForm > renders project select
 FAIL  src/__tests__/components/features/members/MemberCard.test.tsx > MemberCard > renders staff member name and role
 FAIL  src/__tests__/components/features/members/MemberCard.test.tsx > MemberCard > renders phone number
 FAIL  src/__tests__/components/features/members/MemberCard.test.tsx > MemberCard > shows active status badge
 FAIL  src/__tests__/components/features/members/MemberCard.test.tsx > MemberCard > shows left status badge
 FAIL  src/__tests__/components/features/members/MemberCard.test.tsx > MemberCard > shows team leader badge
 FAIL  src/__tests__/components/features/members/MemberCard.test.tsx > MemberCard > calls onClick when card is clicked
 FAIL  src/__tests__/components/features/members/MemberCard.test.tsx > MemberCard > calls onEdit when edit button clicked
 FAIL  src/__tests__/components/features/members/MemberCard.test.tsx > MemberCard > calls onDelete when delete button clicked
 FAIL  src/__tests__/components/features/members/MemberCard.test.tsx > MemberCard > shows idCard number when idCard exists
 FAIL  src/__tests__/components/features/members/MemberCard.test.tsx > MemberCard > shows idCardFront badge when idCardFront exists
 FAIL  src/__tests__/components/features/members/MemberCard.test.tsx > MemberCard > renders worker type for worker member
 FAIL  src/__tests__/components/features/members/MemberCard.test.tsx > MemberCard > renders daily wage for worker member
 FAIL  src/__tests__/components/features/members/MemberCard.test.tsx > MemberCard > shows re-entry button for left worker
 FAIL  src/__tests__/components/features/members/MemberCard.test.tsx > MemberCard > calls onReEntry when re-entry button clicked
 FAIL  src/__tests__/components/features/members/WorkerForm.test.tsx > WorkerForm > 娓叉煋琛ㄥ崟瀛楁
 FAIL  src/__tests__/components/features/members/WorkerForm.test.tsx > WorkerForm > 杈撳叆濮撳悕
 FAIL  src/__tests__/components/features/members/WorkerForm.test.tsx > WorkerForm > 杈撳叆鑱旂郴鐢佃瘽
 FAIL  src/__tests__/components/features/members/WorkerForm.test.tsx > WorkerForm > 杈撳叆宸ョ
 FAIL  src/__tests__/components/features/members/WorkerForm.test.tsx > WorkerForm > 閫夋嫨椤圭洰
 FAIL  src/__tests__/components/features/members/WorkerForm.test.tsx > WorkerForm > 閫夋嫨鐝粍锛堥渶鍏堥€夋嫨椤圭洰锛? FAIL  src/__tests__/components/features/members/WorkerForm.test.tsx > WorkerForm > 杈撳叆鏃ュ伐璧? FAIL  src/__tests__/components/features/members/WorkerForm.test.tsx > WorkerForm > 杈撳叆韬唤璇佸彿骞惰嚜鍔ㄦ帹鏂€у埆
 FAIL  src/__tests__/components/features/members/WorkerForm.test.tsx > WorkerForm > 杈撳叆韬唤璇佸彿鍚庢樉绀烘€у埆閫夋嫨
 FAIL  src/__tests__/components/features/members/WorkerForm.test.tsx > WorkerForm > 閫夋嫨鎬у埆
 FAIL  src/__tests__/components/features/members/WorkerForm.test.tsx > WorkerForm > 杈撳叆姘戞棌
 FAIL  src/__tests__/components/features/members/WorkerForm.test.tsx > WorkerForm > 杈撳叆鍑虹敓鏃ユ湡
 FAIL  src/__tests__/components/features/members/WorkerForm.test.tsx > WorkerForm > 杈撳叆韬唤璇佸湴鍧€
 FAIL  src/__tests__/components/features/members/WorkerForm.test.tsx > WorkerForm > 杈撳叆閾惰鍗″彿鍜屽紑鎴疯
 FAIL  src/__tests__/components/features/members/WorkerForm.test.tsx > WorkerForm > 鍒囨崲涓夌骇瀹夊叏鏁欒偛澶嶉€夋
 FAIL  src/__tests__/components/features/members/WorkerForm.test.tsx > WorkerForm > OCR 鍔犺浇鐘舵€佹樉绀? FAIL  src/__tests__/components/features/members/WorkerForm.test.tsx > WorkerForm > 缂栬緫妯″紡锛氬～鍏呰〃鍗曟暟鎹? FAIL  src/__tests__/components/features/members/WorkerForm.test.tsx > WorkerForm > 鏈€夋嫨椤圭洰鏃剁彮缁勪笅鎷夋绂佺敤
 FAIL  src/__tests__/components/features/members/WorkerForm.test.tsx > WorkerForm > 閫夋嫨椤圭洰鍚庣彮缁勪笅鎷夋鍚敤
 FAIL  src/__tests__/components/features/partners/FileDropZone.test.tsx > FileDropZone > renders upload zone when no file
 FAIL  src/__tests__/components/features/partners/FileDropZone.test.tsx > FileDropZone > applies drag-over style when dragOver=true
 FAIL  src/__tests__/components/features/partners/FileDropZone.test.tsx > FileDropZone > renders file info when file is provided
 FAIL  src/__tests__/components/features/partners/FileDropZone.test.tsx > FileDropZone > calls onClickUpload when upload zone clicked
 FAIL  src/__tests__/components/features/partners/FileDropZone.test.tsx > FileDropZone > calls onRemove when remove button clicked
 FAIL  src/__tests__/components/features/partners/FileDropZone.test.tsx > FileDropZone > shows preview button when onPreview is provided
 FAIL  src/__tests__/components/features/partners/FileDropZone.test.tsx > FileDropZone > shows add-more button when multiple and onAddMore are provided
 FAIL  src/__tests__/components/features/partners/PartnerForm.test.tsx > PartnerForm > renders in add mode
 FAIL  src/__tests__/components/features/partners/PartnerForm.test.tsx > PartnerForm > renders in edit mode with partner data
 FAIL  src/__tests__/components/features/partners/PartnerForm.test.tsx > PartnerForm > updates form fields on user input
 FAIL  src/__tests__/components/features/partners/PartnerForm.test.tsx > PartnerForm > calls onCancel when cancel button clicked
 FAIL  src/__tests__/components/features/partners/PartnerForm.test.tsx > PartnerForm > submits form with required fields
 FAIL  src/__tests__/components/features/projects/ProjectDetail.test.tsx > ProjectDetail > smoke: 娓叉煋涓嶆姤閿? FAIL  src/__tests__/components/features/projects/ProjectDetail.test.tsx > ProjectDetail > smoke: 浼犲叆 members 鍚庢覆鏌? FAIL  src/__tests__/components/features/projects/ProjectForm.test.tsx > ProjectForm > renders in create mode
 FAIL  src/__tests__/components/features/projects/ProjectForm.test.tsx > ProjectForm > renders in edit mode with project data
 FAIL  src/__tests__/components/features/projects/ProjectForm.test.tsx > ProjectForm > updates form fields on user input
 FAIL  src/__tests__/components/features/projects/ProjectForm.test.tsx > ProjectForm > selects project manager
 FAIL  src/__tests__/components/features/projects/ProjectForm.test.tsx > ProjectForm > selects project status
 FAIL  src/__tests__/components/features/projects/ProjectForm.test.tsx > ProjectForm > calls onCancel when cancel button clicked
 FAIL  src/__tests__/components/features/projects/ProjectForm.test.tsx > ProjectForm > shows alert when submitting without project manager
 FAIL  src/__tests__/components/features/projects/ProjectForm.test.tsx > ProjectForm > submits form with valid data
 FAIL  src/__tests__/components/features/projects/ProjectForm.test.tsx > ProjectForm > submits edit form with updated data
Error: [vitest] No "Activity" export is defined on the "lucide-react" mock. Did you forget to return it from "vi.mock"?
If you need to partially mock a module, you can use "importOriginal" helper inside:

vi.mock(import("lucide-react"), async (importOriginal) => {
  const actual = await importOriginal()
  return {
    ...actual,
    // your mocked methods
  }
})

 鉂?[22m src/utils/iconMap.ts:25:3
     23|
     24| export const iconMap: Record<string, LucideIcon> = {
     25|   Activity, AlertCircle, AlertTriangle, ArrowDownCircle, ArrowLeft, Ar鈥?       |   ^
     26|   BadgeCheck, Ban, Banknote, BarChart3, Building2,
     27|   Calendar, CalendarCheck, Camera, Check, CheckCircle, ChevronDown, Ch鈥? 鉂?[22m src/components/ui/Icon.tsx:2:1

鈳幆鈳幆鈳幆鈳幆鈳幆鈳幆鈳幆鈳幆鈳幆鈳幆鈳幆[8/173]鈳?[22m

 FAIL  src/__tests__/hooks/useAuth.test.ts > useAuth > 浠?localStorage 鎭㈠鐧诲綍鐘舵€?AssertionError: expected false to be true // Object.is equality

- Expected
+ Received

- true
+ false

 鉂?[22m src/__tests__/hooks/useAuth.test.ts:131:44
    129|     const { useAuth } = await import('@/hooks/useAuth')
    130|     const { result } = renderHook(() => useAuth())
    131|     expect(result.current.isAuthenticated).toBe(true)
       |                                            ^
    132|     expect(result.current.currentUser?.username).toBe('admin')
    133|   })

鈳幆鈳幆鈳幆鈳幆鈳幆鈳幆鈳幆鈳幆鈳幆鈳幆鈳幆[9/173]鈳?[22m

 FAIL  src/__tests__/hooks/useDataPath.test.ts > useDataPath > handleChangeDataPath 鎴愬姛鏃跺簲鏇存柊璺緞骞惰缃秷鎭?AssertionError: expected '/current/path' to be '/new/path' // Object.is equality

Expected: "/new/path"
Received: "/current/path"

 鉂?[22m src/__tests__/hooks/useDataPath.test.ts:68:37
     66|     })
     67|
     68|     expect(result.current.dataPath).toBe('/new/path')
       |                                     ^
     69|     expect(result.current.message?.type).toBe('success')
     70|     expect(result.current.migrating).toBe(false)

鈳幆鈳幆鈳幆鈳幆鈳幆鈳幆鈳幆鈳幆鈳幆鈳幆鈳痆10/173]鈳?[22m

 FAIL  src/__tests__/hooks/useDataPath.test.ts > useDataPath > handleResetToDefault 鐢ㄦ埛鍙栨秷鏃跺簲涓嶅仛鎿嶄綔
AssertionError: expected 4 to be 3 // Object.is equality

- Expected
+ Received

- 3
+ 4

 鉂?[22m src/__tests__/hooks/useDataPath.test.ts:122:57
    120|
    121|     // confirm 杩斿洖 false 鈫?涓嶅簲鏂板 setDataPath 璋冪敤
    122|     expect(vi.mocked(ea.setDataPath).mock.calls.length).toBe(setDataPa鈥?       |                                                         ^
    123|     confirmSpy.mockRestore()
    124|   })

鈳幆鈳幆鈳幆鈳幆鈳幆鈳幆鈳幆鈳幆鈳幆鈳幆鈳痆11/173]鈳?[22m

 FAIL  src/__tests__/hooks/useDataPath.test.ts > useDataPath > migrating 鍦ㄦ搷浣滄湡闂村簲涓?true
AssertionError: expected false to be true // Object.is equality

Ignored nodes: comments, script, style
<html>
  <head />
  <body>
    <div />
  </body>
</html>

- Expected
+ Received

- true
+ false

 鉂?[22m src/__tests__/hooks/useDataPath.test.ts:163:40
    161|
    162|     await waitFor(() => {
    163|       expect(result.current.migrating).toBe(true)
       |                                        ^
    164|     })
    165|
 鉂?[22m runWithExpensiveErrorDiagnosticsDisabled node_modules/@testing-library/dom/dist/config.js:47:12
 鉂?[22m checkCallback node_modules/@testing-library/dom/dist/wait-for.js:124:77
 鉂?[22m Timeout.checkRealTimersCallback node_modules/@testing-library/dom/dist/wait-for.js:118:16

鈳幆鈳幆鈳幆鈳幆鈳幆鈳幆鈳幆鈳幆鈳幆鈳幆鈳痆12/173]鈳?[22m

 FAIL  src/__tests__/hooks/useInvoicePage.test.ts > useInvoicePage > 鎸傝浇鏃跺姞杞芥墍鏈夋暟鎹?AssertionError: expected [] to have a length of 1 but got +0

- Expected
+ Received

- 1
+ 0

 鉂?[22m src/__tests__/hooks/useInvoicePage.test.ts:73:43
     71|     await waitFor(() => expect(result.current.loading).toBe(false))
     72|     expect(result.current.invoices).toHaveLength(2)
     73|     expect(result.current.paymentRecords).toHaveLength(1)
       |                                           ^
     74|     expect(result.current.projects).toHaveLength(2)
     75|     expect(result.current.partners).toHaveLength(1)

鈳幆鈳幆鈳幆鈳幆鈳幆鈳幆鈳幆鈳幆鈳幆鈳幆鈳痆13/173]鈳?[22m

 FAIL  src/__tests__/hooks/useInvoicePage.test.ts > useInvoicePage > filteredPayments 鎸?type 绛涢€?AssertionError: expected [] to have a length of 1 but got +0

- Expected
+ Received

- 1
+ 0

 鉂?[22m src/__tests__/hooks/useInvoicePage.test.ts:123:45
    121|     await waitFor(() => expect(result.current.loading).toBe(false))
    122|     act(() => { result.current.setFilterPaymentType('invoice_in') })
    123|     expect(result.current.filteredPayments).toHaveLength(1)
       |                                             ^
    124|   })
    125|

鈳幆鈳幆鈳幆鈳幆鈳幆鈳幆鈳幆鈳幆鈳幆鈳幆鈳痆14/173]鈳?[22m

 FAIL  src/__tests__/hooks/useInvoicePage.test.ts > useInvoicePage > filterPaymentProject 绛涢€変粯娆捐褰?AssertionError: expected [] to have a length of 1 but got +0

- Expected
+ Received

- 1
+ 0

 鉂?[22m src/__tests__/hooks/useInvoicePage.test.ts:171:45
    169|     await waitFor(() => expect(result.current.loading).toBe(false))
    170|     act(() => { result.current.setFilterPaymentProject(10) })
    171|     expect(result.current.filteredPayments).toHaveLength(1)
       |                                             ^
    172|   })
    173| })

鈳幆鈳幆鈳幆鈳幆鈳幆鈳幆鈳幆鈳幆鈳幆鈳幆鈳痆15/173]鈳?[22m

 FAIL  src/__tests__/hooks/useTheme.test.ts > useTheme > 榛樿搴斾负 light 涓婚
AssertionError: expected undefined to be 'light' // Object.is equality

- Expected:
"light"

+ Received:
undefined

 鉂?[22m src/__tests__/hooks/useTheme.test.ts:15:34
     13|     const { useTheme } = await import('../../hooks/useTheme')
     14|     const { result } = renderHook(() => useTheme())
     15|     expect(result.current.theme).toBe('light')
       |                                  ^
     16|     expect(result.current.isDark).toBe(false)
     17|   })

鈳幆鈳幆鈳幆鈳幆鈳幆鈳幆鈳幆鈳幆鈳幆鈳幆鈳痆16/173]鈳?[22m

 FAIL  src/__tests__/hooks/useTheme.test.ts > useTheme > 搴斾粠 localStorage 璇诲彇宸蹭繚瀛樼殑 dark 涓婚
AssertionError: expected undefined to be 'dark' // Object.is equality

- Expected:
"dark"

+ Received:
undefined

 鉂?[22m src/__tests__/hooks/useTheme.test.ts:23:34
     21|     const { useTheme } = await import('../../hooks/useTheme')
     22|     const { result } = renderHook(() => useTheme())
     23|     expect(result.current.theme).toBe('dark')
       |                                  ^
     24|     expect(result.current.isDark).toBe(true)
     25|   })

鈳幆鈳幆鈳幆鈳幆鈳幆鈳幆鈳幆鈳幆鈳幆鈳幆鈳痆17/173]鈳?[22m

 FAIL  src/__tests__/hooks/useTheme.test.ts > useTheme > setTheme 搴斿垏鎹富棰樺苟鏇存柊 localStorage
TypeError: result.current.setTheme is not a function
 鉂?[22m src/__tests__/hooks/useTheme.test.ts:32:22
     30|
     31|     act(() => {
     32|       result.current.setTheme('dark')
       |                      ^
     33|     })
     34|
 鉂?[22m node_modules/@testing-library/react/dist/act-compat.js:47:24
 鉂?[22m act node_modules/react/cjs/react.development.js:2512:16
 鉂?[22m node_modules/@testing-library/react/dist/act-compat.js:46:25
 鉂?[22m src/__tests__/hooks/useTheme.test.ts:31:5

鈳幆鈳幆鈳幆鈳幆鈳幆鈳幆鈳幆鈳幆鈳幆鈳幆鈳痆18/173]鈳?[22m

 FAIL  src/__tests__/hooks/useTheme.test.ts > useTheme > toggleTheme 搴斿湪 light 鍜?dark 涔嬮棿鍒囨崲
AssertionError: expected undefined to be 'light' // Object.is equality

- Expected:
"light"

+ Received:
undefined

 鉂?[22m src/__tests__/hooks/useTheme.test.ts:44:34
     42|     const { result } = renderHook(() => useTheme())
     43|
     44|     expect(result.current.theme).toBe('light')
       |                                  ^
     45|
     46|     act(() => {

鈳幆鈳幆鈳幆鈳幆鈳幆鈳幆鈳幆鈳幆鈳幆鈳幆鈳痆19/173]鈳?[22m

 FAIL  src/__tests__/hooks/useTheme.test.ts > useTheme > dark 涓婚鏃跺簲鍦?documentElement 娣诲姞 dark class
TypeError: result.current.setTheme is not a function
 鉂?[22m src/__tests__/hooks/useTheme.test.ts:62:22
     60|
     61|     act(() => {
     62|       result.current.setTheme('dark')
       |                      ^
     63|     })
     64|
 鉂?[22m node_modules/@testing-library/react/dist/act-compat.js:47:24
 鉂?[22m act node_modules/react/cjs/react.development.js:2512:16
 鉂?[22m node_modules/@testing-library/react/dist/act-compat.js:46:25
 鉂?[22m src/__tests__/hooks/useTheme.test.ts:61:5

鈳幆鈳幆鈳幆鈳幆鈳幆鈳幆鈳幆鈳幆鈳幆鈳幆鈳痆20/173]鈳?[22m

 FAIL  src/__tests__/hooks/useTheme.test.ts > useTheme > light 涓婚鏃跺簲绉婚櫎 dark class
AssertionError: expected false to be true // Object.is equality

- Expected
+ Received

- true
+ false

 鉂?[22m src/__tests__/hooks/useTheme.test.ts:73:65
     71|     const { result } = renderHook(() => useTheme())
     72|
     73|     expect(document.documentElement.classList.contains('dark')).toBe(t鈥?       |                                                                 ^
     74|
     75|     act(() => {

鈳幆鈳幆鈳幆鈳幆鈳幆鈳幆鈳幆鈳幆鈳幆鈳幆鈳痆21/173]鈳?[22m

 FAIL  src/__tests__/hooks/useTheme.test.ts > useTheme > localStorage 涓瓨鍌ㄦ棤鏁堝€兼椂搴斿洖閫€鍒?light
AssertionError: expected undefined to be 'light' // Object.is equality

- Expected:
"light"

+ Received:
undefined

 鉂?[22m src/__tests__/hooks/useTheme.test.ts:86:34
     84|     const { useTheme } = await import('../../hooks/useTheme')
     85|     const { result } = renderHook(() => useTheme())
     86|     expect(result.current.theme).toBe('light')
       |                                  ^
     87|   })
     88| })

鈳幆鈳幆鈳幆鈳幆鈳幆鈳幆鈳幆鈳幆鈳幆鈳幆鈳痆22/173]鈳?[22m

 FAIL  src/__tests__/utils/audit.test.ts > audit.ts > logAudit > 搴斿悓姝ュ埌 electronAPI
AssertionError: expected "vi.fn()" to be called 1 times, but got 0 times
 鉂?[22m src/__tests__/utils/audit.test.ts:110:28
    108|     it('搴斿悓姝ュ埌 electronAPI', () => {
    109|       logAudit('create', 'projects', '娴嬭瘯')
    110|       expect(mockAuditLog).toHaveBeenCalledTimes(1)
       |                            ^
    111|     })
    112|

鈳幆鈳幆鈳幆鈳幆鈳幆鈳幆鈳幆鈳幆鈳幆鈳幆鈳痆23/173]鈳?[22m

 FAIL  src/__tests__/utils/format.test.ts > format.ts > formatMoney > 搴旀牸寮忓寲鏁存暟閲戦
AssertionError: expected '1,000' to be '1,000.00' // Object.is equality

Expected: "1,000.00"
Received: "1,000"

 鉂?[22m src/__tests__/utils/format.test.ts:18:33
     16|   describe('formatMoney', () => {
     17|     it('搴旀牸寮忓寲鏁存暟閲戦', () => {
     18|       expect(formatMoney(1000)).toBe('1,000.00')
       |                                 ^
     19|     })
     20|

鈳幆鈳幆鈳幆鈳幆鈳幆鈳幆鈳幆鈳幆鈳幆鈳幆鈳痆24/173]鈳?[22m

 FAIL  src/__tests__/utils/format.test.ts > format.ts > formatMoney > 搴旀牸寮忓寲灏忔暟閲戦
AssertionError: expected '1,234.5' to be '1,234.50' // Object.is equality

Expected: "1,234.50"
Received: "1,234.5"

 鉂?[22m src/__tests__/utils/format.test.ts:22:35
     20|
     21|     it('搴旀牸寮忓寲灏忔暟閲戦', () => {
     22|       expect(formatMoney(1234.5)).toBe('1,234.50')
       |                                   ^
     23|       expect(formatMoney(1234.567)).toBe('1,234.57') // 鍥涜垗浜斿叆
     24|     })

鈳幆鈳幆鈳幆鈳幆鈳幆鈳幆鈳幆鈳幆鈳幆鈳幆鈳痆25/173]鈳?[22m

 FAIL  src/__tests__/utils/format.test.ts > format.ts > formatMoney > 搴斿鐞嗗ぇ棰濇暟瀛?AssertionError: expected '1,000,000' to be '1,000,000.00' // Object.is equality

Expected: "1,000,000.00"
Received: "1,000,000"

 鉂?[22m src/__tests__/utils/format.test.ts:27:36
     25|
     26|     it('搴斿鐞嗗ぇ棰濇暟瀛?, () => {
     27|       expect(formatMoney(1000000)).toBe('1,000,000.00')
       |                                    ^
     28|     })
     29|

鈳幆鈳幆鈳幆鈳幆鈳幆鈳幆鈳幆鈳幆鈳幆鈳幆鈳痆26/173]鈳?[22m

 FAIL  src/__tests__/utils/format.test.ts > format.ts > formatMoney > 搴斿鐞嗛浂鍜岃礋鏁?AssertionError: expected '0' to be '0.00' // Object.is equality

Expected: "0.00"
Received: "0"

 鉂?[22m src/__tests__/utils/format.test.ts:31:30
     29|
     30|     it('搴斿鐞嗛浂鍜岃礋鏁?, () => {
     31|       expect(formatMoney(0)).toBe('0.00')
       |                              ^
     32|       expect(formatMoney(-1000)).toBe('-1,000.00')
     33|     })

鈳幆鈳幆鈳幆鈳幆鈳幆鈳幆鈳幆鈳幆鈳幆鈳幆鈳痆27/173]鈳?[22m

 FAIL  src/__tests__/utils/format.test.ts > format.ts > formatMoney > 搴斿鐞?null/undefined
AssertionError: expected '0' to be '0.00' // Object.is equality

Expected: "0.00"
Received: "0"

 鉂?[22m src/__tests__/utils/format.test.ts:36:33
     34|
     35|     it('搴斿鐞?null/undefined', () => {
     36|       expect(formatMoney(null)).toBe('0.00')
       |                                 ^
     37|       expect(formatMoney(undefined)).toBe('0.00')
     38|     })

鈳幆鈳幆鈳幆鈳幆鈳幆鈳幆鈳幆鈳幆鈳幆鈳幆鈳痆28/173]鈳?[22m

 FAIL  src/__tests__/components/features/costLedger/CostLedgerBatchBar.test.tsx > CostLedgerBatchBar > 闈炲垵濮嬬増搴旀樉绀哄垹闄ゆ寜閽?TestingLibraryElementError: Unable to find an element with the title: 鍒犻櫎姝ょ増鏈強鏁版嵁.

Ignored nodes: comments, script, style
<body>
  <div>
    <div
      class="flex items-center gap-2"
    >
      <div
        class="flex items-center gap-1.5"
      >
        <span
          class="text-xs text-slate-500"
        >
          鐗堟湰
        </span>
        <div
          class="flex items-center gap-1"
        >
          <select
            class="px-2 py-1 border border-slate-300 rounded-lg text-sm bg-white"
          >
            <option
              value="0"
            >
              鍒濆鐗?[0m
            </option>
            <option
              value="1"
            >
              绗簩鐗?[0m
            </option>
          </select>
          <div
            class="inline-flex "
          >
            <button
              class="p-1 text-slate-400 hover:text-blue-600 hover:bg-blue-50 rounded"
            >
              <svg
                class="w-3.5 h-3.5"
                fill="none"
                stroke="currentColor"
                viewBox="0 0 24 24"
              >
                <path
                  d="M11 5H6a2 2 0 00-2 2v11a2 2 0 002 2h11a2 2 0 002-2v-5m-1.414-9.414a2 2 0 112.828 2.828L11.828 15H9v-2.828l8.586-8.586z"
                  stroke-linecap="round"
                  stroke-linejoin="round"
                  stroke-width="2"
                />
              </svg>
            </button>
          </div>
        </div>
      </div>
      <button
        class="bg-white text-slate-700 border border-slate-200 hover:bg-slate-50 active:bg-slate-100 shadow-sm px-3 py-1.5 text-sm gap-1.5"
      >
        + 鏂板缓鐗堟湰
      </button>
      <button
        class="px-3 py-1 text-xs border border-blue-300 text-blue-600 rounded-lg hover:bg-blue-50"
      >
        瀵煎叆 Excel
      </button>
      <button
        class="px-3 py-1 text-xs border border-slate-300 text-slate-600 rounded-lg hover:bg-slate-50 disabled:opacity-40"
      >
        瀵规瘮鐗堟湰
      </button>
      <button
        class="px-3 py-1 text-xs border border-slate-300 text-slate-600 rounded-lg hover:bg-slate-50"
      >
        澶嶅埗鐗堟湰
      </button>
      <div
        class="inline-flex "
      >
        <button
          class="bg-transparent text-slate-600 hover:bg-slate-100 px-3 py-1.5 text-sm gap-1.5 text-red-500 hover:text-red-700"
        >
          <svg
            class="w-3.5 h-3.5 inline"
            fill="none"
            stroke="currentColor"
            viewBox="0 0 24 24"
          >
            <path
              d="M19 7l-.867 12.142A2 2 0 0116.138 21H7.862a2 2 0 01-1.995-1.858L5 7m5 4v6m4-6v6m1-10V4a1 1 0 00-1-1h-4a1 1 0 00-1 1v3M4 7h16"
              stroke-linecap="round"
              stroke-linejoin="round"
              stroke-width="2"
            />
          </svg>
        </button>
      </div>
    </div>
  </div>
</body>
 鉂?[22m Object.getElementError node_modules/@testing-library/dom/dist/config.js:37:19
 鉂?[22m node_modules/@testing-library/dom/dist/query-helpers.js:76:38
 鉂?[22m node_modules/@testing-library/dom/dist/query-helpers.js:52:17
 鉂?[22m node_modules/@testing-library/dom/dist/query-helpers.js:95:19
 鉂?[22m src/__tests__/components/features/costLedger/CostLedgerBatchBar.test.tsx:68:30
     66|     render(React.createElement(CostLedgerBatchBar, { ...baseProps, cur鈥?     67|     // 搴旇鏈夊垹闄VG鎸夐挳锛坱itle="鍒犻櫎姝ょ増鏈強鏁版嵁"锛?[39m
     68|     const deleteBtn = screen.getByTitle('鍒犻櫎姝ょ増鏈強鏁版嵁')
       |                              ^
     69|     expect(deleteBtn).toBeTruthy()
     70|   })

鈳幆鈳幆鈳幆鈳幆鈳幆鈳幆鈳幆鈳幆鈳幆鈳幆鈳痆29/173]鈳?[22m

 FAIL  src/__tests__/components/features/labor/WorkerWageModal.test.tsx > WorkerWageModal > 鐐瑰嚮鍏抽棴搴旇Е鍙?onClose
Error: Unable to fire a "click" event - please provide a DOM element.
 鉂?[22m createEvent node_modules/@testing-library/dom/dist/events.js:27:11
 鉂?[22m createEvent.<computed> [as click] node_modules/@testing-library/dom/dist/events.js:106:38
 鉂?[22m fireEvent.<computed> [as click] node_modules/@testing-library/dom/dist/events.js:110:68
 鉂?[22m fireEvent.<computed> [as click] node_modules/@testing-library/react/dist/fire-event.js:15:52
 鉂?[22m src/__tests__/components/features/labor/WorkerWageModal.test.tsx:96:15
     94|     })
     95|     // 鐐瑰嚮 overlay锛堝灞?fixed div锛?[39m
     96|     fireEvent.click(container.firstElementChild!)
       |               ^
     97|     expect(mockOnClose).toHaveBeenCalled()
     98|   })

鈳幆鈳幆鈳幆鈳幆鈳幆鈳幆鈳幆鈳幆鈳幆鈳幆鈳痆30/173]鈳?[22m

 FAIL  src/__tests__/components/features/projects/ProjectCard.test.tsx > ProjectCard > 宸插畬鎴愰」鐩簲鏄剧ず宸插畬鎴愭爣绛?TestingLibraryElementError: Unable to find an element with the text: 宸插畬鎴? This could be because the text is broken up by multiple elements. In this case, you can provide a function for your text matcher to make your matcher more flexible.

Ignored nodes: comments, script, style
<body>
  <div>
    <div
      class="bg-white border border-slate-200 rounded-2xl p-5 shadow-sm group hover:-translate-y-1 hover:shadow-lg transition-all duration-300 cursor-pointer h-full flex flex-col"
    >
      <div
        class="flex items-start gap-3 mb-3"
      >
        <div
          class="relative"
        >
          <svg
            class="transform -rotate-90 flex-shrink-0"
            height="44"
            width="44"
          >
            <circle
              class="text-slate-200"
              cx="22"
              cy="22"
              fill="none"
              r="20"
              stroke="currentColor"
              stroke-width="4"
            />
            <circle
              class="transition-all duration-700 ease-out"
              cx="22"
              cy="22"
              fill="none"
              r="20"
              stroke="#10b981"
              stroke-dasharray="125.66370614359172"
              stroke-dashoffset="6.283185307179593"
              stroke-linecap="round"
              stroke-width="4"
            />
          </svg>
          <span
            class="absolute inset-0 flex items-center justify-center text-caption font-bold text-slate-700"
          >
            95
          </span>
        </div>
        <div
          class="flex-1 min-w-0"
        >
          <h3
            class="text-base font-semibold text-slate-800 group-hover:text-primary-600 transition-colors truncate"
          >
            瀹夊渤楂樻爣鍑嗗啘鐢伴」鐩?[0m
          </h3>
          <p
            class="text-xs text-slate-400 mt-0.5 truncate"
          >
            鏆傛棤鍦板潃
          </p>
        </div>
        <span
          class="
        inline-flex items-center gap-1.5
        font-medium
        bg-primary-100 text-primary-700
        px-2 py-0.5 text-xs
        rounded-full
        
      "
        >
          宸插畬宸?[0m
        </span>
      </div>
      <p
        class="text-xs text-slate-500 mb-3 line-clamp-2 leading-relaxed flex-1"
      >
        鏆傛棤鎻忚堪
      </p>
      <div
        class="grid grid-cols-2 gap-2 text-xs mt-auto"
      >
        <div
          class="flex items-center gap-1.5 text-slate-500"
        >
          <span
            class="text-slate-400 flex-shrink-0"
            data-testid="icon-UserCircle"
          >
            UserCircle
          </span>
          <span
            class="truncate"
          >
            -
          </span>
        </div>
        <div
          class="flex items-center gap-1.5 text-slate-500"
        >
          <span
            class="text-emerald-500 flex-shrink-0"
            data-testid="icon-DollarSign"
          >
            DollarSign
          </span>
          <span
            class="font-medium text-emerald-600"
          >
            楼500.0涓?[0m
          </span>
        </div>
      </div>
    </div>
  </div>
</body>
 鉂?[22m Object.getElementError node_modules/@testing-library/dom/dist/config.js:37:19
 鉂?[22m node_modules/@testing-library/dom/dist/query-helpers.js:76:38
 鉂?[22m node_modules/@testing-library/dom/dist/query-helpers.js:52:17
 鉂?[22m node_modules/@testing-library/dom/dist/query-helpers.js:95:19
 鉂?[22m src/__tests__/components/features/projects/ProjectCard.test.tsx:65:19
     63|       onClick: mockOnClick, onEdit: mockOnEdit, onDelete: mockOnDelete,
     64|     }))
     65|     expect(screen.getByText('宸插畬鎴?)).toBeTruthy()
       |                   ^
     66|   })
     67|

鈳幆鈳幆鈳幆鈳幆鈳幆鈳幆鈳幆鈳幆鈳幆鈳幆鈳痆31/173]鈳?[22m

 FAIL  src/__tests__/components/features/projects/ProjectCard.test.tsx > ProjectCard > 绛瑰涓」鐩簲鏄剧ず绛瑰涓爣绛?TestingLibraryElementError: Unable to find an element with the text: 绛瑰涓? This could be because the text is broken up by multiple elements. In this case, you can provide a function for your text matcher to make your matcher more flexible.

Ignored nodes: comments, script, style
<body>
  <div>
    <div
      class="bg-white border border-slate-200 rounded-2xl p-5 shadow-sm group hover:-translate-y-1 hover:shadow-lg transition-all duration-300 cursor-pointer h-full flex flex-col"
    >
      <div
        class="flex items-start gap-3 mb-3"
      >
        <div
          class="relative"
        >
          <svg
            class="transform -rotate-90 flex-shrink-0"
            height="44"
            width="44"
          >
            <circle
              class="text-slate-200"
              cx="22"
              cy="22"
              fill="none"
              r="20"
              stroke="currentColor"
              stroke-width="4"
            />
            <circle
              class="transition-all duration-700 ease-out"
              cx="22"
              cy="22"
              fill="none"
              r="20"
              stroke="#f59e0b"
              stroke-dasharray="125.66370614359172"
              stroke-dashoffset="56.54866776461627"
              stroke-linecap="round"
              stroke-width="4"
            />
          </svg>
          <span
            class="absolute inset-0 flex items-center justify-center text-caption font-bold text-slate-700"
          >
            55
          </span>
        </div>
        <div
          class="flex-1 min-w-0"
        >
          <h3
            class="text-base font-semibold text-slate-800 group-hover:text-primary-600 transition-colors truncate"
          >
            瀹夊渤楂樻爣鍑嗗啘鐢伴」鐩?[0m
          </h3>
          <p
            class="text-xs text-slate-400 mt-0.5 truncate"
          >
            鏆傛棤鍦板潃
          </p>
        </div>
        <span
          class="
        inline-flex items-center gap-1.5
        font-medium
        bg-blue-100 text-blue-700
        px-2 py-0.5 text-xs
        rounded-full
        
      "
        >
          瑙勫垝涓?[0m
        </span>
      </div>
      <p
        class="text-xs text-slate-500 mb-3 line-clamp-2 leading-relaxed flex-1"
      >
        鏆傛棤鎻忚堪
      </p>
      <div
        class="grid grid-cols-2 gap-2 text-xs mt-auto"
      >
        <div
          class="flex items-center gap-1.5 text-slate-500"
        >
          <span
            class="text-slate-400 flex-shrink-0"
            data-testid="icon-UserCircle"
          >
            UserCircle
          </span>
          <span
            class="truncate"
          >
            -
          </span>
        </div>
        <div
          class="flex items-center gap-1.5 text-slate-500"
        >
          <span
            class="text-emerald-500 flex-shrink-0"
            data-testid="icon-DollarSign"
          >
            DollarSign
          </span>
          <span
            class="font-medium text-emerald-600"
          >
            楼500.0涓?[0m
          </span>
        </div>
      </div>
    </div>
  </div>
</body>
 鉂?[22m Object.getElementError node_modules/@testing-library/dom/dist/config.js:37:19
 鉂?[22m node_modules/@testing-library/dom/dist/query-helpers.js:76:38
 鉂?[22m node_modules/@testing-library/dom/dist/query-helpers.js:52:17
 鉂?[22m node_modules/@testing-library/dom/dist/query-helpers.js:95:19
 鉂?[22m src/__tests__/components/features/projects/ProjectCard.test.tsx:75:19
     73|       onClick: mockOnClick, onEdit: mockOnEdit, onDelete: mockOnDelete,
     74|     }))
     75|     expect(screen.getByText('绛瑰涓?)).toBeTruthy()
       |                   ^
     76|   })
     77|

鈳幆鈳幆鈳幆鈳幆鈳幆鈳幆鈳幆鈳幆鈳幆鈳幆鈳痆32/173]鈳?[22m

 FAIL  src/__tests__/components/features/projects/ProjectList.test.tsx > ProjectList > 鏈夐」鐩簲鏄剧ず姒傝妯箙
TestingLibraryElementError: Unable to find an element with the text: 椤圭洰鎶曡祫缁勫悎姒傝. This could be because the text is broken up by multiple elements. In this case, you can provide a function for your text matcher to make your matcher more flexible.

Ignored nodes: comments, script, style
<body>
  <div>
    <div
      animate="visible"
      initial="hidden"
      variants="[object Object]"
    >
      <div
        class="grid grid-cols-1 md:grid-cols-2 lg:grid-cols-3 gap-5"
      >
        <div
          class="h-full"
          variants="[object Object]"
        >
          <div
            data-testid="project-card-1"
          >
            瀹夊渤椤圭洰
          </div>
        </div>
        <div
          class="h-full"
          variants="[object Object]"
        >
          <div
            data-testid="project-card-2"
          >
            鎴愰兘椤圭洰
          </div>
        </div>
      </div>
    </div>
  </div>
</body>
 鉂?[22m Object.getElementError node_modules/@testing-library/dom/dist/config.js:37:19
 鉂?[22m node_modules/@testing-library/dom/dist/query-helpers.js:76:38
 鉂?[22m node_modules/@testing-library/dom/dist/query-helpers.js:52:17
 鉂?[22m node_modules/@testing-library/dom/dist/query-helpers.js:95:19
 鉂?[22m src/__tests__/components/features/projects/ProjectList.test.tsx:67:19
     65|     const { ProjectList } = await importModule()
     66|     render(React.createElement(ProjectList, baseProps))
     67|     expect(screen.getByText('椤圭洰鎶曡祫缁勫悎姒傝')).toBeTruthy()
       |                   ^
     68|   })
     69|

鈳幆鈳幆鈳幆鈳幆鈳幆鈳幆鈳幆鈳幆鈳幆鈳幆鈳痆33/173]鈳?[22m

 FAIL  src/__tests__/components/features/projects/ProjectList.test.tsx > ProjectList > 姒傝搴旀樉绀洪」鐩€绘暟
TestingLibraryElementError: Unable to find an element with the text: 2. This could be because the text is broken up by multiple elements. In this case, you can provide a function for your text matcher to make your matcher more flexible.

Ignored nodes: comments, script, style
<body>
  <div>
    <div
      animate="visible"
      initial="hidden"
      variants="[object Object]"
    >
      <div
        class="grid grid-cols-1 md:grid-cols-2 lg:grid-cols-3 gap-5"
      >
        <div
          class="h-full"
          variants="[object Object]"
        >
          <div
            data-testid="project-card-1"
          >
            瀹夊渤椤圭洰
          </div>
        </div>
        <div
          class="h-full"
          variants="[object Object]"
        >
          <div
            data-testid="project-card-2"
          >
            鎴愰兘椤圭洰
          </div>
        </div>
      </div>
    </div>
  </div>
</body>
 鉂?[22m Object.getElementError node_modules/@testing-library/dom/dist/config.js:37:19
 鉂?[22m node_modules/@testing-library/dom/dist/query-helpers.js:76:38
 鉂?[22m node_modules/@testing-library/dom/dist/query-helpers.js:52:17
 鉂?[22m node_modules/@testing-library/dom/dist/query-helpers.js:95:19
 鉂?[22m src/__tests__/components/features/projects/ProjectList.test.tsx:73:19
     71|     const { ProjectList } = await importModule()
     72|     render(React.createElement(ProjectList, baseProps))
     73|     expect(screen.getByText('2')).toBeTruthy()
       |                   ^
     74|   })
     75|

鈳幆鈳幆鈳幆鈳幆鈳幆鈳幆鈳幆鈳幆鈳幆鈳幆鈳痆34/173]鈳?[22m

 FAIL  src/__tests__/components/features/projects/ProjectList.test.tsx > ProjectList > 姒傝搴旀樉绀鸿繘琛屼腑鏁伴噺
TestingLibraryElementError: Unable to find an element with the text: 1. This could be because the text is broken up by multiple elements. In this case, you can provide a function for your text matcher to make your matcher more flexible.

Ignored nodes: comments, script, style
<body>
  <div>
    <div
      animate="visible"
      initial="hidden"
      variants="[object Object]"
    >
      <div
        class="grid grid-cols-1 md:grid-cols-2 lg:grid-cols-3 gap-5"
      >
        <div
          class="h-full"
          variants="[object Object]"
        >
          <div
            data-testid="project-card-1"
          >
            瀹夊渤椤圭洰
          </div>
        </div>
        <div
          class="h-full"
          variants="[object Object]"
        >
          <div
            data-testid="project-card-2"
          >
            鎴愰兘椤圭洰
          </div>
        </div>
      </div>
    </div>
  </div>
</body>
 鉂?[22m Object.getElementError node_modules/@testing-library/dom/dist/config.js:37:19
 鉂?[22m node_modules/@testing-library/dom/dist/query-helpers.js:76:38
 鉂?[22m node_modules/@testing-library/dom/dist/query-helpers.js:52:17
 鉂?[22m node_modules/@testing-library/dom/dist/query-helpers.js:95:19
 鉂?[22m src/__tests__/components/features/projects/ProjectList.test.tsx:79:19
     77|     const { ProjectList } = await importModule()
     78|     render(React.createElement(ProjectList, baseProps))
     79|     expect(screen.getByText('1')).toBeTruthy()
       |                   ^
     80|   })
     81|

鈳幆鈳幆鈳幆鈳幆鈳幆鈳幆鈳幆鈳幆鈳幆鈳幆鈳痆35/173]鈳?[22m

 FAIL  src/__tests__/components/features/settlement/SettlementList.test.tsx > SettlementList > 搴旀覆鏌撴搷浣滄寜閽?TestingLibraryElementError: Unable to find an element with the title: 缂栬緫.

Ignored nodes: comments, script, style
<body>
  <div>
    <div
      class="flex flex-col h-full bg-white rounded-xl shadow-sm border border-slate-200 overflow-hidden "
    >
      <div
        class="flex-1 overflow-hidden min-h-0"
      >
        <div
          class="h-full overflow-auto"
        >
          <table
            class="w-full border-separate border-spacing-0"
          >
            <thead
              class="bg-slate-50 border-b border-slate-200 sticky top-0 z-10"
            >
              <tr>
                <th
                  class="px-4 py-3 text-left text-xs font-semibold text-slate-500 uppercase tracking-wider whitespace-nowrap  "
                >
                  <span
                    class="inline-flex items-center gap-1"
                  >
                    缁撶畻鍚嶇О
                  </span>
                </th>
                <th
                  class="px-4 py-3 text-left text-xs font-semibold text-slate-500 uppercase tracking-wider whitespace-nowrap  "
                >
                  <span
                    class="inline-flex items-center gap-1"
                  >
                    绫诲埆
                    <button
                      class="ml-1 shrink-0 rounded p-0.5 transition-colors text-slate-300 hover:text-slate-500"
                      title="绛涢€夌被鍒?
                      type="button"
                    >
                      <svg
                        fill="currentColor"
                        height="10"
                        viewBox="0 0 10 10"
                        width="10"
                      >
                        <path
                          d="M0 0h10L6 4.5V9L4 10V4.5L0 0z"
                        />
                      </svg>
                    </button>
                  </span>
                </th>
                <th
                  class="px-4 py-3 text-left text-xs font-semibold text-slate-500 uppercase tracking-wider whitespace-nowrap  "
                >
                  <span
                    class="inline-flex items-center gap-1"
                  >
                    鍗曚綅
                  </span>
                </th>
                <th
                  class="px-4 py-3 text-left text-xs font-semibold text-slate-500 uppercase tracking-wider whitespace-nowrap  cursor-pointer select-none hover:bg-slate-100"
                >
                  <span
                    class="inline-flex items-center gap-1"
                  >
                    缁撶畻鏃ユ湡
                    <span
                      class="text-slate-400 text-caption"
                    >
                      鈫?[0m
                    </span>
                  </span>
                </th>
                <th
                  class="px-4 py-3 text-left text-xs font-semibold text-slate-500 uppercase tracking-wider whitespace-nowrap text-right cursor-pointer select-none hover:bg-slate-100"
                >
                  <span
                    class="inline-flex items-center gap-1"
                  >
                    閲戦
                    <span
                      class="text-slate-400 text-caption"
                    >
                      鈫?[0m
                    </span>
                  </span>
                </th>
                <th
                  class="px-4 py-3 text-left text-xs font-semibold text-slate-500 uppercase tracking-wider whitespace-nowrap text-center "
                >
                  <span
                    class="inline-flex items-center gap-1"
                  >
                    鐘舵€?[0m
                    <button
                      class="ml-1 shrink-0 rounded p-0.5 transition-colors text-slate-300 hover:text-slate-500"
                      title="绛涢€夌姸鎬?
                      type="button"
                    >
                      <svg
                        fill="currentColor"
                        height="10"
                        viewBox="0 0 10 10"
                        width="10"
                      >
                        <path
                          d="M0 0h10L6 4.5V9L4 10V4.5L0 0z"
                        />
                      </svg>
                    </button>
                  </span>
                </th>
                <th
                  class="px-4 py-3 text-left text-xs font-semibold text-slate-500 uppercase tracking-wider whitespace-nowrap text-center "
                >
                  <span
                    class="inline-flex items-center gap-1"
                  >
                    鎿嶄綔
                  </span>
                </th>
              </tr>
            </thead>
            <tbody>
              <tr
                class="border-t border-slate-100 transition-colors "
              >
                <td
                  class="px-4 py-3 text-sm text-slate-700 "
                >
                  <div
                    class="flex items-center gap-2"
                  >
                    <span
                      class="text-emerald-500"
                    >
                      鈫?[0m
                    </span>
                    <div>
                      <div
                        class="font-medium text-slate-800 text-sm"
                      >
                        鏉愭枡缁撶畻鍗?001
                      </div>
                      <div
                        class="text-xs text-slate-400"
                      >
                        JS-2026-001
                      </div>
                    </div>
                  </div>
                </td>
                <td
                  class="px-4 py-3 text-sm text-slate-700 "
                >
                  <span
                    class="text-sm text-slate-600"
                  >
                    鏉愭枡缁撶畻
                  </span>
                </td>
                <td
                  class="px-4 py-3 text-sm text-slate-700 "
                >
                  <span
                    class="text-sm text-slate-600"
                  >
                    娴嬭瘯鏉愭枡鍏徃
                  </span>
                </td>
                <td
                  class="px-4 py-3 text-sm text-slate-700 "
                >
                  <span
                    class="text-sm text-slate-500"
                  >
                    2026-01-15
                  </span>
                </td>
                <td
                  class="px-4 py-3 text-sm text-slate-700 text-right"
                >
                  <span
                    class="font-semibold text-slate-800"
                  >
                    楼
                    100,000
                  </span>
                </td>
                <td
                  class="px-4 py-3 text-sm text-slate-700 text-center"
                >
                  <div>
                    <span
                      class="px-2 py-1 rounded-full text-xs font-medium bg-slate-100 text-slate-600"
                    >
                      鑽夌
                    </span>
                  </div>
                </td>
                <td
                  class="px-4 py-3 text-sm text-slate-700 text-center"
                >
                  <div
                    class="flex items-center justify-center gap-0.5"
                  >
                    <div
                      class="inline-flex "
                    >
                      <button
                        class="p-1.5 text-slate-400 hover:text-slate-600 hover:bg-slate-100 rounded"
                      >
                        <span
                          data-testid="icon-Printer"
                        >
                          Printer
                        </span>
                      </button>
                    </div>
                    <div
                      class="inline-flex "
                    >
                      <button
                        class="p-1.5 text-emerald-500 hover:bg-emerald-50 rounded"
                      >
                        <span
                          data-testid="icon-Check"
                        >
                          Check
                        </span>
                      </button>
                    </div>
                    <div
                      class="inline-flex "
                    >
                      <button
                        class="p-1.5 text-primary-500 hover:bg-primary-50 rounded"
                      >
                        <span
                          data-testid="icon-Edit3"
                        >
                          Edit3
                        </span>
                      </button>
                    </div>
                    <div
                      class="inline-flex "
                    >
                      <button
                        class="bg-danger-500 text-white hover:bg-danger-600 active:bg-danger-700 shadow-sm hover:shadow-md px-3 py-1.5 text-sm gap-1.5"
                      >
                        <span
                          data-testid="icon-Trash2"
                        >
                          Trash2
                        </span>
                      </button>
                    </div>
                  </div>
                </td>
              </tr>
            </tbody>
          </table>
        </div>
      </div>
    </div>
  </div>
</body>
 鉂?[22m Object.getElementError node_modules/@testing-library/dom/dist/config.js:37:19
 鉂?[22m node_modules/@testing-library/dom/dist/query-helpers.js:76:38
 鉂?[22m node_modules/@testing-library/dom/dist/query-helpers.js:52:17
 鉂?[22m node_modules/@testing-library/dom/dist/query-helpers.js:95:19
 鉂?[22m src/__tests__/components/features/settlement/SettlementList.test.tsx:103:19
    101|     const { SettlementList } = await importModule()
    102|     render(React.createElement(SettlementList, baseProps))
    103|     expect(screen.getByTitle('缂栬緫')).toBeTruthy()
       |                   ^
    104|     expect(screen.getByTitle('鎵撳嵃')).toBeTruthy()
    105|     expect(screen.getByTitle('鍔炵悊')).toBeTruthy()

鈳幆鈳幆鈳幆鈳幆鈳幆鈳幆鈳幆鈳幆鈳幆鈳幆鈳痆36/173]鈳?[22m

 FAIL  src/__tests__/components/features/settlement/SettlementList.test.tsx > SettlementList > 鐐瑰嚮缂栬緫搴旇Е鍙?onEdit
TestingLibraryElementError: Unable to find an element with the title: 缂栬緫.

Ignored nodes: comments, script, style
<body>
  <div>
    <div
      class="flex flex-col h-full bg-white rounded-xl shadow-sm border border-slate-200 overflow-hidden "
    >
      <div
        class="flex-1 overflow-hidden min-h-0"
      >
        <div
          class="h-full overflow-auto"
        >
          <table
            class="w-full border-separate border-spacing-0"
          >
            <thead
              class="bg-slate-50 border-b border-slate-200 sticky top-0 z-10"
            >
              <tr>
                <th
                  class="px-4 py-3 text-left text-xs font-semibold text-slate-500 uppercase tracking-wider whitespace-nowrap  "
                >
                  <span
                    class="inline-flex items-center gap-1"
                  >
                    缁撶畻鍚嶇О
                  </span>
                </th>
                <th
                  class="px-4 py-3 text-left text-xs font-semibold text-slate-500 uppercase tracking-wider whitespace-nowrap  "
                >
                  <span
                    class="inline-flex items-center gap-1"
                  >
                    绫诲埆
                    <button
                      class="ml-1 shrink-0 rounded p-0.5 transition-colors text-slate-300 hover:text-slate-500"
                      title="绛涢€夌被鍒?
                      type="button"
                    >
                      <svg
                        fill="currentColor"
                        height="10"
                        viewBox="0 0 10 10"
                        width="10"
                      >
                        <path
                          d="M0 0h10L6 4.5V9L4 10V4.5L0 0z"
                        />
                      </svg>
                    </button>
                  </span>
                </th>
                <th
                  class="px-4 py-3 text-left text-xs font-semibold text-slate-500 uppercase tracking-wider whitespace-nowrap  "
                >
                  <span
                    class="inline-flex items-center gap-1"
                  >
                    鍗曚綅
                  </span>
                </th>
                <th
                  class="px-4 py-3 text-left text-xs font-semibold text-slate-500 uppercase tracking-wider whitespace-nowrap  cursor-pointer select-none hover:bg-slate-100"
                >
                  <span
                    class="inline-flex items-center gap-1"
                  >
                    缁撶畻鏃ユ湡
                    <span
                      class="text-slate-400 text-caption"
                    >
                      鈫?[0m
                    </span>
                  </span>
                </th>
                <th
                  class="px-4 py-3 text-left text-xs font-semibold text-slate-500 uppercase tracking-wider whitespace-nowrap text-right cursor-pointer select-none hover:bg-slate-100"
                >
                  <span
                    class="inline-flex items-center gap-1"
                  >
                    閲戦
                    <span
                      class="text-slate-400 text-caption"
                    >
                      鈫?[0m
                    </span>
                  </span>
                </th>
                <th
                  class="px-4 py-3 text-left text-xs font-semibold text-slate-500 uppercase tracking-wider whitespace-nowrap text-center "
                >
                  <span
                    class="inline-flex items-center gap-1"
                  >
                    鐘舵€?[0m
                    <button
                      class="ml-1 shrink-0 rounded p-0.5 transition-colors text-slate-300 hover:text-slate-500"
                      title="绛涢€夌姸鎬?
                      type="button"
                    >
                      <svg
                        fill="currentColor"
                        height="10"
                        viewBox="0 0 10 10"
                        width="10"
                      >
                        <path
                          d="M0 0h10L6 4.5V9L4 10V4.5L0 0z"
                        />
                      </svg>
                    </button>
                  </span>
                </th>
                <th
                  class="px-4 py-3 text-left text-xs font-semibold text-slate-500 uppercase tracking-wider whitespace-nowrap text-center "
                >
                  <span
                    class="inline-flex items-center gap-1"
                  >
                    鎿嶄綔
                  </span>
                </th>
              </tr>
            </thead>
            <tbody>
              <tr
                class="border-t border-slate-100 transition-colors "
              >
                <td
                  class="px-4 py-3 text-sm text-slate-700 "
                >
                  <div
                    class="flex items-center gap-2"
                  >
                    <span
                      class="text-emerald-500"
                    >
                      鈫?[0m
                    </span>
                    <div>
                      <div
                        class="font-medium text-slate-800 text-sm"
                      >
                        鏉愭枡缁撶畻鍗?001
                      </div>
                      <div
                        class="text-xs text-slate-400"
                      >
                        JS-2026-001
                      </div>
                    </div>
                  </div>
                </td>
                <td
                  class="px-4 py-3 text-sm text-slate-700 "
                >
                  <span
                    class="text-sm text-slate-600"
                  >
                    鏉愭枡缁撶畻
                  </span>
                </td>
                <td
                  class="px-4 py-3 text-sm text-slate-700 "
                >
                  <span
                    class="text-sm text-slate-600"
                  >
                    娴嬭瘯鏉愭枡鍏徃
                  </span>
                </td>
                <td
                  class="px-4 py-3 text-sm text-slate-700 "
                >
                  <span
                    class="text-sm text-slate-500"
                  >
                    2026-01-15
                  </span>
                </td>
                <td
                  class="px-4 py-3 text-sm text-slate-700 text-right"
                >
                  <span
                    class="font-semibold text-slate-800"
                  >
                    楼
                    100,000
                  </span>
                </td>
                <td
                  class="px-4 py-3 text-sm text-slate-700 text-center"
                >
                  <div>
                    <span
                      class="px-2 py-1 rounded-full text-xs font-medium bg-slate-100 text-slate-600"
                    >
                      鑽夌
                    </span>
                  </div>
                </td>
                <td
                  class="px-4 py-3 text-sm text-slate-700 text-center"
                >
                  <div
                    class="flex items-center justify-center gap-0.5"
                  >
                    <div
                      class="inline-flex "
                    >
                      <button
                        class="p-1.5 text-slate-400 hover:text-slate-600 hover:bg-slate-100 rounded"
                      >
                        <span
                          data-testid="icon-Printer"
                        >
                          Printer
                        </span>
                      </button>
                    </div>
                    <div
                      class="inline-flex "
                    >
                      <button
                        class="p-1.5 text-emerald-500 hover:bg-emerald-50 rounded"
                      >
                        <span
                          data-testid="icon-Check"
                        >
                          Check
                        </span>
                      </button>
                    </div>
                    <div
                      class="inline-flex "
                    >
                      <button
                        class="p-1.5 text-primary-500 hover:bg-primary-50 rounded"
                      >
                        <span
                          data-testid="icon-Edit3"
                        >
                          Edit3
                        </span>
                      </button>
                    </div>
                    <div
                      class="inline-flex "
                    >
                      <button
                        class="bg-danger-500 text-white hover:bg-danger-600 active:bg-danger-700 shadow-sm hover:shadow-md px-3 py-1.5 text-sm gap-1.5"
                      >
                        <span
                          data-testid="icon-Trash2"
                        >
                          Trash2
                        </span>
                      </button>
                    </div>
                  </div>
                </td>
              </tr>
            </tbody>
          </table>
        </div>
      </div>
    </div>
  </div>
</body>
 鉂?[22m Object.getElementError node_modules/@testing-library/dom/dist/config.js:37:19
 鉂?[22m node_modules/@testing-library/dom/dist/query-helpers.js:76:38
 鉂?[22m node_modules/@testing-library/dom/dist/query-helpers.js:52:17
 鉂?[22m node_modules/@testing-library/dom/dist/query-helpers.js:95:19
 鉂?[22m src/__tests__/components/features/settlement/SettlementList.test.tsx:112:28
    110|     const { SettlementList } = await importModule()
    111|     render(React.createElement(SettlementList, baseProps))
    112|     fireEvent.click(screen.getByTitle('缂栬緫'))
       |                            ^
    113|     expect(mockOnEdit).toHaveBeenCalledWith(baseSettlement)
    114|   })

鈳幆鈳幆鈳幆鈳幆鈳幆鈳幆鈳幆鈳幆鈳幆鈳幆鈳痆37/173]鈳?[22m

 FAIL  src/__tests__/components/features/settlement/SettlementList.test.tsx > SettlementList > 鐐瑰嚮鍒犻櫎搴旇Е鍙?onDelete
TestingLibraryElementError: Unable to find an element with the title: 鍒犻櫎.

Ignored nodes: comments, script, style
<body>
  <div>
    <div
      class="flex flex-col h-full bg-white rounded-xl shadow-sm border border-slate-200 overflow-hidden "
    >
      <div
        class="flex-1 overflow-hidden min-h-0"
      >
        <div
          class="h-full overflow-auto"
        >
          <table
            class="w-full border-separate border-spacing-0"
          >
            <thead
              class="bg-slate-50 border-b border-slate-200 sticky top-0 z-10"
            >
              <tr>
                <th
                  class="px-4 py-3 text-left text-xs font-semibold text-slate-500 uppercase tracking-wider whitespace-nowrap  "
                >
                  <span
                    class="inline-flex items-center gap-1"
                  >
                    缁撶畻鍚嶇О
                  </span>
                </th>
                <th
                  class="px-4 py-3 text-left text-xs font-semibold text-slate-500 uppercase tracking-wider whitespace-nowrap  "
                >
                  <span
                    class="inline-flex items-center gap-1"
                  >
                    绫诲埆
                    <button
                      class="ml-1 shrink-0 rounded p-0.5 transition-colors text-slate-300 hover:text-slate-500"
                      title="绛涢€夌被鍒?
                      type="button"
                    >
                      <svg
                        fill="currentColor"
                        height="10"
                        viewBox="0 0 10 10"
                        width="10"
                      >
                        <path
                          d="M0 0h10L6 4.5V9L4 10V4.5L0 0z"
                        />
                      </svg>
                    </button>
                  </span>
                </th>
                <th
                  class="px-4 py-3 text-left text-xs font-semibold text-slate-500 uppercase tracking-wider whitespace-nowrap  "
                >
                  <span
                    class="inline-flex items-center gap-1"
                  >
                    鍗曚綅
                  </span>
                </th>
                <th
                  class="px-4 py-3 text-left text-xs font-semibold text-slate-500 uppercase tracking-wider whitespace-nowrap  cursor-pointer select-none hover:bg-slate-100"
                >
                  <span
                    class="inline-flex items-center gap-1"
                  >
                    缁撶畻鏃ユ湡
                    <span
                      class="text-slate-400 text-caption"
                    >
                      鈫?[0m
                    </span>
                  </span>
                </th>
                <th
                  class="px-4 py-3 text-left text-xs font-semibold text-slate-500 uppercase tracking-wider whitespace-nowrap text-right cursor-pointer select-none hover:bg-slate-100"
                >
                  <span
                    class="inline-flex items-center gap-1"
                  >
                    閲戦
                    <span
                      class="text-slate-400 text-caption"
                    >
                      鈫?[0m
                    </span>
                  </span>
                </th>
                <th
                  class="px-4 py-3 text-left text-xs font-semibold text-slate-500 uppercase tracking-wider whitespace-nowrap text-center "
                >
                  <span
                    class="inline-flex items-center gap-1"
                  >
                    鐘舵€?[0m
                    <button
                      class="ml-1 shrink-0 rounded p-0.5 transition-colors text-slate-300 hover:text-slate-500"
                      title="绛涢€夌姸鎬?
                      type="button"
                    >
                      <svg
                        fill="currentColor"
                        height="10"
                        viewBox="0 0 10 10"
                        width="10"
                      >
                        <path
                          d="M0 0h10L6 4.5V9L4 10V4.5L0 0z"
                        />
                      </svg>
                    </button>
                  </span>
                </th>
                <th
                  class="px-4 py-3 text-left text-xs font-semibold text-slate-500 uppercase tracking-wider whitespace-nowrap text-center "
                >
                  <span
                    class="inline-flex items-center gap-1"
                  >
                    鎿嶄綔
                  </span>
                </th>
              </tr>
            </thead>
            <tbody>
              <tr
                class="border-t border-slate-100 transition-colors "
              >
                <td
                  class="px-4 py-3 text-sm text-slate-700 "
                >
                  <div
                    class="flex items-center gap-2"
                  >
                    <span
                      class="text-emerald-500"
                    >
                      鈫?[0m
                    </span>
                    <div>
                      <div
                        class="font-medium text-slate-800 text-sm"
                      >
                        鏉愭枡缁撶畻鍗?001
                      </div>
                      <div
                        class="text-xs text-slate-400"
                      >
                        JS-2026-001
                      </div>
                    </div>
                  </div>
                </td>
                <td
                  class="px-4 py-3 text-sm text-slate-700 "
                >
                  <span
                    class="text-sm text-slate-600"
                  >
                    鏉愭枡缁撶畻
                  </span>
                </td>
                <td
                  class="px-4 py-3 text-sm text-slate-700 "
                >
                  <span
                    class="text-sm text-slate-600"
                  >
                    娴嬭瘯鏉愭枡鍏徃
                  </span>
                </td>
                <td
                  class="px-4 py-3 text-sm text-slate-700 "
                >
                  <span
                    class="text-sm text-slate-500"
                  >
                    2026-01-15
                  </span>
                </td>
                <td
                  class="px-4 py-3 text-sm text-slate-700 text-right"
                >
                  <span
                    class="font-semibold text-slate-800"
                  >
                    楼
                    100,000
                  </span>
                </td>
                <td
                  class="px-4 py-3 text-sm text-slate-700 text-center"
                >
                  <div>
                    <span
                      class="px-2 py-1 rounded-full text-xs font-medium bg-slate-100 text-slate-600"
                    >
                      鑽夌
                    </span>
                  </div>
                </td>
                <td
                  class="px-4 py-3 text-sm text-slate-700 text-center"
                >
                  <div
                    class="flex items-center justify-center gap-0.5"
                  >
                    <div
                      class="inline-flex "
                    >
                      <button
                        class="p-1.5 text-slate-400 hover:text-slate-600 hover:bg-slate-100 rounded"
                      >
                        <span
                          data-testid="icon-Printer"
                        >
                          Printer
                        </span>
                      </button>
                    </div>
                    <div
                      class="inline-flex "
                    >
                      <button
                        class="p-1.5 text-emerald-500 hover:bg-emerald-50 rounded"
                      >
                        <span
                          data-testid="icon-Check"
                        >
                          Check
                        </span>
                      </button>
                    </div>
                    <div
                      class="inline-flex "
                    >
                      <button
                        class="p-1.5 text-primary-500 hover:bg-primary-50 rounded"
                      >
                        <span
                          data-testid="icon-Edit3"
                        >
                          Edit3
                        </span>
                      </button>
                    </div>
                    <div
                      class="inline-flex "
                    >
                      <button
                        class="bg-danger-500 text-white hover:bg-danger-600 active:bg-danger-700 shadow-sm hover:shadow-md px-3 py-1.5 text-sm gap-1.5"
                      >
                        <span
                          data-testid="icon-Trash2"
                        >
                          Trash2
                        </span>
                      </button>
                    </div>
                  </div>
                </td>
              </tr>
            </tbody>
          </table>
        </div>
      </div>
    </div>
  </div>
</body>
 鉂?[22m Object.getElementError node_modules/@testing-library/dom/dist/config.js:37:19
 鉂?[22m node_modules/@testing-library/dom/dist/query-helpers.js:76:38
 鉂?[22m node_modules/@testing-library/dom/dist/query-helpers.js:52:17
 鉂?[22m node_modules/@testing-library/dom/dist/query-helpers.js:95:19
 鉂?[22m src/__tests__/components/features/settlement/SettlementList.test.tsx:119:28
    117|     const { SettlementList } = await importModule()
    118|     render(React.createElement(SettlementList, baseProps))
    119|     fireEvent.click(screen.getByTitle('鍒犻櫎'))
       |                            ^
    120|     expect(mockOnDelete).toHaveBeenCalledWith(1)
    121|   })

鈳幆鈳幆鈳幆鈳幆鈳幆鈳幆鈳幆鈳幆鈳幆鈳幆鈳痆38/173]鈳?[22m

 FAIL  src/__tests__/components/features/templates/TemplateCard.test.tsx > TemplateCard > 鐐瑰嚮棰勮鎸夐挳搴旇Е鍙?onPreview
TestingLibraryElementError: Unable to find an element with the title: 棰勮.

Ignored nodes: comments, script, style
<body>
  <div>
    <div
      class="bg-white border border-slate-200 rounded-xl p-5 shadow-sm hover:shadow-md hover:border-slate-300 transition-all duration-200"
    >
      <div
        class="flex items-start justify-between mb-3"
      >
        <div
          class="flex items-center gap-3 min-w-0"
        >
          <div
            class="w-10 h-10 rounded-lg flex items-center justify-center flex-shrink-0 bg-blue-50 text-blue-600"
          >
            <span
              data-testid="icon-FileText"
            >
              FileText
            </span>
          </div>
          <div
            class="min-w-0"
          >
            <h3
              class="text-sm font-semibold text-slate-800 truncate"
            >
              鏀跺叆鍚堝悓妯℃澘
            </h3>
            <div
              class="flex items-center gap-2 mt-0.5"
            >
              <span
                class="text-xs text-slate-400"
              >
                鍚堝悓妯℃澘
              </span>
              <span
                class="text-xs px-1.5 py-0.5 rounded bg-slate-100 text-slate-500 font-medium"
              >
                DOCX
              </span>
            </div>
          </div>
        </div>
      </div>
      <p
        class="text-xs text-slate-500 mb-3 line-clamp-2"
      >
        鏍囧噯鏀跺叆鍚堝悓妯℃澘
      </p>
      <div
        class="flex flex-wrap gap-1 mb-4"
      >
        <span
          class="px-1.5 py-0.5 rounded text-caption bg-slate-50 text-slate-500 border border-slate-100"
        >
          鐢叉柟
        </span>
        <span
          class="px-1.5 py-0.5 rounded text-caption bg-slate-50 text-slate-500 border border-slate-100"
        >
          涔欐柟
        </span>
      </div>
      <div
        class="flex items-center gap-1 pt-3 border-t border-slate-100"
      >
        <button
          class="bg-white text-slate-700 border border-slate-200 hover:bg-slate-50 active:bg-slate-100 shadow-sm px-3 py-1.5 text-sm gap-1.5"
        >
          <span
            data-testid="icon-Eye"
          >
            Eye
          </span>
           棰勮
        </button>
        <button
          class="bg-transparent text-slate-600 hover:bg-slate-100 px-3 py-1.5 text-sm gap-1.5 text-primary-600"
        >
          <span
            data-testid="icon-FileText"
          >
            FileText
          </span>
           鐢熸垚
        </button>
        <div
          class="flex-1"
        />
        <div
          class="inline-flex "
        >
          <button
            class="bg-transparent text-slate-600 hover:bg-slate-100 px-3 py-1.5 text-sm gap-1.5 text-slate-500"
          >
            <span
              data-testid="icon-Edit3"
            >
              Edit3
            </span>
          </button>
        </div>
        <div
          class="inline-flex "
        >
          <button
            class="bg-danger-500 text-white hover:bg-danger-600 active:bg-danger-700 shadow-sm hover:shadow-md px-3 py-1.5 text-sm gap-1.5"
          >
            <span
              data-testid="icon-Trash2"
            >
              Trash2
            </span>
          </button>
        </div>
      </div>
    </div>
  </div>
</body>
 鉂?[22m Object.getElementError node_modules/@testing-library/dom/dist/config.js:37:19
 鉂?[22m node_modules/@testing-library/dom/dist/query-helpers.js:76:38
 鉂?[22m node_modules/@testing-library/dom/dist/query-helpers.js:52:17
 鉂?[22m node_modules/@testing-library/dom/dist/query-helpers.js:95:19
 鉂?[22m src/__tests__/components/features/templates/TemplateCard.test.tsx:124:28
    122|       onGenerate: mockOnGenerate,
    123|     }))
    124|     fireEvent.click(screen.getByTitle('棰勮'))
       |                            ^
    125|     expect(mockOnPreview).toHaveBeenCalledWith(baseTemplate)
    126|   })

鈳幆鈳幆鈳幆鈳幆鈳幆鈳幆鈳幆鈳幆鈳幆鈳幆鈳痆39/173]鈳?[22m

 FAIL  src/__tests__/components/features/templates/TemplateCard.test.tsx > TemplateCard > 鐐瑰嚮鐢熸垚鎸夐挳搴旇Е鍙?onGenerate
TestingLibraryElementError: Unable to find an element with the title: 鐢熸垚鏂囨。.

Ignored nodes: comments, script, style
<body>
  <div>
    <div
      class="bg-white border border-slate-200 rounded-xl p-5 shadow-sm hover:shadow-md hover:border-slate-300 transition-all duration-200"
    >
      <div
        class="flex items-start justify-between mb-3"
      >
        <div
          class="flex items-center gap-3 min-w-0"
        >
          <div
            class="w-10 h-10 rounded-lg flex items-center justify-center flex-shrink-0 bg-blue-50 text-blue-600"
          >
            <span
              data-testid="icon-FileText"
            >
              FileText
            </span>
          </div>
          <div
            class="min-w-0"
          >
            <h3
              class="text-sm font-semibold text-slate-800 truncate"
            >
              鏀跺叆鍚堝悓妯℃澘
            </h3>
            <div
              class="flex items-center gap-2 mt-0.5"
            >
              <span
                class="text-xs text-slate-400"
              >
                鍚堝悓妯℃澘
              </span>
              <span
                class="text-xs px-1.5 py-0.5 rounded bg-slate-100 text-slate-500 font-medium"
              >
                DOCX
              </span>
            </div>
          </div>
        </div>
      </div>
      <p
        class="text-xs text-slate-500 mb-3 line-clamp-2"
      >
        鏍囧噯鏀跺叆鍚堝悓妯℃澘
      </p>
      <div
        class="flex flex-wrap gap-1 mb-4"
      >
        <span
          class="px-1.5 py-0.5 rounded text-caption bg-slate-50 text-slate-500 border border-slate-100"
        >
          鐢叉柟
        </span>
        <span
          class="px-1.5 py-0.5 rounded text-caption bg-slate-50 text-slate-500 border border-slate-100"
        >
          涔欐柟
        </span>
      </div>
      <div
        class="flex items-center gap-1 pt-3 border-t border-slate-100"
      >
        <button
          class="bg-white text-slate-700 border border-slate-200 hover:bg-slate-50 active:bg-slate-100 shadow-sm px-3 py-1.5 text-sm gap-1.5"
        >
          <span
            data-testid="icon-Eye"
          >
            Eye
          </span>
           棰勮
        </button>
        <button
          class="bg-transparent text-slate-600 hover:bg-slate-100 px-3 py-1.5 text-sm gap-1.5 text-primary-600"
        >
          <span
            data-testid="icon-FileText"
          >
            FileText
          </span>
           鐢熸垚
        </button>
        <div
          class="flex-1"
        />
        <div
          class="inline-flex "
        >
          <button
            class="bg-transparent text-slate-600 hover:bg-slate-100 px-3 py-1.5 text-sm gap-1.5 text-slate-500"
          >
            <span
              data-testid="icon-Edit3"
            >
              Edit3
            </span>
          </button>
        </div>
        <div
          class="inline-flex "
        >
          <button
            class="bg-danger-500 text-white hover:bg-danger-600 active:bg-danger-700 shadow-sm hover:shadow-md px-3 py-1.5 text-sm gap-1.5"
          >
            <span
              data-testid="icon-Trash2"
            >
              Trash2
            </span>
          </button>
        </div>
      </div>
    </div>
  </div>
</body>
 鉂?[22m Object.getElementError node_modules/@testing-library/dom/dist/config.js:37:19
 鉂?[22m node_modules/@testing-library/dom/dist/query-helpers.js:76:38
 鉂?[22m node_modules/@testing-library/dom/dist/query-helpers.js:52:17
 鉂?[22m node_modules/@testing-library/dom/dist/query-helpers.js:95:19
 鉂?[22m src/__tests__/components/features/templates/TemplateCard.test.tsx:137:28
    135|       onGenerate: mockOnGenerate,
    136|     }))
    137|     fireEvent.click(screen.getByTitle('鐢熸垚鏂囨。'))
       |                            ^
    138|     expect(mockOnGenerate).toHaveBeenCalledWith(baseTemplate)
    139|   })

鈳幆鈳幆鈳幆鈳幆鈳幆鈳幆鈳幆鈳幆鈳幆鈳幆鈳痆40/173]鈳?[22m

 FAIL  src/__tests__/components/features/templates/TemplateCard.test.tsx > TemplateCard > 鐐瑰嚮缂栬緫鎸夐挳搴旇Е鍙?onEdit
TestingLibraryElementError: Unable to find an element with the title: 缂栬緫.

Ignored nodes: comments, script, style
<body>
  <div>
    <div
      class="bg-white border border-slate-200 rounded-xl p-5 shadow-sm hover:shadow-md hover:border-slate-300 transition-all duration-200"
    >
      <div
        class="flex items-start justify-between mb-3"
      >
        <div
          class="flex items-center gap-3 min-w-0"
        >
          <div
            class="w-10 h-10 rounded-lg flex items-center justify-center flex-shrink-0 bg-blue-50 text-blue-600"
          >
            <span
              data-testid="icon-FileText"
            >
              FileText
            </span>
          </div>
          <div
            class="min-w-0"
          >
            <h3
              class="text-sm font-semibold text-slate-800 truncate"
            >
              鏀跺叆鍚堝悓妯℃澘
            </h3>
            <div
              class="flex items-center gap-2 mt-0.5"
            >
              <span
                class="text-xs text-slate-400"
              >
                鍚堝悓妯℃澘
              </span>
              <span
                class="text-xs px-1.5 py-0.5 rounded bg-slate-100 text-slate-500 font-medium"
              >
                DOCX
              </span>
            </div>
          </div>
        </div>
      </div>
      <p
        class="text-xs text-slate-500 mb-3 line-clamp-2"
      >
        鏍囧噯鏀跺叆鍚堝悓妯℃澘
      </p>
      <div
        class="flex flex-wrap gap-1 mb-4"
      >
        <span
          class="px-1.5 py-0.5 rounded text-caption bg-slate-50 text-slate-500 border border-slate-100"
        >
          鐢叉柟
        </span>
        <span
          class="px-1.5 py-0.5 rounded text-caption bg-slate-50 text-slate-500 border border-slate-100"
        >
          涔欐柟
        </span>
      </div>
      <div
        class="flex items-center gap-1 pt-3 border-t border-slate-100"
      >
        <button
          class="bg-white text-slate-700 border border-slate-200 hover:bg-slate-50 active:bg-slate-100 shadow-sm px-3 py-1.5 text-sm gap-1.5"
        >
          <span
            data-testid="icon-Eye"
          >
            Eye
          </span>
           棰勮
        </button>
        <button
          class="bg-transparent text-slate-600 hover:bg-slate-100 px-3 py-1.5 text-sm gap-1.5 text-primary-600"
        >
          <span
            data-testid="icon-FileText"
          >
            FileText
          </span>
           鐢熸垚
        </button>
        <div
          class="flex-1"
        />
        <div
          class="inline-flex "
        >
          <button
            class="bg-transparent text-slate-600 hover:bg-slate-100 px-3 py-1.5 text-sm gap-1.5 text-slate-500"
          >
            <span
              data-testid="icon-Edit3"
            >
              Edit3
            </span>
          </button>
        </div>
        <div
          class="inline-flex "
        >
          <button
            class="bg-danger-500 text-white hover:bg-danger-600 active:bg-danger-700 shadow-sm hover:shadow-md px-3 py-1.5 text-sm gap-1.5"
          >
            <span
              data-testid="icon-Trash2"
            >
              Trash2
            </span>
          </button>
        </div>
      </div>
    </div>
  </div>
</body>
 鉂?[22m Object.getElementError node_modules/@testing-library/dom/dist/config.js:37:19
 鉂?[22m node_modules/@testing-library/dom/dist/query-helpers.js:76:38
 鉂?[22m node_modules/@testing-library/dom/dist/query-helpers.js:52:17
 鉂?[22m node_modules/@testing-library/dom/dist/query-helpers.js:95:19
 鉂?[22m src/__tests__/components/features/templates/TemplateCard.test.tsx:150:28
    148|       onGenerate: mockOnGenerate,
    149|     }))
    150|     fireEvent.click(screen.getByTitle('缂栬緫'))
       |                            ^
    151|     expect(mockOnEdit).toHaveBeenCalledWith(baseTemplate)
    152|   })

鈳幆鈳幆鈳幆鈳幆鈳幆鈳幆鈳幆鈳幆鈳幆鈳幆鈳痆41/173]鈳?[22m

 FAIL  src/__tests__/components/features/templates/TemplatePreview.test.tsx > TemplatePreview > 鍏抽棴鎸夐挳搴旇Е鍙?onClose
Error: Unable to fire a "click" event - please provide a DOM element.
 鉂?[22m createEvent node_modules/@testing-library/dom/dist/events.js:27:11
 鉂?[22m createEvent.<computed> [as click] node_modules/@testing-library/dom/dist/events.js:106:38
 鉂?[22m fireEvent.<computed> [as click] node_modules/@testing-library/dom/dist/events.js:110:68
 鉂?[22m fireEvent.<computed> [as click] node_modules/@testing-library/react/dist/fire-event.js:15:52
 鉂?[22m src/__tests__/components/features/templates/TemplatePreview.test.tsx:75:15
     73|     // 鐐瑰嚮 overlay 鑳屾櫙锛坒ixed inset-0 鍏冪礌锛?[39m
     74|     const overlay = container.querySelector('.fixed.inset-0')
     75|     fireEvent.click(overlay!)
       |               ^
     76|     await waitFor(() => {
     77|       expect(mockOnClose).toHaveBeenCalled()

鈳幆鈳幆鈳幆鈳幆鈳幆鈳幆鈳幆鈳幆鈳幆鈳幆鈳痆42/173]鈳?[22m

 FAIL  src/__tests__/components/features/wages/BankReceiptBatch.test.tsx > BankReceiptBatch > 蹇収鍖归厤
Error: Snapshot `BankReceiptBatch > 蹇収鍖归厤 1` mismatched

- Expected
+ Received

@@ -4,25 +4,25 @@
    >
      <div
        class="flex items-center justify-between"
      >
        <h2
-         class="text-2xl font-bold text-gray-900"
+         class="text-2xl font-bold text-slate-900"
        >
          閾惰鍥炲崟鎵归噺瑙ｆ瀽
        </h2>
        <button
-         class="px-4 py-2 text-sm font-medium text-gray-700 bg-white border border-gray-300 rounded-md hover:bg-gray-50"
+         class="px-4 py-2 text-sm font-medium text-slate-700 bg-white border border-slate-300 rounded-md hover:bg-slate-50"
        >
          杩斿洖
        </button>
      </div>
      <div
        class="
            relative border-2 border-dashed rounded-lg p-12 text-center cursor-pointer
            transition-colors duration-200
-           border-gray-300 bg-gray-50 hover:bg-gray-100
+           border-slate-300 bg-slate-50 hover:bg-slate-100
          "
      >
        <input
          accept=".jpg,.jpeg,.png,.pdf"
          class="hidden"
@@ -37,39 +37,39 @@
          >
            馃搫
          </div>
          <div>
            <p
-             class="text-lg font-medium text-gray-900"
+             class="text-lg font-medium text-slate-900"
            >
              鎷栨嫿鏂囦欢鍒版澶勶紝鎴?
              <span
                class="text-blue-600"
              >
                鐐瑰嚮閫夋嫨
              </span>
            </p>
            <p
-             class="text-sm text-gray-500 mt-1"
+             class="text-sm text-slate-500 mt-1"
            >
              鏀寔 jpg銆乸ng銆乸df 鏍煎紡锛屽彲澶氶€?[22m
            </p>
          </div>
        </div>
      </div>
      <div
        class="flex justify-end space-x-4"
      >
        <button
-         class="px-6 py-2 text-sm font-medium text-gray-700 bg-white border border-gray-300 rounded-md hover:bg-gray-50"
+         class="px-6 py-2 text-sm font-medium text-slate-700 bg-white border border-slate-300 rounded-md hover:bg-slate-50"
        >
          鍙栨秷
        </button>
        <button
          class="
              px-6 py-2 text-sm font-medium text-white rounded-md
-             bg-gray-400 cursor-not-allowed
+             bg-slate-400 cursor-not-allowed
            "
          disabled=""
        >
          寮€濮嬭В鏋?[22m
        </button>

 鉂?[22m src/__tests__/components/features/wages/BankReceiptBatch.test.tsx:55:23
     53|     const { default: BankReceiptBatch } = await importModule()
     54|     const { container } = render(<BankReceiptBatch {...defaultProps} /鈥?     55|     expect(container).toMatchSnapshot()
       |                       ^
     56|   })
     57| })

鈳幆鈳幆鈳幆鈳幆鈳幆鈳幆鈳幆鈳幆鈳幆鈳幆鈳痆43/173]鈳?[22m

 FAIL  src/__tests__/components/features/contracts/ContractFormModal.test.tsx > ContractFormModal 鈥?Package B1 > 鍙互濉啓鍚堝悓鍚嶇О
TypeError: Cannot read properties of null (reading 'disabled')
 鉂?[22m Object.type node_modules/@testing-library/user-event/dist/esm/utility/type.js:8:17
      6|     // TODO: properly type guard
      7|     // we use this workaround for now to prevent changing behavior
      8|     if (element.disabled) return;
       |                 ^
      9|     if (!skipClick) {
     10|         await this.click(element);
 鉂?[22m node_modules/@testing-library/user-event/dist/esm/setup/setup.js:83:35
 鉂?[22m Object.asyncWrapper node_modules/@testing-library/react/dist/pure.js:87:28
 鉂?[22m wrapAsync node_modules/@testing-library/user-event/dist/esm/setup/wrapAsync.js:6:24
 鉂?[22m Object.method [as type] node_modules/@testing-library/user-event/dist/esm/setup/setup.js:83:25
 鉂?[22m src/__tests__/components/features/contracts/ContractFormModal.test.tsx:260:16

鈳幆鈳幆鈳幆鈳幆鈳幆鈳幆鈳幆鈳幆鈳幆鈳幆鈳痆44/173]鈳?[22m

 FAIL  src/__tests__/components/features/contracts/ContractFormModal.test.tsx > ContractFormModal 鈥?Package B1 > 鍙互閫夋嫨鍏宠仈椤圭洰
TypeError: Cannot read properties of undefined (reading 'querySelectorAll')
 鉂?[22m Object.selectOptionsBase node_modules/@testing-library/user-event/dist/esm/utility/selectOptions.js:28:42
     26|         values
     27|     ];
     28|     const allOptions = Array.from(select.querySelectorAll('option, [ro鈥?       |                                          ^
     29|     const selectedOptions = valArray.map((val)=>{
     30|         if (typeof val !== 'string' && allOptions.includes(val)) {
 鉂?[22m Object.selectOptions node_modules/@testing-library/user-event/dist/esm/utility/selectOptions.js:16:30
 鉂?[22m node_modules/@testing-library/user-event/dist/esm/setup/setup.js:83:35
 鉂?[22m Object.asyncWrapper node_modules/@testing-library/react/dist/pure.js:87:28
 鉂?[22m wrapAsync node_modules/@testing-library/user-event/dist/esm/setup/wrapAsync.js:6:24
 鉂?[22m Object.method [as selectOptions] node_modules/@testing-library/user-event/dist/esm/setup/setup.js:83:25
 鉂?[22m src/__tests__/components/features/contracts/ContractFormModal.test.tsx:268:16

鈳幆鈳幆鈳幆鈳幆鈳幆鈳幆鈳幆鈳幆鈳幆鈳幆鈳痆45/173]鈳?[22m

 FAIL  src/__tests__/components/features/contracts/ContractFormModal.test.tsx > ContractFormModal 鈥?Package B1 > 鍙互濉啓鍚堝悓閲戦
TypeError: Cannot read properties of null (reading 'disabled')
 鉂?[22m Object.type node_modules/@testing-library/user-event/dist/esm/utility/type.js:8:17
      6|     // TODO: properly type guard
      7|     // we use this workaround for now to prevent changing behavior
      8|     if (element.disabled) return;
       |                 ^
      9|     if (!skipClick) {
     10|         await this.click(element);
 鉂?[22m node_modules/@testing-library/user-event/dist/esm/setup/setup.js:83:35
 鉂?[22m Object.asyncWrapper node_modules/@testing-library/react/dist/pure.js:87:28
 鉂?[22m wrapAsync node_modules/@testing-library/user-event/dist/esm/setup/wrapAsync.js:6:24
 鉂?[22m Object.method [as type] node_modules/@testing-library/user-event/dist/esm/setup/setup.js:83:25
 鉂?[22m src/__tests__/components/features/contracts/ContractFormModal.test.tsx:276:16

鈳幆鈳幆鈳幆鈳幆鈳幆鈳幆鈳幆鈳幆鈳幆鈳幆鈳痆46/173]鈳?[22m

 FAIL  src/__tests__/components/features/contracts/ContractFormModal.test.tsx > ContractFormModal 鈥?Package B1 > 鍚堝悓鍚嶇О涓虹┖鏃舵彁浜ゆ樉绀洪敊璇?toast
TypeError: Cannot read properties of undefined (reading 'querySelectorAll')
 鉂?[22m Object.selectOptionsBase node_modules/@testing-library/user-event/dist/esm/utility/selectOptions.js:28:42
     26|         values
     27|     ];
     28|     const allOptions = Array.from(select.querySelectorAll('option, [ro鈥?       |                                          ^
     29|     const selectedOptions = valArray.map((val)=>{
     30|         if (typeof val !== 'string' && allOptions.includes(val)) {
 鉂?[22m Object.selectOptions node_modules/@testing-library/user-event/dist/esm/utility/selectOptions.js:16:30
 鉂?[22m node_modules/@testing-library/user-event/dist/esm/setup/setup.js:83:35
 鉂?[22m Object.asyncWrapper node_modules/@testing-library/react/dist/pure.js:87:28
 鉂?[22m wrapAsync node_modules/@testing-library/user-event/dist/esm/setup/wrapAsync.js:6:24
 鉂?[22m Object.method [as selectOptions] node_modules/@testing-library/user-event/dist/esm/setup/setup.js:83:25
 鉂?[22m src/__tests__/components/features/contracts/ContractFormModal.test.tsx:288:16

鈳幆鈳幆鈳幆鈳幆鈳幆鈳幆鈳幆鈳幆鈳幆鈳幆鈳痆47/173]鈳?[22m

 FAIL  src/__tests__/components/features/contracts/ContractFormModal.test.tsx > ContractFormModal 鈥?Package B1 > 鏈€夋嫨椤圭洰鏃舵彁浜ゆ樉绀洪敊璇?toast
TypeError: Cannot read properties of null (reading 'disabled')
 鉂?[22m Object.type node_modules/@testing-library/user-event/dist/esm/utility/type.js:8:17
      6|     // TODO: properly type guard
      7|     // we use this workaround for now to prevent changing behavior
      8|     if (element.disabled) return;
       |                 ^
      9|     if (!skipClick) {
     10|         await this.click(element);
 鉂?[22m node_modules/@testing-library/user-event/dist/esm/setup/setup.js:83:35
 鉂?[22m Object.asyncWrapper node_modules/@testing-library/react/dist/pure.js:87:28
 鉂?[22m wrapAsync node_modules/@testing-library/user-event/dist/esm/setup/wrapAsync.js:6:24
 鉂?[22m Object.method [as type] node_modules/@testing-library/user-event/dist/esm/setup/setup.js:83:25
 鉂?[22m src/__tests__/components/features/contracts/ContractFormModal.test.tsx:304:16

鈳幆鈳幆鈳幆鈳幆鈳幆鈳幆鈳幆鈳幆鈳幆鈳幆鈳痆48/173]鈳?[22m

 FAIL  src/__tests__/components/features/contracts/ContractFormModal.test.tsx > ContractFormModal 鈥?Package B1 > 鍚堝悓閲戦涓?0 鏃讹紙闈炲崗璁被鍨嬶級鎻愪氦鏄剧ず閿欒 toast
TypeError: Cannot read properties of null (reading 'disabled')
 鉂?[22m Object.type node_modules/@testing-library/user-event/dist/esm/utility/type.js:8:17
      6|     // TODO: properly type guard
      7|     // we use this workaround for now to prevent changing behavior
      8|     if (element.disabled) return;
       |                 ^
      9|     if (!skipClick) {
     10|         await this.click(element);
 鉂?[22m node_modules/@testing-library/user-event/dist/esm/setup/setup.js:83:35
 鉂?[22m Object.asyncWrapper node_modules/@testing-library/react/dist/pure.js:87:28
 鉂?[22m wrapAsync node_modules/@testing-library/user-event/dist/esm/setup/wrapAsync.js:6:24
 鉂?[22m Object.method [as type] node_modules/@testing-library/user-event/dist/esm/setup/setup.js:83:25
 鉂?[22m src/__tests__/components/features/contracts/ContractFormModal.test.tsx:319:16

鈳幆鈳幆鈳幆鈳幆鈳幆鈳幆鈳幆鈳幆鈳幆鈳幆鈳痆49/173]鈳?[22m

 FAIL  src/__tests__/components/features/contracts/ContractFormModal.test.tsx > ContractFormModal 鈥?Package B1 > CREATE锛氬～鍐欏畬鏁磋〃鍗曞悗鎻愪氦璋冪敤 createContract
TypeError: Cannot read properties of null (reading 'disabled')
 鉂?[22m Object.type node_modules/@testing-library/user-event/dist/esm/utility/type.js:8:17
      6|     // TODO: properly type guard
      7|     // we use this workaround for now to prevent changing behavior
      8|     if (element.disabled) return;
       |                 ^
      9|     if (!skipClick) {
     10|         await this.click(element);
 鉂?[22m node_modules/@testing-library/user-event/dist/esm/setup/setup.js:83:35
 鉂?[22m Object.asyncWrapper node_modules/@testing-library/react/dist/pure.js:87:28
 鉂?[22m wrapAsync node_modules/@testing-library/user-event/dist/esm/setup/wrapAsync.js:6:24
 鉂?[22m Object.method [as type] node_modules/@testing-library/user-event/dist/esm/setup/setup.js:83:25
 鉂?[22m src/__tests__/components/features/contracts/ContractFormModal.test.tsx:337:16

鈳幆鈳幆鈳幆鈳幆鈳幆鈳幆鈳幆鈳幆鈳幆鈳幆鈳痆50/173]鈳?[22m

 FAIL  src/__tests__/components/features/contracts/ContractFormModal.test.tsx > ContractFormModal 鈥?Package B1 > CREATE 鎴愬姛鍚庤皟鐢?onClose 鍜?onSuccess
TypeError: Cannot read properties of null (reading 'disabled')
 鉂?[22m Object.type node_modules/@testing-library/user-event/dist/esm/utility/type.js:8:17
      6|     // TODO: properly type guard
      7|     // we use this workaround for now to prevent changing behavior
      8|     if (element.disabled) return;
       |                 ^
      9|     if (!skipClick) {
     10|         await this.click(element);
 鉂?[22m node_modules/@testing-library/user-event/dist/esm/setup/setup.js:83:35
 鉂?[22m Object.asyncWrapper node_modules/@testing-library/react/dist/pure.js:87:28
 鉂?[22m wrapAsync node_modules/@testing-library/user-event/dist/esm/setup/wrapAsync.js:6:24
 鉂?[22m Object.method [as type] node_modules/@testing-library/user-event/dist/esm/setup/setup.js:83:25
 鉂?[22m src/__tests__/components/features/contracts/ContractFormModal.test.tsx:353:16

鈳幆鈳幆鈳幆鈳幆鈳幆鈳幆鈳幆鈳幆鈳幆鈳幆鈳痆51/173]鈳?[22m

 FAIL  src/__tests__/components/features/contracts/ContractFormModal.test.tsx > ContractFormModal 鈥?Package B1 > CREATE 鎴愬姛鍚庢樉绀烘垚鍔?toast
TypeError: Cannot read properties of null (reading 'disabled')
 鉂?[22m Object.type node_modules/@testing-library/user-event/dist/esm/utility/type.js:8:17
      6|     // TODO: properly type guard
      7|     // we use this workaround for now to prevent changing behavior
      8|     if (element.disabled) return;
       |                 ^
      9|     if (!skipClick) {
     10|         await this.click(element);
 鉂?[22m node_modules/@testing-library/user-event/dist/esm/setup/setup.js:83:35
 鉂?[22m Object.asyncWrapper node_modules/@testing-library/react/dist/pure.js:87:28
 鉂?[22m wrapAsync node_modules/@testing-library/user-event/dist/esm/setup/wrapAsync.js:6:24
 鉂?[22m Object.method [as type] node_modules/@testing-library/user-event/dist/esm/setup/setup.js:83:25
 鉂?[22m src/__tests__/components/features/contracts/ContractFormModal.test.tsx:370:16

鈳幆鈳幆鈳幆鈳幆鈳幆鈳幆鈳幆鈳幆鈳幆鈳幆鈳痆52/173]鈳?[22m

 FAIL  src/__tests__/components/features/contracts/ContractFormModal.test.tsx > ContractFormModal 鈥?Package B1 > type=agreement 鏃堕噾棰濅负闈炲繀濉紙涓嶆姤閲戦閿欒锛?TypeError: Cannot read properties of null (reading 'disabled')
 鉂?[22m Object.type node_modules/@testing-library/user-event/dist/esm/utility/type.js:8:17
      6|     // TODO: properly type guard
      7|     // we use this workaround for now to prevent changing behavior
      8|     if (element.disabled) return;
       |                 ^
      9|     if (!skipClick) {
     10|         await this.click(element);
 鉂?[22m node_modules/@testing-library/user-event/dist/esm/setup/setup.js:83:35
 鉂?[22m Object.asyncWrapper node_modules/@testing-library/react/dist/pure.js:87:28
 鉂?[22m wrapAsync node_modules/@testing-library/user-event/dist/esm/setup/wrapAsync.js:6:24
 鉂?[22m Object.method [as type] node_modules/@testing-library/user-event/dist/esm/setup/setup.js:83:25
 鉂?[22m src/__tests__/components/features/contracts/ContractFormModal.test.tsx:435:16

鈳幆鈳幆鈳幆鈳幆鈳幆鈳幆鈳幆鈳幆鈳幆鈳幆鈳痆53/173]鈳?[22m


[2m  Snapshots [22m [1m[31m1 failed[39m[22m
[2m            [22m [1m[33m1 obsolete[39m[22m
[2m            [22m [90m鈫?[39m [2msrc/__tests__/components/features/costLedger/[22m[1mCostLedgerList[22m[2m.test.tsx[22m
[2m            [22m   [90m路[39m CostLedgerList > 蹇収鍖归厤 1

[2m Test Files [22m [1m[31m53 failed[39m[22m[2m | [22m[1m[32m85 passed[39m[22m[90m (138)[39m
[2m      Tests [22m [1m[31m149 failed[39m[22m[2m | [22m[1m[32m1039 passed[39m[22m[90m (1188)[39m
[2m   Start at [22m 00:30:23
[2m   Duration [22m 32.27s[2m (transform 12.29s, setup 20.40s, import 22.70s, tests 34.45s, environment 203.12s)[22m

